../cvxgen/solver.c:10:8:eval_gap	24	static
../cvxgen/solver.c:18:6:set_defaults	4	static
../cvxgen/solver.c:31:6:setup_pointers	4	static
../cvxgen/solver.c:37:6:setup_indexing	8	static
../cvxgen/solver.c:40:6:set_start	16	static
../cvxgen/solver.c:51:8:eval_objv	24	static
../cvxgen/solver.c:65:6:fillrhs_aff	32	static
../cvxgen/solver.c:92:6:fillrhs_cc	72	static
../cvxgen/solver.c:138:6:refine	40	static
../cvxgen/solver.c:182:8:calc_ineq_resid_squared	24	static
../cvxgen/solver.c:197:8:calc_eq_resid_squared	24	static
../cvxgen/solver.c:212:6:better_start	40	static
../cvxgen/solver.c:266:6:fillrhs_start	32	static
../cvxgen/solver.c:283:6:cvxgen_solve	48	static
