can.c:65:1:CAN1_TX_IRQHandler	8	static
can.c:65:1:CAN1_RX0_IRQHandler	8	static
can.c:65:1:CAN1_RX1_IRQHandler	8	static
can.c:65:1:CAN1_SCE_IRQHandler	8	static
can.c:65:1:CAN2_TX_IRQHandler	8	static
can.c:65:1:CAN2_RX0_IRQHandler	8	static
can.c:65:1:CAN2_RX1_IRQHandler	8	static
can.c:65:1:CAN2_SCE_IRQHandler	8	static
can.c:65:1:CAN3_TX_IRQHandler	8	static
can.c:65:1:CAN3_RX0_IRQHandler	8	static
can.c:65:1:CAN3_RX1_IRQHandler	8	static
can.c:65:1:CAN3_SCE_IRQHandler	8	static
can.c:76:17:cmr_canGPIOAF	16	static
can.c:106:19:cmr_canFromHandle	24	static
can.c:120:13:cmr_canTXCpltCallback	24	static
can.c:150:1:HAL_CAN_TxMailbox0CompleteCallback	16	static
can.c:150:1:HAL_CAN_TxMailbox0AbortCallback	16	static
can.c:151:1:HAL_CAN_TxMailbox1CompleteCallback	16	static
can.c:151:1:HAL_CAN_TxMailbox1AbortCallback	16	static
can.c:152:1:HAL_CAN_TxMailbox2CompleteCallback	16	static
can.c:152:1:HAL_CAN_TxMailbox2AbortCallback	16	static
can.c:161:6:HAL_CAN_ErrorCallback	32	static
can.c:194:12:cmr_canTimeout	32	static
can.c:226:5:cmr_canRXMetaTimeoutWarn	16	static
can.c:240:5:cmr_canRXMetaTimeoutError	16	static
can.c:256:25:cmr_canRXMetaFind	24	static
can.c:277:13:cmr_canRXData	40	static
can.c:303:13:cmr_canRXPendingCallback	56	static
can.c:325:1:HAL_CAN_RxFifo0MsgPendingCallback	16	static
can.c:326:1:HAL_CAN_RxFifo1MsgPendingCallback	16	static
can.c:347:6:cmr_canInit	56	static
can.c:480:6:cmr_canFilter	88	static
can.c:537:5:cmr_canTX	64	static
can.c:581:6:cmr_canFieldEnable	32	static
can.c:598:6:cmr_canFieldDisable	32	static
