Archive member included to satisfy reference by file (symbol)

c:/program files (x86)/atollic/truestudio for stm32 9.3.0/armtools/bin/../lib/gcc/arm-atollic-eabi/6.3.1/../../../../arm-atollic-eabi/lib/armv7e-m/fpu\libc_nano.a(lib_a-init.o)
                              stm32f413-drivers\CMSIS\startup_stm32f413xx.o (__libc_init_array)
c:/program files (x86)/atollic/truestudio for stm32 9.3.0/armtools/bin/../lib/gcc/arm-atollic-eabi/6.3.1/../../../../arm-atollic-eabi/lib/armv7e-m/fpu\libc_nano.a(lib_a-memcpy-stub.o)
                              stm32f413-drivers\CMR\can.o (memcpy)
c:/program files (x86)/atollic/truestudio for stm32 9.3.0/armtools/bin/../lib/gcc/arm-atollic-eabi/6.3.1/../../../../arm-atollic-eabi/lib/armv7e-m/fpu\libc_nano.a(lib_a-memset.o)
                              stm32f413-drivers\CMR\adc.o (memset)
c:/program files (x86)/atollic/truestudio for stm32 9.3.0/armtools/bin/../lib/gcc/arm-atollic-eabi/6.3.1/../../../../arm-atollic-eabi/lib/armv7e-m/fpu\libm.a(lib_a-w_log.o)
                              sensors.o (log)
c:/program files (x86)/atollic/truestudio for stm32 9.3.0/armtools/bin/../lib/gcc/arm-atollic-eabi/6.3.1/../../../../arm-atollic-eabi/lib/armv7e-m/fpu\libm.a(lib_a-e_log.o)
                              c:/program files (x86)/atollic/truestudio for stm32 9.3.0/armtools/bin/../lib/gcc/arm-atollic-eabi/6.3.1/../../../../arm-atollic-eabi/lib/armv7e-m/fpu\libm.a(lib_a-w_log.o) (__ieee754_log)
c:/program files (x86)/atollic/truestudio for stm32 9.3.0/armtools/bin/../lib/gcc/arm-atollic-eabi/6.3.1/../../../../arm-atollic-eabi/lib/armv7e-m/fpu\libm.a(lib_a-s_lib_ver.o)
                              c:/program files (x86)/atollic/truestudio for stm32 9.3.0/armtools/bin/../lib/gcc/arm-atollic-eabi/6.3.1/../../../../arm-atollic-eabi/lib/armv7e-m/fpu\libm.a(lib_a-w_log.o) (__fdlib_version)
c:/program files (x86)/atollic/truestudio for stm32 9.3.0/armtools/bin/../lib/gcc/arm-atollic-eabi/6.3.1/../../../../arm-atollic-eabi/lib/armv7e-m/fpu\libm.a(lib_a-s_matherr.o)
                              c:/program files (x86)/atollic/truestudio for stm32 9.3.0/armtools/bin/../lib/gcc/arm-atollic-eabi/6.3.1/../../../../arm-atollic-eabi/lib/armv7e-m/fpu\libm.a(lib_a-w_log.o) (matherr)
c:/program files (x86)/atollic/truestudio for stm32 9.3.0/armtools/bin/../lib/gcc/arm-atollic-eabi/6.3.1/../../../../arm-atollic-eabi/lib/armv7e-m/fpu\libm.a(lib_a-s_nan.o)
                              c:/program files (x86)/atollic/truestudio for stm32 9.3.0/armtools/bin/../lib/gcc/arm-atollic-eabi/6.3.1/../../../../arm-atollic-eabi/lib/armv7e-m/fpu\libm.a(lib_a-w_log.o) (nan)
c:/program files (x86)/atollic/truestudio for stm32 9.3.0/armtools/bin/../lib/gcc/arm-atollic-eabi/6.3.1/../../../../arm-atollic-eabi/lib/armv7e-m/fpu\libc_nano.a(lib_a-errno.o)
                              c:/program files (x86)/atollic/truestudio for stm32 9.3.0/armtools/bin/../lib/gcc/arm-atollic-eabi/6.3.1/../../../../arm-atollic-eabi/lib/armv7e-m/fpu\libm.a(lib_a-w_log.o) (__errno)
c:/program files (x86)/atollic/truestudio for stm32 9.3.0/armtools/bin/../lib/gcc/arm-atollic-eabi/6.3.1/../../../../arm-atollic-eabi/lib/armv7e-m/fpu\libc_nano.a(lib_a-impure.o)
                              c:/program files (x86)/atollic/truestudio for stm32 9.3.0/armtools/bin/../lib/gcc/arm-atollic-eabi/6.3.1/../../../../arm-atollic-eabi/lib/armv7e-m/fpu\libc_nano.a(lib_a-errno.o) (_impure_ptr)
c:/program files (x86)/atollic/truestudio for stm32 9.3.0/armtools/bin/../lib/gcc/arm-atollic-eabi/6.3.1/armv7e-m/fpu\libgcc.a(_arm_addsubdf3.o)
                              sensors.o (__aeabi_dsub)
c:/program files (x86)/atollic/truestudio for stm32 9.3.0/armtools/bin/../lib/gcc/arm-atollic-eabi/6.3.1/armv7e-m/fpu\libgcc.a(_arm_muldivdf3.o)
                              sensors.o (__aeabi_dmul)
c:/program files (x86)/atollic/truestudio for stm32 9.3.0/armtools/bin/../lib/gcc/arm-atollic-eabi/6.3.1/armv7e-m/fpu\libgcc.a(_arm_cmpdf2.o)
                              c:/program files (x86)/atollic/truestudio for stm32 9.3.0/armtools/bin/../lib/gcc/arm-atollic-eabi/6.3.1/../../../../arm-atollic-eabi/lib/armv7e-m/fpu\libm.a(lib_a-w_log.o) (__aeabi_dcmpeq)
c:/program files (x86)/atollic/truestudio for stm32 9.3.0/armtools/bin/../lib/gcc/arm-atollic-eabi/6.3.1/armv7e-m/fpu\libgcc.a(_arm_unorddf2.o)
                              c:/program files (x86)/atollic/truestudio for stm32 9.3.0/armtools/bin/../lib/gcc/arm-atollic-eabi/6.3.1/../../../../arm-atollic-eabi/lib/armv7e-m/fpu\libm.a(lib_a-w_log.o) (__aeabi_dcmpun)
c:/program files (x86)/atollic/truestudio for stm32 9.3.0/armtools/bin/../lib/gcc/arm-atollic-eabi/6.3.1/armv7e-m/fpu\libgcc.a(_arm_truncdfsf2.o)
                              sensors.o (__aeabi_d2f)
c:/program files (x86)/atollic/truestudio for stm32 9.3.0/armtools/bin/../lib/gcc/arm-atollic-eabi/6.3.1/armv7e-m/fpu\libgcc.a(_aeabi_uldivmod.o)
                              stm32f413-drivers\HAL\Src\stm32f4xx_hal_rcc.o (__aeabi_uldivmod)
[...]
Memory Configuration

Name             Origin             Length             Attributes
FLASH            0x08000000         0x00100000         xr
RAM              0x20000000         0x00050000         xrw
MEMORY_B1        0x60000000         0x00000000         xr
*default*        0x00000000         0xffffffff

Linker script and memory map

LOAD c:/program files (x86)/atollic/truestudio for stm32 9.3.0/armtools/bin/../lib/gcc/arm-atollic-eabi/6.3.1/armv7e-m/fpu/crti.o
LOAD c:/program files (x86)/atollic/truestudio for stm32 9.3.0/armtools/bin/../lib/gcc/arm-atollic-eabi/6.3.1/armv7e-m/fpu/crtbegin.o
LOAD adc.o
LOAD brakelight.o
LOAD can.o
LOAD fans.o
LOAD gpio.o
LOAD main.o
LOAD mc_power.o
LOAD pumps.o
LOAD sensors.o
LOAD stm32f413-drivers\CMR\adc.o
LOAD stm32f413-drivers\CMR\can.o
LOAD stm32f413-drivers\CMR\config.o
LOAD stm32f413-drivers\CMR\dma.o
LOAD stm32f413-drivers\CMR\gpio.o
LOAD stm32f413-drivers\CMR\i2c.o
LOAD stm32f413-drivers\CMR\interrupts.o
LOAD stm32f413-drivers\CMR\panic.o
LOAD stm32f413-drivers\CMR\pwm.o
LOAD stm32f413-drivers\CMR\qspi.o
LOAD stm32f413-drivers\CMR\rcc.o
LOAD stm32f413-drivers\CMR\sensors.o
LOAD stm32f413-drivers\CMR\spi.o
LOAD stm32f413-drivers\CMR\tasks.o
LOAD stm32f413-drivers\CMR\uart.o
LOAD stm32f413-drivers\CMSIS\startup_stm32f413xx.o
LOAD stm32f413-drivers\CMSIS\system_stm32f4xx.o
LOAD stm32f413-drivers\FreeRTOS\croutine.o
LOAD stm32f413-drivers\FreeRTOS\event_groups.o
LOAD stm32f413-drivers\FreeRTOS\list.o
LOAD stm32f413-drivers\FreeRTOS\portable\GCC\ARM_CM4F\port.o
LOAD stm32f413-drivers\FreeRTOS\queue.o
LOAD stm32f413-drivers\FreeRTOS\tasks.o
LOAD stm32f413-drivers\FreeRTOS\timers.o
LOAD stm32f413-drivers\HAL\Src\Legacy\stm32f4xx_hal_can.o
LOAD stm32f413-drivers\HAL\Src\stm32f4xx_hal.o
LOAD stm32f413-drivers\HAL\Src\stm32f4xx_hal_adc.o
LOAD stm32f413-drivers\HAL\Src\stm32f4xx_hal_adc_ex.o
LOAD stm32f413-drivers\HAL\Src\stm32f4xx_hal_can.o
LOAD stm32f413-drivers\HAL\Src\stm32f4xx_hal_cec.o
LOAD stm32f413-drivers\HAL\Src\stm32f4xx_hal_cortex.o
LOAD stm32f413-drivers\HAL\Src\stm32f4xx_hal_crc.o
LOAD stm32f413-drivers\HAL\Src\stm32f4xx_hal_cryp.o
LOAD stm32f413-drivers\HAL\Src\stm32f4xx_hal_cryp_ex.o
LOAD stm32f413-drivers\HAL\Src\stm32f4xx_hal_dac.o
LOAD stm32f413-drivers\HAL\Src\stm32f4xx_hal_dac_ex.o
LOAD stm32f413-drivers\HAL\Src\stm32f4xx_hal_dcmi.o
LOAD stm32f413-drivers\HAL\Src\stm32f4xx_hal_dcmi_ex.o
LOAD stm32f413-drivers\HAL\Src\stm32f4xx_hal_dfsdm.o
LOAD stm32f413-drivers\HAL\Src\stm32f4xx_hal_dma.o
LOAD stm32f413-drivers\HAL\Src\stm32f4xx_hal_dma2d.o
LOAD stm32f413-drivers\HAL\Src\stm32f4xx_hal_dma_ex.o
LOAD stm32f413-drivers\HAL\Src\stm32f4xx_hal_dsi.o
LOAD stm32f413-drivers\HAL\Src\stm32f4xx_hal_eth.o
LOAD stm32f413-drivers\HAL\Src\stm32f4xx_hal_exti.o
LOAD stm32f413-drivers\HAL\Src\stm32f4xx_hal_flash.o
LOAD stm32f413-drivers\HAL\Src\stm32f4xx_hal_flash_ex.o
LOAD stm32f413-drivers\HAL\Src\stm32f4xx_hal_flash_ramfunc.o
LOAD stm32f413-drivers\HAL\Src\stm32f4xx_hal_fmpi2c.o
LOAD stm32f413-drivers\HAL\Src\stm32f4xx_hal_fmpi2c_ex.o
LOAD stm32f413-drivers\HAL\Src\stm32f4xx_hal_gpio.o
LOAD stm32f413-drivers\HAL\Src\stm32f4xx_hal_hash.o
LOAD stm32f413-drivers\HAL\Src\stm32f4xx_hal_hash_ex.o
LOAD stm32f413-drivers\HAL\Src\stm32f4xx_hal_hcd.o
LOAD stm32f413-drivers\HAL\Src\stm32f4xx_hal_i2c.o
LOAD stm32f413-drivers\HAL\Src\stm32f4xx_hal_i2c_ex.o
LOAD stm32f413-drivers\HAL\Src\stm32f4xx_hal_i2s.o
LOAD stm32f413-drivers\HAL\Src\stm32f4xx_hal_i2s_ex.o
LOAD stm32f413-drivers\HAL\Src\stm32f4xx_hal_irda.o
LOAD stm32f413-drivers\HAL\Src\stm32f4xx_hal_iwdg.o
LOAD stm32f413-drivers\HAL\Src\stm32f4xx_hal_lptim.o
LOAD stm32f413-drivers\HAL\Src\stm32f4xx_hal_ltdc.o
LOAD stm32f413-drivers\HAL\Src\stm32f4xx_hal_ltdc_ex.o
LOAD stm32f413-drivers\HAL\Src\stm32f4xx_hal_mmc.o
LOAD stm32f413-drivers\HAL\Src\stm32f4xx_hal_nand.o
LOAD stm32f413-drivers\HAL\Src\stm32f4xx_hal_nor.o
LOAD stm32f413-drivers\HAL\Src\stm32f4xx_hal_pccard.o
LOAD stm32f413-drivers\HAL\Src\stm32f4xx_hal_pcd.o
LOAD stm32f413-drivers\HAL\Src\stm32f4xx_hal_pcd_ex.o
LOAD stm32f413-drivers\HAL\Src\stm32f4xx_hal_pwr.o
LOAD stm32f413-drivers\HAL\Src\stm32f4xx_hal_pwr_ex.o
LOAD stm32f413-drivers\HAL\Src\stm32f4xx_hal_qspi.o
LOAD stm32f413-drivers\HAL\Src\stm32f4xx_hal_rcc.o
LOAD stm32f413-drivers\HAL\Src\stm32f4xx_hal_rcc_ex.o
LOAD stm32f413-drivers\HAL\Src\stm32f4xx_hal_rng.o
LOAD stm32f413-drivers\HAL\Src\stm32f4xx_hal_rtc.o
LOAD stm32f413-drivers\HAL\Src\stm32f4xx_hal_rtc_ex.o
LOAD stm32f413-drivers\HAL\Src\stm32f4xx_hal_sai.o
LOAD stm32f413-drivers\HAL\Src\stm32f4xx_hal_sai_ex.o
LOAD stm32f413-drivers\HAL\Src\stm32f4xx_hal_sd.o
LOAD stm32f413-drivers\HAL\Src\stm32f4xx_hal_sdram.o
LOAD stm32f413-drivers\HAL\Src\stm32f4xx_hal_smartcard.o
LOAD stm32f413-drivers\HAL\Src\stm32f4xx_hal_smbus.o
LOAD stm32f413-drivers\HAL\Src\stm32f4xx_hal_spdifrx.o
LOAD stm32f413-drivers\HAL\Src\stm32f4xx_hal_spi.o
LOAD stm32f413-drivers\HAL\Src\stm32f4xx_hal_sram.o
LOAD stm32f413-drivers\HAL\Src\stm32f4xx_hal_tim.o
LOAD stm32f413-drivers\HAL\Src\stm32f4xx_hal_tim_ex.o
LOAD stm32f413-drivers\HAL\Src\stm32f4xx_hal_uart.o
LOAD stm32f413-drivers\HAL\Src\stm32f4xx_hal_usart.o
LOAD stm32f413-drivers\HAL\Src\stm32f4xx_hal_wwdg.o
LOAD stm32f413-drivers\HAL\Src\stm32f4xx_ll_adc.o
LOAD stm32f413-drivers\HAL\Src\stm32f4xx_ll_crc.o
LOAD stm32f413-drivers\HAL\Src\stm32f4xx_ll_dac.o
LOAD stm32f413-drivers\HAL\Src\stm32f4xx_ll_dma.o
LOAD stm32f413-drivers\HAL\Src\stm32f4xx_ll_dma2d.o
LOAD stm32f413-drivers\HAL\Src\stm32f4xx_ll_exti.o
LOAD stm32f413-drivers\HAL\Src\stm32f4xx_ll_fmc.o
LOAD stm32f413-drivers\HAL\Src\stm32f4xx_ll_fsmc.o
LOAD stm32f413-drivers\HAL\Src\stm32f4xx_ll_gpio.o
LOAD stm32f413-drivers\HAL\Src\stm32f4xx_ll_i2c.o
LOAD stm32f413-drivers\HAL\Src\stm32f4xx_ll_lptim.o
LOAD stm32f413-drivers\HAL\Src\stm32f4xx_ll_pwr.o
LOAD stm32f413-drivers\HAL\Src\stm32f4xx_ll_rcc.o
LOAD stm32f413-drivers\HAL\Src\stm32f4xx_ll_rng.o
LOAD stm32f413-drivers\HAL\Src\stm32f4xx_ll_rtc.o
LOAD stm32f413-drivers\HAL\Src\stm32f4xx_ll_sdmmc.o
LOAD stm32f413-drivers\HAL\Src\stm32f4xx_ll_spi.o
LOAD stm32f413-drivers\HAL\Src\stm32f4xx_ll_tim.o
LOAD stm32f413-drivers\HAL\Src\stm32f4xx_ll_usart.o
LOAD stm32f413-drivers\HAL\Src\stm32f4xx_ll_usb.o
LOAD stm32f413-drivers\HAL\Src\stm32f4xx_ll_utils.o
LOAD thermistor_table.o
                0x00000080                malloc_getpagesize_P = 0x80
START GROUP
LOAD c:/program files (x86)/atollic/truestudio for stm32 9.3.0/armtools/bin/../lib/gcc/arm-atollic-eabi/6.3.1/../../../../arm-atollic-eabi/lib/armv7e-m/fpu\libc_nano.a
LOAD c:/program files (x86)/atollic/truestudio for stm32 9.3.0/armtools/bin/../lib/gcc/arm-atollic-eabi/6.3.1/../../../../arm-atollic-eabi/lib/armv7e-m/fpu\libm.a
END GROUP
START GROUP
LOAD c:/program files (x86)/atollic/truestudio for stm32 9.3.0/armtools/bin/../lib/gcc/arm-atollic-eabi/6.3.1/armv7e-m/fpu\libgcc.a
LOAD c:/program files (x86)/atollic/truestudio for stm32 9.3.0/armtools/bin/../lib/gcc/arm-atollic-eabi/6.3.1/../../../../arm-atollic-eabi/lib/armv7e-m/fpu\libc_nano.a
END GROUP
START GROUP
LOAD c:/program files (x86)/atollic/truestudio for stm32 9.3.0/armtools/bin/../lib/gcc/arm-atollic-eabi/6.3.1/armv7e-m/fpu\libgcc.a
LOAD c:/program files (x86)/atollic/truestudio for stm32 9.3.0/armtools/bin/../lib/gcc/arm-atollic-eabi/6.3.1/../../../../arm-atollic-eabi/lib/armv7e-m/fpu\libc_nano.a
LOAD c:/program files (x86)/atollic/truestudio for stm32 9.3.0/armtools/bin/../lib/gcc/arm-atollic-eabi/6.3.1/../../../../arm-atollic-eabi/lib/armv7e-m/fpu\libnosys.a
END GROUP
START GROUP
LOAD c:/program files (x86)/atollic/truestudio for stm32 9.3.0/armtools/bin/../lib/gcc/arm-atollic-eabi/6.3.1/armv7e-m/fpu\libgcc.a
LOAD c:/program files (x86)/atollic/truestudio for stm32 9.3.0/armtools/bin/../lib/gcc/arm-atollic-eabi/6.3.1/../../../../arm-atollic-eabi/lib/armv7e-m/fpu\libc_nano.a
LOAD c:/program files (x86)/atollic/truestudio for stm32 9.3.0/armtools/bin/../lib/gcc/arm-atollic-eabi/6.3.1/../../../../arm-atollic-eabi/lib/armv7e-m/fpu\libnosys.a
END GROUP
LOAD c:/program files (x86)/atollic/truestudio for stm32 9.3.0/armtools/bin/../lib/gcc/arm-atollic-eabi/6.3.1/armv7e-m/fpu/crtend.o
LOAD c:/program files (x86)/atollic/truestudio for stm32 9.3.0/armtools/bin/../lib/gcc/arm-atollic-eabi/6.3.1/armv7e-m/fpu/crtn.o
                0x20050000                _estack = 0x20050000
                0x00000000                _Min_Heap_Size = 0x0
                0x00000400                _Min_Stack_Size = 0x400

.isr_vector     0x08000000      0x1d8
                0x08000000                . = ALIGN (0x4)
 *(.isr_vector)
 .isr_vector    0x08000000      0x1d8 stm32f413-drivers\CMSIS\startup_stm32f413xx.o
                0x08000000                g_pfnVectors
                0x080001d8                . = ALIGN (0x4)

.text           0x080001e0     0x57c4
                0x080001e0                . = ALIGN (0x4)
 *(.text)
 .text          0x080001e0       0x40 c:/program files (x86)/atollic/truestudio for stm32 9.3.0/armtools/bin/../lib/gcc/arm-atollic-eabi/6.3.1/armv7e-m/fpu/crtbegin.o
 .text          0x08000220      0x370 c:/program files (x86)/atollic/truestudio for stm32 9.3.0/armtools/bin/../lib/gcc/arm-atollic-eabi/6.3.1/armv7e-m/fpu\libgcc.a(_arm_addsubdf3.o)
                0x08000220                __aeabi_drsub
                0x08000228                __aeabi_dsub
                0x08000228                __subdf3
                0x0800022c                __aeabi_dadd
                0x0800022c                __adddf3
                0x080004a4                __floatunsidf
                0x080004a4                __aeabi_ui2d
                0x080004c4                __floatsidf
                0x080004c4                __aeabi_i2d
                0x080004e8                __aeabi_f2d
                0x080004e8                __extendsfdf2
                0x08000524                __floatundidf
                0x08000524                __aeabi_ul2d
                0x08000534                __floatdidf
                0x08000534                __aeabi_l2d
 .text          0x08000590      0x424 c:/program files (x86)/atollic/truestudio for stm32 9.3.0/armtools/bin/../lib/gcc/arm-atollic-eabi/6.3.1/armv7e-m/fpu\libgcc.a(_arm_muldivdf3.o)
                0x08000590                __aeabi_dmul
                0x08000590                __muldf3
                0x080007e4                __divdf3
                0x080007e4                __aeabi_ddiv
 .text          0x080009b4      0x110 c:/program files (x86)/atollic/truestudio for stm32 9.3.0/armtools/bin/../lib/gcc/arm-atollic-eabi/6.3.1/armv7e-m/fpu\libgcc.a(_arm_cmpdf2.o)
                0x080009b4                __gtdf2
                0x080009b4                __gedf2
                0x080009bc                __ltdf2
                0x080009bc                __ledf2
                0x080009c4                __nedf2
                0x080009c4                __eqdf2
                0x080009c4                __cmpdf2
                0x08000a40                __aeabi_cdrcmple
                0x08000a50                __aeabi_cdcmpeq
                0x08000a50                __aeabi_cdcmple
                0x08000a60                __aeabi_dcmpeq
                0x08000a74                __aeabi_dcmplt
                0x08000a88                __aeabi_dcmple
                0x08000a9c                __aeabi_dcmpge
                0x08000ab0                __aeabi_dcmpgt
 .text          0x08000ac4       0x2c c:/program files (x86)/atollic/truestudio for stm32 9.3.0/armtools/bin/../lib/gcc/arm-atollic-eabi/6.3.1/armv7e-m/fpu\libgcc.a(_arm_unorddf2.o)
                0x08000ac4                __unorddf2
                0x08000ac4                __aeabi_dcmpun
 .text          0x08000af0       0xa0 c:/program files (x86)/atollic/truestudio for stm32 9.3.0/armtools/bin/../lib/gcc/arm-atollic-eabi/6.3.1/armv7e-m/fpu\libgcc.a(_arm_truncdfsf2.o)
                0x08000af0                __truncdfsf2
                0x08000af0                __aeabi_d2f
 .text          0x08000b90       0x30 c:/program files (x86)/atollic/truestudio for stm32 9.3.0/armtools/bin/../lib/gcc/arm-atollic-eabi/6.3.1/armv7e-m/fpu\libgcc.a(_aeabi_uldivmod.o)
                0x08000b90                __aeabi_uldivmod
 .text          0x08000bc0      0x2dc c:/program files (x86)/atollic/truestudio for stm32 9.3.0/armtools/bin/../lib/gcc/arm-atollic-eabi/6.3.1/armv7e-m/fpu\libgcc.a(_udivmoddi4.o)
                0x08000bc0                __udivmoddi4
 .text          0x08000e9c        0x4 c:/program files (x86)/atollic/truestudio for stm32 9.3.0/armtools/bin/../lib/gcc/arm-atollic-eabi/6.3.1/armv7e-m/fpu\libgcc.a(_dvmd_tls.o)
                0x08000e9c                __aeabi_idiv0
                0x08000e9c                __aeabi_ldiv0
 *(.text*)
 .text.adcInit  0x08000ea0       0x18 adc.o
                0x08000ea0                adcInit
 .text.adcRead  0x08000eb8        0xc adc.o
                0x08000eb8                adcRead
 .text.canTX10Hz
                0x08000ec4      0x130 can.o
 .text.canTX100Hz
                0x08000ff4       0x78 can.o
 .text.canInit  0x0800106c       0x98 can.o
                0x0800106c                canInit
 .text.canGetPayload
                0x08001104       0x10 can.o
                0x08001104                canGetPayload
 .text.fanControl
                0x08001114      0x16c fans.o
 .text.fanInit  0x08001280       0x28 fans.o
                0x08001280                fanInit
 .text.gpioInit
                0x080012a8        0xc gpio.o
                0x080012a8                gpioInit
 .text.statusLED
                0x080012b4       0x28 main.o
 .text.startup.main
                0x080012dc       0x4c main.o
                0x080012dc                main
 .text.adcConvLoadVoltage_mV
                0x08001328       0x18 sensors.o
 .text.adcConvLoadCurrent_mA
                0x08001340        0x4 sensors.o
 .text.adcConvSwitchTemp_dC
                0x08001344       0x60 sensors.o
 *fill*         0x080013a4        0x4 
 .text.adcConvRadTherm_dC
                0x080013a8       0xc8 sensors.o
 .text.sensorsUpdate
                0x08001470       0x24 sensors.o
 .text.sampleADCSensor
                0x08001494       0x24 sensors.o
 .text.adcConvLogicVoltage_mV
                0x080014b8       0x18 sensors.o
 .text.sensorsInit
                0x080014d0       0x38 sensors.o
                0x080014d0                sensorsInit
 .text.cmr_adcSample
                0x08001508       0x4c stm32f413-drivers\CMR\adc.o
 .text.cmr_adcInit
                0x08001554       0xfc stm32f413-drivers\CMR\adc.o
                0x08001554                cmr_adcInit
 .text.cmr_adcRead
                0x08001650       0x10 stm32f413-drivers\CMR\adc.o
                0x08001650                cmr_adcRead
 .text.CAN1_TX_IRQHandler
                0x08001660        0xc stm32f413-drivers\CMR\can.o
                0x08001660                CAN1_TX_IRQHandler
 .text.CAN1_RX0_IRQHandler
                0x0800166c        0xc stm32f413-drivers\CMR\can.o
                0x0800166c                CAN1_RX0_IRQHandler
 .text.CAN1_RX1_IRQHandler
                0x08001678        0xc stm32f413-drivers\CMR\can.o
                0x08001678                CAN1_RX1_IRQHandler
 .text.CAN1_SCE_IRQHandler
                0x08001684        0xc stm32f413-drivers\CMR\can.o
                0x08001684                CAN1_SCE_IRQHandler
 .text.CAN2_TX_IRQHandler
                0x08001690        0xc stm32f413-drivers\CMR\can.o
                0x08001690                CAN2_TX_IRQHandler
 .text.CAN2_RX0_IRQHandler
                0x0800169c        0xc stm32f413-drivers\CMR\can.o
                0x0800169c                CAN2_RX0_IRQHandler
 .text.CAN2_RX1_IRQHandler
                0x080016a8        0xc stm32f413-drivers\CMR\can.o
                0x080016a8                CAN2_RX1_IRQHandler
 .text.CAN2_SCE_IRQHandler
                0x080016b4        0xc stm32f413-drivers\CMR\can.o
                0x080016b4                CAN2_SCE_IRQHandler
 .text.CAN3_TX_IRQHandler
                0x080016c0        0xc stm32f413-drivers\CMR\can.o
                0x080016c0                CAN3_TX_IRQHandler
 .text.CAN3_RX0_IRQHandler
                0x080016cc        0xc stm32f413-drivers\CMR\can.o
                0x080016cc                CAN3_RX0_IRQHandler
 .text.CAN3_RX1_IRQHandler
                0x080016d8        0xc stm32f413-drivers\CMR\can.o
                0x080016d8                CAN3_RX1_IRQHandler
 .text.CAN3_SCE_IRQHandler
                0x080016e4        0xc stm32f413-drivers\CMR\can.o
                0x080016e4                CAN3_SCE_IRQHandler
 .text.HAL_CAN_TxMailbox0CompleteCallback
                0x080016f0       0x38 stm32f413-drivers\CMR\can.o
                0x080016f0                HAL_CAN_TxMailbox0CompleteCallback
 .text.HAL_CAN_TxMailbox0AbortCallback
                0x08001728       0x38 stm32f413-drivers\CMR\can.o
                0x08001728                HAL_CAN_TxMailbox0AbortCallback
 .text.HAL_CAN_TxMailbox1CompleteCallback
                0x08001760       0x38 stm32f413-drivers\CMR\can.o
                0x08001760                HAL_CAN_TxMailbox1CompleteCallback
 .text.HAL_CAN_TxMailbox1AbortCallback
                0x08001798       0x38 stm32f413-drivers\CMR\can.o
                0x08001798                HAL_CAN_TxMailbox1AbortCallback
 .text.HAL_CAN_TxMailbox2CompleteCallback
                0x080017d0       0x38 stm32f413-drivers\CMR\can.o
                0x080017d0                HAL_CAN_TxMailbox2CompleteCallback
 .text.HAL_CAN_TxMailbox2AbortCallback
                0x08001808       0x38 stm32f413-drivers\CMR\can.o
                0x08001808                HAL_CAN_TxMailbox2AbortCallback
 .text.HAL_CAN_ErrorCallback
                0x08001840       0x50 stm32f413-drivers\CMR\can.o
                0x08001840                HAL_CAN_ErrorCallback
 .text.cmr_canRXMetaTimeoutWarn
                0x08001890       0x28 stm32f413-drivers\CMR\can.o
                0x08001890                cmr_canRXMetaTimeoutWarn
 .text.cmr_canRXMetaTimeoutError
                0x080018b8       0x28 stm32f413-drivers\CMR\can.o
                0x080018b8                cmr_canRXMetaTimeoutError
 .text.HAL_CAN_RxFifo0MsgPendingCallback
                0x080018e0       0x70 stm32f413-drivers\CMR\can.o
                0x080018e0                HAL_CAN_RxFifo0MsgPendingCallback
 .text.HAL_CAN_RxFifo1MsgPendingCallback
                0x08001950       0x70 stm32f413-drivers\CMR\can.o
                0x08001950                HAL_CAN_RxFifo1MsgPendingCallback
 .text.cmr_canInit
                0x080019c0      0x224 stm32f413-drivers\CMR\can.o
                0x080019c0                cmr_canInit
 .text.cmr_canFilter
                0x08001be4      0x108 stm32f413-drivers\CMR\can.o
                0x08001be4                cmr_canFilter
 .text.cmr_canTX
                0x08001cec       0x4c stm32f413-drivers\CMR\can.o
                0x08001cec                cmr_canTX
 .text.DMA1_Stream0_IRQHandler
                0x08001d38        0xc stm32f413-drivers\CMR\dma.o
                0x08001d38                DMA1_Stream0_IRQHandler
 .text.DMA1_Stream1_IRQHandler
                0x08001d44        0xc stm32f413-drivers\CMR\dma.o
                0x08001d44                DMA1_Stream1_IRQHandler
 .text.DMA1_Stream2_IRQHandler
                0x08001d50        0xc stm32f413-drivers\CMR\dma.o
                0x08001d50                DMA1_Stream2_IRQHandler
 .text.DMA1_Stream3_IRQHandler
                0x08001d5c        0xc stm32f413-drivers\CMR\dma.o
                0x08001d5c                DMA1_Stream3_IRQHandler
 .text.DMA1_Stream4_IRQHandler
                0x08001d68        0xc stm32f413-drivers\CMR\dma.o
                0x08001d68                DMA1_Stream4_IRQHandler
 .text.DMA1_Stream5_IRQHandler
                0x08001d74        0xc stm32f413-drivers\CMR\dma.o
                0x08001d74                DMA1_Stream5_IRQHandler
 .text.DMA1_Stream6_IRQHandler
                0x08001d80        0xc stm32f413-drivers\CMR\dma.o
                0x08001d80                DMA1_Stream6_IRQHandler
 .text.DMA1_Stream7_IRQHandler
                0x08001d8c        0xc stm32f413-drivers\CMR\dma.o
                0x08001d8c                DMA1_Stream7_IRQHandler
 .text.DMA2_Stream0_IRQHandler
                0x08001d98        0xc stm32f413-drivers\CMR\dma.o
                0x08001d98                DMA2_Stream0_IRQHandler
 .text.DMA2_Stream1_IRQHandler
                0x08001da4        0xc stm32f413-drivers\CMR\dma.o
                0x08001da4                DMA2_Stream1_IRQHandler
 .text.DMA2_Stream2_IRQHandler
                0x08001db0        0xc stm32f413-drivers\CMR\dma.o
                0x08001db0                DMA2_Stream2_IRQHandler
 .text.DMA2_Stream3_IRQHandler
                0x08001dbc        0xc stm32f413-drivers\CMR\dma.o
                0x08001dbc                DMA2_Stream3_IRQHandler
 .text.DMA2_Stream4_IRQHandler
                0x08001dc8        0xc stm32f413-drivers\CMR\dma.o
                0x08001dc8                DMA2_Stream4_IRQHandler
 .text.DMA2_Stream5_IRQHandler
                0x08001dd4        0xc stm32f413-drivers\CMR\dma.o
                0x08001dd4                DMA2_Stream5_IRQHandler
 .text.DMA2_Stream6_IRQHandler
                0x08001de0        0xc stm32f413-drivers\CMR\dma.o
                0x08001de0                DMA2_Stream6_IRQHandler
 .text.DMA2_Stream7_IRQHandler
                0x08001dec        0xc stm32f413-drivers\CMR\dma.o
                0x08001dec                DMA2_Stream7_IRQHandler
 .text.EXTI0_IRQHandler
                0x08001df8        0x8 stm32f413-drivers\CMR\gpio.o
                0x08001df8                EXTI0_IRQHandler
 .text.EXTI1_IRQHandler
                0x08001e00        0x8 stm32f413-drivers\CMR\gpio.o
                0x08001e00                EXTI1_IRQHandler
 .text.EXTI2_IRQHandler
                0x08001e08        0x8 stm32f413-drivers\CMR\gpio.o
                0x08001e08                EXTI2_IRQHandler
 .text.EXTI3_IRQHandler
                0x08001e10        0x8 stm32f413-drivers\CMR\gpio.o
                0x08001e10                EXTI3_IRQHandler
 .text.EXTI4_IRQHandler
                0x08001e18        0x8 stm32f413-drivers\CMR\gpio.o
                0x08001e18                EXTI4_IRQHandler
 .text.EXTI9_5_IRQHandler
                0x08001e20        0x8 stm32f413-drivers\CMR\gpio.o
                0x08001e20                EXTI9_5_IRQHandler
 .text.EXTI15_10_IRQHandler
                0x08001e28        0x8 stm32f413-drivers\CMR\gpio.o
                0x08001e28                EXTI15_10_IRQHandler
 .text.cmr_gpioPinInit
                0x08001e30       0x4c stm32f413-drivers\CMR\gpio.o
                0x08001e30                cmr_gpioPinInit
 .text.cmr_gpioWrite
                0x08001e7c       0x24 stm32f413-drivers\CMR\gpio.o
                0x08001e7c                cmr_gpioWrite
 .text.cmr_gpioToggle
                0x08001ea0       0x18 stm32f413-drivers\CMR\gpio.o
                0x08001ea0                cmr_gpioToggle
 .text.SysTick_Handler
                0x08001eb8       0x18 stm32f413-drivers\CMR\interrupts.o
                0x08001eb8                SysTick_Handler
 .text.NMI_Handler
                0x08001ed0        0x4 stm32f413-drivers\CMR\interrupts.o
                0x08001ed0                NMI_Handler
 .text.DebugMon_Handler
                0x08001ed4        0x4 stm32f413-drivers\CMR\interrupts.o
                0x08001ed4                DebugMon_Handler
 .text.cmr_panicSetup
                0x08001ed8        0x4 stm32f413-drivers\CMR\panic.o
                0x08001ed8                cmr_panicSetup
 .text.cmr_panic
                0x08001edc        0xc stm32f413-drivers\CMR\panic.o
                0x08001edc                cmr_panic
 .text.cmr_pwmInit
                0x08001ee8      0x20c stm32f413-drivers\CMR\pwm.o
                0x08001ee8                cmr_pwmInit
 .text.cmr_pwmSetDutyCycle
                0x080020f4       0x78 stm32f413-drivers\CMR\pwm.o
                0x080020f4                cmr_pwmSetDutyCycle
 .text.cmr_rccSystemClockEnable
                0x0800216c       0xac stm32f413-drivers\CMR\rcc.o
                0x0800216c                cmr_rccSystemClockEnable
 .text.cmr_rccGPIOClockEnable
                0x08002218      0x130 stm32f413-drivers\CMR\rcc.o
                0x08002218                cmr_rccGPIOClockEnable
 .text.cmr_rccADCClockEnable
                0x08002348       0x2c stm32f413-drivers\CMR\rcc.o
                0x08002348                cmr_rccADCClockEnable
 .text.cmr_rccCANClockEnable
                0x08002374       0x90 stm32f413-drivers\CMR\rcc.o
                0x08002374                cmr_rccCANClockEnable
 .text.cmr_rccTIMClockEnable
                0x08002404      0x1f8 stm32f413-drivers\CMR\rcc.o
                0x08002404                cmr_rccTIMClockEnable
 .text.cmr_sensorListInit
                0x080025fc       0x7c stm32f413-drivers\CMR\sensors.o
                0x080025fc                cmr_sensorListInit
 .text.cmr_sensorListUpdate
                0x08002678       0x50 stm32f413-drivers\CMR\sensors.o
                0x08002678                cmr_sensorListUpdate
 .text.cmr_sensorListGetValue
                0x080026c8       0x10 stm32f413-drivers\CMR\sensors.o
                0x080026c8                cmr_sensorListGetValue
 .text.cmr_taskInit
                0x080026d8       0x20 stm32f413-drivers\CMR\tasks.o
                0x080026d8                cmr_taskInit
 .text.vApplicationGetIdleTaskMemory
                0x080026f8       0x1c stm32f413-drivers\CMR\tasks.o
                0x080026f8                vApplicationGetIdleTaskMemory
 .text.Reset_Handler
                0x08002714       0x50 stm32f413-drivers\CMSIS\startup_stm32f413xx.o
                0x08002714                Reset_Handler
 .text.Default_Handler
                0x08002764        0x2 stm32f413-drivers\CMSIS\startup_stm32f413xx.o
                0x08002764                RTC_Alarm_IRQHandler
                0x08002764                TIM8_CC_IRQHandler
                0x08002764                UART8_IRQHandler
                0x08002764                FMPI2C1_EV_IRQHandler
                0x08002764                SPI4_IRQHandler
                0x08002764                TIM1_CC_IRQHandler
                0x08002764                HardFault_Handler
                0x08002764                PVD_IRQHandler
                0x08002764                SDIO_IRQHandler
                0x08002764                TAMP_STAMP_IRQHandler
                0x08002764                TIM8_TRG_COM_TIM14_IRQHandler
                0x08002764                DFSDM1_FLT1_IRQHandler
                0x08002764                TIM1_UP_TIM10_IRQHandler
                0x08002764                TIM8_UP_TIM13_IRQHandler
                0x08002764                I2C3_ER_IRQHandler
                0x08002764                I2C2_EV_IRQHandler
                0x08002764                FPU_IRQHandler
                0x08002764                UsageFault_Handler
                0x08002764                SPI1_IRQHandler
                0x08002764                TIM6_DAC_IRQHandler
                0x08002764                TIM1_BRK_TIM9_IRQHandler
                0x08002764                USART6_IRQHandler
                0x08002764                USART3_IRQHandler
                0x08002764                DFSDM2_FLT3_IRQHandler
                0x08002764                UART5_IRQHandler
                0x08002764                TIM4_IRQHandler
                0x08002764                QUADSPI_IRQHandler
                0x08002764                I2C1_EV_IRQHandler
                0x08002764                UART4_IRQHandler
                0x08002764                TIM3_IRQHandler
                0x08002764                RCC_IRQHandler
                0x08002764                UART9_IRQHandler
                0x08002764                TIM8_BRK_TIM12_IRQHandler
                0x08002764                Default_Handler
                0x08002764                ADC_IRQHandler
                0x08002764                DFSDM2_FLT0_IRQHandler
                0x08002764                SPI5_IRQHandler
                0x08002764                TIM7_IRQHandler
                0x08002764                TIM5_IRQHandler
                0x08002764                I2C3_EV_IRQHandler
                0x08002764                DFSDM2_FLT2_IRQHandler
                0x08002764                RTC_WKUP_IRQHandler
                0x08002764                SPI2_IRQHandler
                0x08002764                MemManage_Handler
                0x08002764                FMPI2C1_ER_IRQHandler
                0x08002764                DFSDM2_FLT1_IRQHandler
                0x08002764                RNG_IRQHandler
                0x08002764                FSMC_IRQHandler
                0x08002764                WWDG_IRQHandler
                0x08002764                TIM2_IRQHandler
                0x08002764                OTG_FS_WKUP_IRQHandler
                0x08002764                TIM1_TRG_COM_TIM11_IRQHandler
                0x08002764                UART7_IRQHandler
                0x08002764                USART2_IRQHandler
                0x08002764                DFSDM1_FLT0_IRQHandler
                0x08002764                I2C2_ER_IRQHandler
                0x08002764                FLASH_IRQHandler
                0x08002764                BusFault_Handler
                0x08002764                USART1_IRQHandler
                0x08002764                OTG_FS_IRQHandler
                0x08002764                SPI3_IRQHandler
                0x08002764                I2C1_ER_IRQHandler
                0x08002764                LPTIM1_IRQHandler
                0x08002764                UART10_IRQHandler
                0x08002764                SAI1_IRQHandler
 *fill*         0x08002766        0x2 
 .text.SystemInit
                0x08002768       0x50 stm32f413-drivers\CMSIS\system_stm32f4xx.o
                0x08002768                SystemInit
 .text.vListInitialise
                0x080027b8       0x18 stm32f413-drivers\FreeRTOS\list.o
                0x080027b8                vListInitialise
 .text.vListInitialiseItem
                0x080027d0        0x8 stm32f413-drivers\FreeRTOS\list.o
                0x080027d0                vListInitialiseItem
 .text.vListInsertEnd
                0x080027d8       0x20 stm32f413-drivers\FreeRTOS\list.o
                0x080027d8                vListInsertEnd
 .text.vListInsert
                0x080027f8       0x34 stm32f413-drivers\FreeRTOS\list.o
                0x080027f8                vListInsert
 .text.uxListRemove
                0x0800282c       0x28 stm32f413-drivers\FreeRTOS\list.o
                0x0800282c                uxListRemove
 .text.prvTaskExitError
                0x08002854       0x14 stm32f413-drivers\FreeRTOS\portable\GCC\ARM_CM4F\port.o
 .text.prvPortStartFirstTask
                0x08002868       0x20 stm32f413-drivers\FreeRTOS\portable\GCC\ARM_CM4F\port.o
 .text.vPortEnableVFP
                0x08002888       0x14 stm32f413-drivers\FreeRTOS\portable\GCC\ARM_CM4F\port.o
 .text.pxPortInitialiseStack
                0x0800289c       0x2c stm32f413-drivers\FreeRTOS\portable\GCC\ARM_CM4F\port.o
                0x0800289c                pxPortInitialiseStack
 *fill*         0x080028c8        0x8 
 .text.SVC_Handler
                0x080028d0       0x24 stm32f413-drivers\FreeRTOS\portable\GCC\ARM_CM4F\port.o
                0x080028d0                SVC_Handler
 .text.vPortEnterCritical
                0x080028f4       0x20 stm32f413-drivers\FreeRTOS\portable\GCC\ARM_CM4F\port.o
                0x080028f4                vPortEnterCritical
 .text.vPortExitCritical
                0x08002914       0x14 stm32f413-drivers\FreeRTOS\portable\GCC\ARM_CM4F\port.o
                0x08002914                vPortExitCritical
 *fill*         0x08002928        0x8 
 .text.PendSV_Handler
                0x08002930       0x64 stm32f413-drivers\FreeRTOS\portable\GCC\ARM_CM4F\port.o
                0x08002930                PendSV_Handler
 .text.xPortSysTickHandler
                0x08002994       0x2c stm32f413-drivers\FreeRTOS\portable\GCC\ARM_CM4F\port.o
                0x08002994                xPortSysTickHandler
 .text.vPortSetupTimerInterrupt
                0x080029c0       0x2c stm32f413-drivers\FreeRTOS\portable\GCC\ARM_CM4F\port.o
                0x080029c0                vPortSetupTimerInterrupt
 .text.xPortStartScheduler
                0x080029ec       0xa0 stm32f413-drivers\FreeRTOS\portable\GCC\ARM_CM4F\port.o
                0x080029ec                xPortStartScheduler
 .text.vPortValidateInterruptPriority
                0x08002a8c       0x14 stm32f413-drivers\FreeRTOS\portable\GCC\ARM_CM4F\port.o
                0x08002a8c                vPortValidateInterruptPriority
 .text.xQueueCreateCountingSemaphoreStatic
                0x08002aa0       0x58 stm32f413-drivers\FreeRTOS\queue.o
                0x08002aa0                xQueueCreateCountingSemaphoreStatic
 .text.xQueueGiveFromISR
                0x08002af8       0x68 stm32f413-drivers\FreeRTOS\queue.o
                0x08002af8                xQueueGiveFromISR
 .text.xQueueGenericReceive
                0x08002b60      0x368 stm32f413-drivers\FreeRTOS\queue.o
                0x08002b60                xQueueGenericReceive
 .text.prvIdleTask
                0x08002ec8       0x24 stm32f413-drivers\FreeRTOS\tasks.o
 .text.prvAddNewTaskToReadyList
                0x08002eec      0x110 stm32f413-drivers\FreeRTOS\tasks.o
 .text.xTaskCreateStatic
                0x08002ffc       0x94 stm32f413-drivers\FreeRTOS\tasks.o
                0x08002ffc                xTaskCreateStatic
 .text.vTaskStartScheduler
                0x08003090       0xc4 stm32f413-drivers\FreeRTOS\tasks.o
                0x08003090                vTaskStartScheduler
 .text.vTaskSuspendAll
                0x08003154       0x10 stm32f413-drivers\FreeRTOS\tasks.o
                0x08003154                vTaskSuspendAll
 .text.xTaskGetTickCount
                0x08003164        0xc stm32f413-drivers\FreeRTOS\tasks.o
                0x08003164                xTaskGetTickCount
 .text.xTaskGetTickCountFromISR
                0x08003170       0x10 stm32f413-drivers\FreeRTOS\tasks.o
                0x08003170                xTaskGetTickCountFromISR
 .text.xTaskIncrementTick
                0x08003180      0x148 stm32f413-drivers\FreeRTOS\tasks.o
                0x08003180                xTaskIncrementTick
 .text.xTaskResumeAll
                0x080032c8      0x118 stm32f413-drivers\FreeRTOS\tasks.o
                0x080032c8                xTaskResumeAll
 .text.vTaskDelayUntil
                0x080033e0       0xbc stm32f413-drivers\FreeRTOS\tasks.o
                0x080033e0                vTaskDelayUntil
 .text.vTaskSwitchContext
                0x0800349c       0x5c stm32f413-drivers\FreeRTOS\tasks.o
                0x0800349c                vTaskSwitchContext
 .text.vTaskPlaceOnEventList
                0x080034f8       0x90 stm32f413-drivers\FreeRTOS\tasks.o
                0x080034f8                vTaskPlaceOnEventList
 .text.xTaskRemoveFromEventList
                0x08003588       0x74 stm32f413-drivers\FreeRTOS\tasks.o
                0x08003588                xTaskRemoveFromEventList
 .text.vTaskSetTimeOutState
                0x080035fc       0x18 stm32f413-drivers\FreeRTOS\tasks.o
                0x080035fc                vTaskSetTimeOutState
 .text.xTaskCheckForTimeOut
                0x08003614       0x60 stm32f413-drivers\FreeRTOS\tasks.o
                0x08003614                xTaskCheckForTimeOut
 .text.vTaskMissedYield
                0x08003674        0xc stm32f413-drivers\FreeRTOS\tasks.o
                0x08003674                vTaskMissedYield
 .text.xTaskGetSchedulerState
                0x08003680       0x20 stm32f413-drivers\FreeRTOS\tasks.o
                0x08003680                xTaskGetSchedulerState
 .text.vTaskPriorityInherit
                0x080036a0       0x98 stm32f413-drivers\FreeRTOS\tasks.o
                0x080036a0                vTaskPriorityInherit
 .text.pvTaskIncrementMutexHeldCount
                0x08003738       0x18 stm32f413-drivers\FreeRTOS\tasks.o
                0x08003738                pvTaskIncrementMutexHeldCount
 .text.HAL_MspInit
                0x08003750        0x4 stm32f413-drivers\HAL\Src\stm32f4xx_hal.o
                0x08003750                HAL_MspInit
 .text.HAL_InitTick
                0x08003754       0x48 stm32f413-drivers\HAL\Src\stm32f4xx_hal.o
                0x08003754                HAL_InitTick
 .text.HAL_Init
                0x0800379c       0x34 stm32f413-drivers\HAL\Src\stm32f4xx_hal.o
                0x0800379c                HAL_Init
 .text.HAL_IncTick
                0x080037d0       0x18 stm32f413-drivers\HAL\Src\stm32f4xx_hal.o
                0x080037d0                HAL_IncTick
 .text.HAL_GetTick
                0x080037e8        0xc stm32f413-drivers\HAL\Src\stm32f4xx_hal.o
                0x080037e8                HAL_GetTick
 .text.HAL_ADC_MspInit
                0x080037f4        0x4 stm32f413-drivers\HAL\Src\stm32f4xx_hal_adc.o
                0x080037f4                HAL_ADC_MspInit
 .text.HAL_ADC_Init
                0x080037f8      0x160 stm32f413-drivers\HAL\Src\stm32f4xx_hal_adc.o
                0x080037f8                HAL_ADC_Init
 .text.HAL_ADC_Start
                0x08003958       0xd8 stm32f413-drivers\HAL\Src\stm32f4xx_hal_adc.o
                0x08003958                HAL_ADC_Start
 .text.HAL_ADC_PollForConversion
                0x08003a30       0xa4 stm32f413-drivers\HAL\Src\stm32f4xx_hal_adc.o
                0x08003a30                HAL_ADC_PollForConversion
 .text.HAL_ADC_GetValue
                0x08003ad4        0x8 stm32f413-drivers\HAL\Src\stm32f4xx_hal_adc.o
                0x08003ad4                HAL_ADC_GetValue
 .text.HAL_ADC_ConfigChannel
                0x08003adc      0x16c stm32f413-drivers\HAL\Src\stm32f4xx_hal_adc.o
                0x08003adc                HAL_ADC_ConfigChannel
 .text.HAL_CAN_MspInit
                0x08003c48        0x4 stm32f413-drivers\HAL\Src\stm32f4xx_hal_can.o
                0x08003c48                HAL_CAN_MspInit
 .text.HAL_CAN_Init
                0x08003c4c      0x104 stm32f413-drivers\HAL\Src\stm32f4xx_hal_can.o
                0x08003c4c                HAL_CAN_Init
 .text.HAL_CAN_ConfigFilter
                0x08003d50      0x138 stm32f413-drivers\HAL\Src\stm32f4xx_hal_can.o
                0x08003d50                HAL_CAN_ConfigFilter
 .text.HAL_CAN_Start
                0x08003e88       0x5c stm32f413-drivers\HAL\Src\stm32f4xx_hal_can.o
                0x08003e88                HAL_CAN_Start
 .text.HAL_CAN_AddTxMessage
                0x08003ee4       0xb0 stm32f413-drivers\HAL\Src\stm32f4xx_hal_can.o
                0x08003ee4                HAL_CAN_AddTxMessage
 .text.HAL_CAN_GetRxMessage
                0x08003f94      0x104 stm32f413-drivers\HAL\Src\stm32f4xx_hal_can.o
                0x08003f94                HAL_CAN_GetRxMessage
 .text.HAL_CAN_ActivateNotification
                0x08004098       0x24 stm32f413-drivers\HAL\Src\stm32f4xx_hal_can.o
                0x08004098                HAL_CAN_ActivateNotification
 .text.HAL_CAN_RxFifo0FullCallback
                0x080040bc        0x4 stm32f413-drivers\HAL\Src\stm32f4xx_hal_can.o
                0x080040bc                HAL_CAN_RxFifo0FullCallback
 .text.HAL_CAN_RxFifo1FullCallback
                0x080040c0        0x4 stm32f413-drivers\HAL\Src\stm32f4xx_hal_can.o
                0x080040c0                HAL_CAN_RxFifo1FullCallback
 .text.HAL_CAN_SleepCallback
                0x080040c4        0x4 stm32f413-drivers\HAL\Src\stm32f4xx_hal_can.o
                0x080040c4                HAL_CAN_SleepCallback
 .text.HAL_CAN_WakeUpFromRxMsgCallback
                0x080040c8        0x4 stm32f413-drivers\HAL\Src\stm32f4xx_hal_can.o
                0x080040c8                HAL_CAN_WakeUpFromRxMsgCallback
 .text.HAL_CAN_IRQHandler
                0x080040cc      0x254 stm32f413-drivers\HAL\Src\stm32f4xx_hal_can.o
                0x080040cc                HAL_CAN_IRQHandler
 .text.HAL_NVIC_SetPriorityGrouping
                0x08004320       0x24 stm32f413-drivers\HAL\Src\stm32f4xx_hal_cortex.o
                0x08004320                HAL_NVIC_SetPriorityGrouping
 .text.HAL_NVIC_SetPriority
                0x08004344       0x6c stm32f413-drivers\HAL\Src\stm32f4xx_hal_cortex.o
                0x08004344                HAL_NVIC_SetPriority
 .text.HAL_NVIC_EnableIRQ
                0x080043b0       0x1c stm32f413-drivers\HAL\Src\stm32f4xx_hal_cortex.o
                0x080043b0                HAL_NVIC_EnableIRQ
 .text.HAL_SYSTICK_Config
                0x080043cc       0x34 stm32f413-drivers\HAL\Src\stm32f4xx_hal_cortex.o
                0x080043cc                HAL_SYSTICK_Config
 .text.HAL_DMA_IRQHandler
                0x08004400      0x1a0 stm32f413-drivers\HAL\Src\stm32f4xx_hal_dma.o
                0x08004400                HAL_DMA_IRQHandler
 .text.HAL_GPIO_Init
                0x080045a0      0x210 stm32f413-drivers\HAL\Src\stm32f4xx_hal_gpio.o
                0x080045a0                HAL_GPIO_Init
 .text.HAL_GPIO_WritePin
                0x080047b0        0x8 stm32f413-drivers\HAL\Src\stm32f4xx_hal_gpio.o
                0x080047b0                HAL_GPIO_WritePin
 .text.HAL_GPIO_TogglePin
                0x080047b8       0x10 stm32f413-drivers\HAL\Src\stm32f4xx_hal_gpio.o
                0x080047b8                HAL_GPIO_TogglePin
 .text.HAL_GPIO_EXTI_Callback
                0x080047c8        0x4 stm32f413-drivers\HAL\Src\stm32f4xx_hal_gpio.o
                0x080047c8                HAL_GPIO_EXTI_Callback
 .text.HAL_GPIO_EXTI_IRQHandler
                0x080047cc       0x18 stm32f413-drivers\HAL\Src\stm32f4xx_hal_gpio.o
                0x080047cc                HAL_GPIO_EXTI_IRQHandler
 .text.HAL_RCC_GetSysClockFreq
                0x080047e4       0x6c stm32f413-drivers\HAL\Src\stm32f4xx_hal_rcc.o
                0x080047e4                HAL_RCC_GetSysClockFreq
 .text.HAL_RCC_ClockConfig
                0x08004850      0x134 stm32f413-drivers\HAL\Src\stm32f4xx_hal_rcc.o
                0x08004850                HAL_RCC_ClockConfig
 .text.HAL_RCC_OscConfig
                0x08004984      0x378 stm32f413-drivers\HAL\Src\stm32f4xx_hal_rcc_ex.o
                0x08004984                HAL_RCC_OscConfig
 .text.HAL_TIM_Base_MspInit
                0x08004cfc        0x4 stm32f413-drivers\HAL\Src\stm32f4xx_hal_tim.o
                0x08004cfc                HAL_TIM_Base_MspInit
 .text.HAL_TIM_Base_Init
                0x08004d00      0x144 stm32f413-drivers\HAL\Src\stm32f4xx_hal_tim.o
                0x08004d00                HAL_TIM_Base_Init
 .text.HAL_TIM_PWM_MspInit
                0x08004e44        0x4 stm32f413-drivers\HAL\Src\stm32f4xx_hal_tim.o
                0x08004e44                HAL_TIM_PWM_MspInit
 .text.HAL_TIM_PWM_Init
                0x08004e48      0x144 stm32f413-drivers\HAL\Src\stm32f4xx_hal_tim.o
                0x08004e48                HAL_TIM_PWM_Init
 .text.HAL_TIM_PWM_Start
                0x08004f8c       0x54 stm32f413-drivers\HAL\Src\stm32f4xx_hal_tim.o
                0x08004f8c                HAL_TIM_PWM_Start
 .text.HAL_TIM_PWM_Stop
                0x08004fe0       0x74 stm32f413-drivers\HAL\Src\stm32f4xx_hal_tim.o
                0x08004fe0                HAL_TIM_PWM_Stop
 .text.HAL_TIM_PWM_ConfigChannel
                0x08005054      0x20c stm32f413-drivers\HAL\Src\stm32f4xx_hal_tim.o
                0x08005054                HAL_TIM_PWM_ConfigChannel
 .text.HAL_TIM_ConfigClockSource
                0x08005260      0x14c stm32f413-drivers\HAL\Src\stm32f4xx_hal_tim.o
                0x08005260                HAL_TIM_ConfigClockSource
 .text.HAL_TIMEx_MasterConfigSynchronization
                0x080053ac       0x44 stm32f413-drivers\HAL\Src\stm32f4xx_hal_tim_ex.o
                0x080053ac                HAL_TIMEx_MasterConfigSynchronization
 .text.HAL_TIMEx_ConfigBreakDeadTime
                0x080053f0       0x54 stm32f413-drivers\HAL\Src\stm32f4xx_hal_tim_ex.o
                0x080053f0                HAL_TIMEx_ConfigBreakDeadTime
 .text.__libc_init_array
                0x08005444       0x48 c:/program files (x86)/atollic/truestudio for stm32 9.3.0/armtools/bin/../lib/gcc/arm-atollic-eabi/6.3.1/../../../../arm-atollic-eabi/lib/armv7e-m/fpu\libc_nano.a(lib_a-init.o)
                0x08005444                __libc_init_array
 .text.memcpy   0x0800548c       0x16 c:/program files (x86)/atollic/truestudio for stm32 9.3.0/armtools/bin/../lib/gcc/arm-atollic-eabi/6.3.1/../../../../arm-atollic-eabi/lib/armv7e-m/fpu\libc_nano.a(lib_a-memcpy-stub.o)
                0x0800548c                memcpy
 .text.memset   0x080054a2       0x10 c:/program files (x86)/atollic/truestudio for stm32 9.3.0/armtools/bin/../lib/gcc/arm-atollic-eabi/6.3.1/../../../../arm-atollic-eabi/lib/armv7e-m/fpu\libc_nano.a(lib_a-memset.o)
                0x080054a2                memset
 *fill*         0x080054b2        0x2 
 .text.log      0x080054b4      0x100 c:/program files (x86)/atollic/truestudio for stm32 9.3.0/armtools/bin/../lib/gcc/arm-atollic-eabi/6.3.1/../../../../arm-atollic-eabi/lib/armv7e-m/fpu\libm.a(lib_a-w_log.o)
                0x080054b4                log
 *fill*         0x080055b4        0x4 
 .text.__ieee754_log
                0x080055b8      0x3b0 c:/program files (x86)/atollic/truestudio for stm32 9.3.0/armtools/bin/../lib/gcc/arm-atollic-eabi/6.3.1/../../../../arm-atollic-eabi/lib/armv7e-m/fpu\libm.a(lib_a-e_log.o)
                0x080055b8                __ieee754_log
 .text.matherr  0x08005968        0x4 c:/program files (x86)/atollic/truestudio for stm32 9.3.0/armtools/bin/../lib/gcc/arm-atollic-eabi/6.3.1/../../../../arm-atollic-eabi/lib/armv7e-m/fpu\libm.a(lib_a-s_matherr.o)
                0x08005968                matherr
 *fill*         0x0800596c        0x4 
 .text.nan      0x08005970       0x10 c:/program files (x86)/atollic/truestudio for stm32 9.3.0/armtools/bin/../lib/gcc/arm-atollic-eabi/6.3.1/../../../../arm-atollic-eabi/lib/armv7e-m/fpu\libm.a(lib_a-s_nan.o)
                0x08005970                nan
 .text.__errno  0x08005980        0xc c:/program files (x86)/atollic/truestudio for stm32 9.3.0/armtools/bin/../lib/gcc/arm-atollic-eabi/6.3.1/../../../../arm-atollic-eabi/lib/armv7e-m/fpu\libc_nano.a(lib_a-errno.o)
                0x08005980                __errno
 *(.glue_7)
 .glue_7        0x0800598c        0x0 linker stubs
 *(.glue_7t)
 .glue_7t       0x0800598c        0x0 linker stubs
 *(.eh_frame)
 .eh_frame      0x0800598c        0x0 c:/program files (x86)/atollic/truestudio for stm32 9.3.0/armtools/bin/../lib/gcc/arm-atollic-eabi/6.3.1/armv7e-m/fpu/crtbegin.o
 *(.init)
 .init          0x0800598c        0x4 c:/program files (x86)/atollic/truestudio for stm32 9.3.0/armtools/bin/../lib/gcc/arm-atollic-eabi/6.3.1/armv7e-m/fpu/crti.o
                0x0800598c                _init
 .init          0x08005990        0x8 c:/program files (x86)/atollic/truestudio for stm32 9.3.0/armtools/bin/../lib/gcc/arm-atollic-eabi/6.3.1/armv7e-m/fpu/crtn.o
 *(.fini)
 .fini          0x08005998        0x4 c:/program files (x86)/atollic/truestudio for stm32 9.3.0/armtools/bin/../lib/gcc/arm-atollic-eabi/6.3.1/armv7e-m/fpu/crti.o
                0x08005998                _fini
 .fini          0x0800599c        0x8 c:/program files (x86)/atollic/truestudio for stm32 9.3.0/armtools/bin/../lib/gcc/arm-atollic-eabi/6.3.1/armv7e-m/fpu/crtn.o
                0x080059a4                . = ALIGN (0x4)
                0x080059a4                _etext = .

.vfp11_veneer   0x080059a4        0x0
 .vfp11_veneer  0x080059a4        0x0 linker stubs

.v4_bx          0x080059a4        0x0
 .v4_bx         0x080059a4        0x0 linker stubs

.iplt           0x080059a4        0x0
 .iplt          0x080059a4        0x0 c:/program files (x86)/atollic/truestudio for stm32 9.3.0/armtools/bin/../lib/gcc/arm-atollic-eabi/6.3.1/armv7e-m/fpu/crtbegin.o

.rodata         0x080059a4      0x5b4
                0x080059a4                . = ALIGN (0x4)
 *(.rodata)
 .rodata        0x080059a4       0x20 can.o
 .rodata        0x080059c4       0x48 fans.o
 .rodata        0x08005a0c       0x1c stm32f413-drivers\CMR\pwm.o
 *(.rodata*)
 .rodata.canInit.str1.4
                0x08005a28       0x19 can.o
 *fill*         0x08005a41        0x3 
 .rodata.fanInit.str1.4
                0x08005a44        0xb fans.o
 *fill*         0x08005a4f        0x1 
 .rodata.gpioPinConfigs
                0x08005a50       0xa8 gpio.o
 .rodata.main.str1.4
                0x08005af8       0x2a main.o
 *fill*         0x08005b22        0x2 
 .rodata.sensorsADCChannels
                0x08005b24        0xd sensors.o
 *fill*         0x08005b31        0x3 
 .rodata.sensorsInit.str1.4
                0x08005b34        0xf sensors.o
 *fill*         0x08005b43        0x1 
 .rodata.cmr_adcInit.str1.4
                0x08005b44       0x70 stm32f413-drivers\CMR\adc.o
 .rodata.HAL_CAN_TxMailbox0CompleteCallback.str1.4
                0x08005bb4       0x26 stm32f413-drivers\CMR\can.o
 *fill*         0x08005bda        0x2 
 .rodata.cmr_canFilter.str1.4
                0x08005bdc       0x37 stm32f413-drivers\CMR\can.o
 *fill*         0x08005c13        0x1 
 .rodata.cmr_canInit.str1.4
                0x08005c14       0x8f stm32f413-drivers\CMR\can.o
 *fill*         0x08005ca3        0x1 
 .rodata.cmr_canTX.str1.4
                0x08005ca4       0x36 stm32f413-drivers\CMR\can.o
 *fill*         0x08005cda        0x2 
 .rodata.cmr_pwmInit.str1.4
                0x08005cdc      0x122 stm32f413-drivers\CMR\pwm.o
 *fill*         0x08005dfe        0x2 
 .rodata.cmr_pwmSetDutyCycle.str1.4
                0x08005e00       0x7b stm32f413-drivers\CMR\pwm.o
 *fill*         0x08005e7b        0x1 
 .rodata.cmr_rccSystemClockEnable.str1.4
                0x08005e7c       0x3a stm32f413-drivers\CMR\rcc.o
 *fill*         0x08005eb6        0x2 
 .rodata.AHBPrescTable
                0x08005eb8       0x10 stm32f413-drivers\CMSIS\system_stm32f4xx.o
                0x08005eb8                AHBPrescTable
 .rodata.vTaskStartScheduler.str1.4
                0x08005ec8        0x8 stm32f413-drivers\FreeRTOS\tasks.o
                                  0x5 (size before relaxing)
 .rodata.thermTempConvsSwitch
                0x08005ed0       0x80 thermistor_table.o
                0x08005ed0                thermTempConvsSwitch
 .rodata.thermTempConvsSwitch_len
                0x08005f50        0x4 thermistor_table.o
                0x08005f50                thermTempConvsSwitch_len
 .rodata.log.str1.1
                0x08005f54        0x4 c:/program files (x86)/atollic/truestudio for stm32 9.3.0/armtools/bin/../lib/gcc/arm-atollic-eabi/6.3.1/../../../../arm-atollic-eabi/lib/armv7e-m/fpu\libm.a(lib_a-w_log.o)
                                  0x5 (size before relaxing)
                0x08005f58                . = ALIGN (0x4)

.ARM.extab
 *(.ARM.extab* .gnu.linkonce.armextab.*)

.ARM            0x08005f58        0x8
                0x08005f58                __exidx_start = .
 *(.ARM.exidx*)
 .ARM.exidx     0x08005f58        0x8 c:/program files (x86)/atollic/truestudio for stm32 9.3.0/armtools/bin/../lib/gcc/arm-atollic-eabi/6.3.1/armv7e-m/fpu\libgcc.a(_udivmoddi4.o)
                0x08005f60                __exidx_end = .

.rel.dyn        0x08005f60        0x0
 .rel.iplt      0x08005f60        0x0 c:/program files (x86)/atollic/truestudio for stm32 9.3.0/armtools/bin/../lib/gcc/arm-atollic-eabi/6.3.1/armv7e-m/fpu/crtbegin.o

.preinit_array  0x08005f60        0x0
                0x08005f60                PROVIDE (__preinit_array_start, .)
 *(.preinit_array*)
                0x08005f60                PROVIDE (__preinit_array_end, .)

.init_array     0x08005f60        0x4
                0x08005f60                PROVIDE (__init_array_start, .)
 *(SORT(.init_array.*))
 *(.init_array*)
 .init_array    0x08005f60        0x4 c:/program files (x86)/atollic/truestudio for stm32 9.3.0/armtools/bin/../lib/gcc/arm-atollic-eabi/6.3.1/armv7e-m/fpu/crtbegin.o
                0x08005f64                PROVIDE (__init_array_end, .)

.fini_array     0x08005f64        0x4
                [!provide]                PROVIDE (__fini_array_start, .)
 *(SORT(.fini_array.*))
 *(.fini_array*)
 .fini_array    0x08005f64        0x4 c:/program files (x86)/atollic/truestudio for stm32 9.3.0/armtools/bin/../lib/gcc/arm-atollic-eabi/6.3.1/armv7e-m/fpu/crtbegin.o
                [!provide]                PROVIDE (__fini_array_end, .)
                0x08005f68                _sidata = LOADADDR (.data)

.data           0x20000000      0x440 load address 0x08005f68
                0x20000000                . = ALIGN (0x4)
                0x20000000                _sdata = .
 *(.data)
 *(.data*)
 .data.adcChannels
                0x20000000      0x104 adc.o
 .data.canRXMeta
                0x20000104       0xa0 can.o
                0x20000104                canRXMeta
 .data.sensors  0x200001a4      0x208 sensors.o
 .data.outputCompareConfig.8170
                0x200003ac       0x1c stm32f413-drivers\CMR\pwm.o
 .data.SystemCoreClock
                0x200003c8        0x4 stm32f413-drivers\CMSIS\system_stm32f4xx.o
                0x200003c8                SystemCoreClock
 .data.uxCriticalNesting
                0x200003cc        0x4 stm32f413-drivers\FreeRTOS\portable\GCC\ARM_CM4F\port.o
 .data.uwTickFreq
                0x200003d0        0x1 stm32f413-drivers\HAL\Src\stm32f4xx_hal.o
                0x200003d0                uwTickFreq
 *fill*         0x200003d1        0x3 
 .data.uwTickPrio
                0x200003d4        0x4 stm32f413-drivers\HAL\Src\stm32f4xx_hal.o
                0x200003d4                uwTickPrio
 .data.__fdlib_version
                0x200003d8        0x1 c:/program files (x86)/atollic/truestudio for stm32 9.3.0/armtools/bin/../lib/gcc/arm-atollic-eabi/6.3.1/../../../../arm-atollic-eabi/lib/armv7e-m/fpu\libm.a(lib_a-s_lib_ver.o)
                0x200003d8                __fdlib_version
 *fill*         0x200003d9        0x3 
 .data._impure_ptr
                0x200003dc        0x4 c:/program files (x86)/atollic/truestudio for stm32 9.3.0/armtools/bin/../lib/gcc/arm-atollic-eabi/6.3.1/../../../../arm-atollic-eabi/lib/armv7e-m/fpu\libc_nano.a(lib_a-impure.o)
                0x200003dc                _impure_ptr
 .data.impure_data
                0x200003e0       0x60 c:/program files (x86)/atollic/truestudio for stm32 9.3.0/armtools/bin/../lib/gcc/arm-atollic-eabi/6.3.1/../../../../arm-atollic-eabi/lib/armv7e-m/fpu\libc_nano.a(lib_a-impure.o)
                0x20000440                . = ALIGN (0x4)
                0x20000440                _edata = .

.igot.plt       0x20000440        0x0 load address 0x080063a8
 .igot.plt      0x20000440        0x0 c:/program files (x86)/atollic/truestudio for stm32 9.3.0/armtools/bin/../lib/gcc/arm-atollic-eabi/6.3.1/armv7e-m/fpu/crtbegin.o
                0x20000440                . = ALIGN (0x4)

.bss            0x20000440     0x13d8 load address 0x080063a8
                0x20000440                _sbss = .
                0x20000440                __bss_start__ = _sbss
 *(.bss)
 .bss           0x20000440       0x1c c:/program files (x86)/atollic/truestudio for stm32 9.3.0/armtools/bin/../lib/gcc/arm-atollic-eabi/6.3.1/armv7e-m/fpu/crtbegin.o
 *(.bss*)
 .bss.adc       0x2000045c      0x2b0 adc.o
 .bss.can       0x2000070c       0x80 can.o
 .bss.canTX100Hz_task
                0x2000078c      0x260 can.o
 .bss.canTX10Hz_task
                0x200009ec      0x260 can.o
 .bss.channel_1_PWM
                0x20000c4c       0x44 fans.o
 .bss.channel_2_PWM
                0x20000c90       0x44 fans.o
 .bss.channel_3_PWM
                0x20000cd4       0x44 fans.o
 .bss.fanControl_task
                0x20000d18      0x260 fans.o
 .bss.statusLED_task
                0x20000f78      0x260 main.o
 .bss.sensorsUpdate_task
                0x200011d8      0x260 sensors.o
 .bss.cmr_canInterrupts
                0x20001438        0xc stm32f413-drivers\CMR\can.o
 .bss.cmr_dmaInterrupts
                0x20001444       0x40 stm32f413-drivers\CMR\dma.o
 .bss.cmr_gpioPinConfigs
                0x20001484        0x4 stm32f413-drivers\CMR\gpio.o
 .bss.cmr_gpioPinConfigsLen
                0x20001488        0x4 stm32f413-drivers\CMR\gpio.o
 .bss.stackBuf.5653
                0x2000148c      0x200 stm32f413-drivers\CMR\tasks.o
 .bss.taskBuf.5652
                0x2000168c       0x5c stm32f413-drivers\CMR\tasks.o
 .bss.ulMaxPRIGROUPValue
                0x200016e8        0x4 stm32f413-drivers\FreeRTOS\portable\GCC\ARM_CM4F\port.o
 .bss.pxCurrentTCB
                0x200016ec        0x4 stm32f413-drivers\FreeRTOS\tasks.o
                0x200016ec                pxCurrentTCB
 .bss.pxDelayedTaskList
                0x200016f0        0x4 stm32f413-drivers\FreeRTOS\tasks.o
 .bss.pxOverflowDelayedTaskList
                0x200016f4        0x4 stm32f413-drivers\FreeRTOS\tasks.o
 .bss.pxReadyTasksLists
                0x200016f8       0x8c stm32f413-drivers\FreeRTOS\tasks.o
 .bss.uxCurrentNumberOfTasks
                0x20001784        0x4 stm32f413-drivers\FreeRTOS\tasks.o
 .bss.uxPendedTicks
                0x20001788        0x4 stm32f413-drivers\FreeRTOS\tasks.o
 .bss.uxSchedulerSuspended
                0x2000178c        0x4 stm32f413-drivers\FreeRTOS\tasks.o
 .bss.uxTaskNumber
                0x20001790        0x4 stm32f413-drivers\FreeRTOS\tasks.o
 .bss.uxTopReadyPriority
                0x20001794        0x4 stm32f413-drivers\FreeRTOS\tasks.o
 .bss.xDelayedTaskList1
                0x20001798       0x14 stm32f413-drivers\FreeRTOS\tasks.o
 .bss.xDelayedTaskList2
                0x200017ac       0x14 stm32f413-drivers\FreeRTOS\tasks.o
 .bss.xNextTaskUnblockTime
                0x200017c0        0x4 stm32f413-drivers\FreeRTOS\tasks.o
 .bss.xNumOfOverflows
                0x200017c4        0x4 stm32f413-drivers\FreeRTOS\tasks.o
 .bss.xPendingReadyList
                0x200017c8       0x14 stm32f413-drivers\FreeRTOS\tasks.o
 .bss.xSchedulerRunning
                0x200017dc        0x4 stm32f413-drivers\FreeRTOS\tasks.o
 .bss.xSuspendedTaskList
                0x200017e0       0x14 stm32f413-drivers\FreeRTOS\tasks.o
 .bss.xTickCount
                0x200017f4        0x4 stm32f413-drivers\FreeRTOS\tasks.o
 .bss.xYieldPending
                0x200017f8        0x4 stm32f413-drivers\FreeRTOS\tasks.o
 *(COMMON)
 COMMON         0x200017fc        0xd can.o
                0x200017fc                channel_2_State
                0x200017fe                channel_1_State
                0x20001800                channel_3_State
                0x20001804                heartbeat
 *fill*         0x20001809        0x3 
 COMMON         0x2000180c        0x8 sensors.o
                0x2000180c                sensorList
 COMMON         0x20001814        0x4 stm32f413-drivers\HAL\Src\stm32f4xx_hal.o
                0x20001814                uwTick
                0x20001818                . = ALIGN (0x4)
                0x20001818                _ebss = .
                0x20001818                __bss_end__ = _ebss

._user_heap_stack
                0x20001818      0x400 load address 0x080063a8
                0x20001818                . = ALIGN (0x4)
                [!provide]                PROVIDE (end, .)
                [!provide]                PROVIDE (_end, .)
                0x20001818                . = (. + _Min_Heap_Size)
                0x20001c18                . = (. + _Min_Stack_Size)
 *fill*         0x20001818      0x400 
                0x20001c18                . = ALIGN (0x4)

.memory_b1_text
 *(.mb1text)
 *(.mb1text*)
 *(.mb1rodata)
 *(.mb1rodata*)

/DISCARD/
 libc.a(*)
 libm.a(*)
 libgcc.a(*)

.ARM.attributes
                0x00000000       0x30
 *(.ARM.attributes)
 .ARM.attributes
                0x00000000       0x22 c:/program files (x86)/atollic/truestudio for stm32 9.3.0/armtools/bin/../lib/gcc/arm-atollic-eabi/6.3.1/armv7e-m/fpu/crti.o
 .ARM.attributes
                0x00000022       0x34 c:/program files (x86)/atollic/truestudio for stm32 9.3.0/armtools/bin/../lib/gcc/arm-atollic-eabi/6.3.1/armv7e-m/fpu/crtbegin.o
 .ARM.attributes
                0x00000056       0x39 adc.o
 .ARM.attributes
                0x0000008f       0x39 can.o
 .ARM.attributes
                0x000000c8       0x39 fans.o
 .ARM.attributes
                0x00000101       0x39 gpio.o
 .ARM.attributes
                0x0000013a       0x39 main.o
 .ARM.attributes
                0x00000173       0x39 sensors.o
 .ARM.attributes
                0x000001ac       0x39 stm32f413-drivers\CMR\adc.o
 .ARM.attributes
                0x000001e5       0x39 stm32f413-drivers\CMR\can.o
 .ARM.attributes
                0x0000021e       0x39 stm32f413-drivers\CMR\dma.o
 .ARM.attributes
                0x00000257       0x39 stm32f413-drivers\CMR\gpio.o
 .ARM.attributes
                0x00000290       0x39 stm32f413-drivers\CMR\interrupts.o
 .ARM.attributes
                0x000002c9       0x39 stm32f413-drivers\CMR\panic.o
 .ARM.attributes
                0x00000302       0x39 stm32f413-drivers\CMR\pwm.o
 .ARM.attributes
                0x0000033b       0x39 stm32f413-drivers\CMR\rcc.o
 .ARM.attributes
                0x00000374       0x39 stm32f413-drivers\CMR\sensors.o
 .ARM.attributes
                0x000003ad       0x39 stm32f413-drivers\CMR\tasks.o
 .ARM.attributes
                0x000003e6       0x21 stm32f413-drivers\CMSIS\startup_stm32f413xx.o
 .ARM.attributes
                0x00000407       0x39 stm32f413-drivers\CMSIS\system_stm32f4xx.o
 .ARM.attributes
                0x00000440       0x39 stm32f413-drivers\FreeRTOS\list.o
 .ARM.attributes
                0x00000479       0x39 stm32f413-drivers\FreeRTOS\portable\GCC\ARM_CM4F\port.o
 .ARM.attributes
                0x000004b2       0x39 stm32f413-drivers\FreeRTOS\queue.o
 .ARM.attributes
                0x000004eb       0x39 stm32f413-drivers\FreeRTOS\tasks.o
 .ARM.attributes
                0x00000524       0x39 stm32f413-drivers\HAL\Src\stm32f4xx_hal.o
 .ARM.attributes
                0x0000055d       0x39 stm32f413-drivers\HAL\Src\stm32f4xx_hal_adc.o
 .ARM.attributes
                0x00000596       0x39 stm32f413-drivers\HAL\Src\stm32f4xx_hal_can.o
 .ARM.attributes
                0x000005cf       0x39 stm32f413-drivers\HAL\Src\stm32f4xx_hal_cortex.o
 .ARM.attributes
                0x00000608       0x39 stm32f413-drivers\HAL\Src\stm32f4xx_hal_dma.o
 .ARM.attributes
                0x00000641       0x39 stm32f413-drivers\HAL\Src\stm32f4xx_hal_gpio.o
 .ARM.attributes
                0x0000067a       0x39 stm32f413-drivers\HAL\Src\stm32f4xx_hal_rcc.o
 .ARM.attributes
                0x000006b3       0x39 stm32f413-drivers\HAL\Src\stm32f4xx_hal_rcc_ex.o
 .ARM.attributes
                0x000006ec       0x39 stm32f413-drivers\HAL\Src\stm32f4xx_hal_tim.o
 .ARM.attributes
                0x00000725       0x39 stm32f413-drivers\HAL\Src\stm32f4xx_hal_tim_ex.o
 .ARM.attributes
                0x0000075e       0x39 thermistor_table.o
 .ARM.attributes
                0x00000797       0x34 c:/program files (x86)/atollic/truestudio for stm32 9.3.0/armtools/bin/../lib/gcc/arm-atollic-eabi/6.3.1/../../../../arm-atollic-eabi/lib/armv7e-m/fpu\libc_nano.a(lib_a-init.o)
 .ARM.attributes
                0x000007cb       0x34 c:/program files (x86)/atollic/truestudio for stm32 9.3.0/armtools/bin/../lib/gcc/arm-atollic-eabi/6.3.1/../../../../arm-atollic-eabi/lib/armv7e-m/fpu\libc_nano.a(lib_a-memcpy-stub.o)
 .ARM.attributes
                0x000007ff       0x34 c:/program files (x86)/atollic/truestudio for stm32 9.3.0/armtools/bin/../lib/gcc/arm-atollic-eabi/6.3.1/../../../../arm-atollic-eabi/lib/armv7e-m/fpu\libc_nano.a(lib_a-memset.o)
 .ARM.attributes
                0x00000833       0x34 c:/program files (x86)/atollic/truestudio for stm32 9.3.0/armtools/bin/../lib/gcc/arm-atollic-eabi/6.3.1/../../../../arm-atollic-eabi/lib/armv7e-m/fpu\libm.a(lib_a-w_log.o)
 .ARM.attributes
                0x00000867       0x34 c:/program files (x86)/atollic/truestudio for stm32 9.3.0/armtools/bin/../lib/gcc/arm-atollic-eabi/6.3.1/../../../../arm-atollic-eabi/lib/armv7e-m/fpu\libm.a(lib_a-e_log.o)
 .ARM.attributes
                0x0000089b       0x34 c:/program files (x86)/atollic/truestudio for stm32 9.3.0/armtools/bin/../lib/gcc/arm-atollic-eabi/6.3.1/../../../../arm-atollic-eabi/lib/armv7e-m/fpu\libm.a(lib_a-s_lib_ver.o)
 .ARM.attributes
                0x000008cf       0x34 c:/program files (x86)/atollic/truestudio for stm32 9.3.0/armtools/bin/../lib/gcc/arm-atollic-eabi/6.3.1/../../../../arm-atollic-eabi/lib/armv7e-m/fpu\libm.a(lib_a-s_matherr.o)
 .ARM.attributes
                0x00000903       0x34 c:/program files (x86)/atollic/truestudio for stm32 9.3.0/armtools/bin/../lib/gcc/arm-atollic-eabi/6.3.1/../../../../arm-atollic-eabi/lib/armv7e-m/fpu\libm.a(lib_a-s_nan.o)
 .ARM.attributes
                0x00000937       0x34 c:/program files (x86)/atollic/truestudio for stm32 9.3.0/armtools/bin/../lib/gcc/arm-atollic-eabi/6.3.1/../../../../arm-atollic-eabi/lib/armv7e-m/fpu\libc_nano.a(lib_a-errno.o)
 .ARM.attributes
                0x0000096b       0x34 c:/program files (x86)/atollic/truestudio for stm32 9.3.0/armtools/bin/../lib/gcc/arm-atollic-eabi/6.3.1/../../../../arm-atollic-eabi/lib/armv7e-m/fpu\libc_nano.a(lib_a-impure.o)
 .ARM.attributes
                0x0000099f       0x22 c:/program files (x86)/atollic/truestudio for stm32 9.3.0/armtools/bin/../lib/gcc/arm-atollic-eabi/6.3.1/armv7e-m/fpu\libgcc.a(_arm_addsubdf3.o)
 .ARM.attributes
                0x000009c1       0x22 c:/program files (x86)/atollic/truestudio for stm32 9.3.0/armtools/bin/../lib/gcc/arm-atollic-eabi/6.3.1/armv7e-m/fpu\libgcc.a(_arm_muldivdf3.o)
 .ARM.attributes
                0x000009e3       0x22 c:/program files (x86)/atollic/truestudio for stm32 9.3.0/armtools/bin/../lib/gcc/arm-atollic-eabi/6.3.1/armv7e-m/fpu\libgcc.a(_arm_cmpdf2.o)
 .ARM.attributes
                0x00000a05       0x22 c:/program files (x86)/atollic/truestudio for stm32 9.3.0/armtools/bin/../lib/gcc/arm-atollic-eabi/6.3.1/armv7e-m/fpu\libgcc.a(_arm_unorddf2.o)
 .ARM.attributes
                0x00000a27       0x22 c:/program files (x86)/atollic/truestudio for stm32 9.3.0/armtools/bin/../lib/gcc/arm-atollic-eabi/6.3.1/armv7e-m/fpu\libgcc.a(_arm_truncdfsf2.o)
 .ARM.attributes
                0x00000a49       0x22 c:/program files (x86)/atollic/truestudio for stm32 9.3.0/armtools/bin/../lib/gcc/arm-atollic-eabi/6.3.1/armv7e-m/fpu\libgcc.a(_aeabi_uldivmod.o)
 .ARM.attributes
                0x00000a6b       0x34 c:/program files (x86)/atollic/truestudio for stm32 9.3.0/armtools/bin/../lib/gcc/arm-atollic-eabi/6.3.1/armv7e-m/fpu\libgcc.a(_udivmoddi4.o)
 .ARM.attributes
                0x00000a9f       0x22 c:/program files (x86)/atollic/truestudio for stm32 9.3.0/armtools/bin/../lib/gcc/arm-atollic-eabi/6.3.1/armv7e-m/fpu\libgcc.a(_dvmd_tls.o)
 .ARM.attributes
                0x00000ac1       0x22 c:/program files (x86)/atollic/truestudio for stm32 9.3.0/armtools/bin/../lib/gcc/arm-atollic-eabi/6.3.1/armv7e-m/fpu/crtn.o
OUTPUT(PTC-release.elf elf32-littlearm)

.debug_info     0x00000000    0x1d772
 .debug_info    0x00000000      0x9a4 adc.o
 .debug_info    0x000009a4     0x22b4 can.o
 .debug_info    0x00002c58      0xf30 fans.o
 .debug_info    0x00003b88      0x2fb gpio.o
 .debug_info    0x00003e83      0x8c8 main.o
 .debug_info    0x0000474b     0x141b sensors.o
 .debug_info    0x00005b66      0xcec stm32f413-drivers\CMR\adc.o
 .debug_info    0x00006852     0x262a stm32f413-drivers\CMR\can.o
 .debug_info    0x00008e7c      0xbb2 stm32f413-drivers\CMR\dma.o
 .debug_info    0x00009a2e      0x5ac stm32f413-drivers\CMR\gpio.o
 .debug_info    0x00009fda      0x1a0 stm32f413-drivers\CMR\interrupts.o
 .debug_info    0x0000a17a       0x77 stm32f413-drivers\CMR\panic.o
 .debug_info    0x0000a1f1      0xcf7 stm32f413-drivers\CMR\pwm.o
 .debug_info    0x0000aee8      0xe4a stm32f413-drivers\CMR\rcc.o
 .debug_info    0x0000bd32      0x630 stm32f413-drivers\CMR\sensors.o
 .debug_info    0x0000c362      0x3e0 stm32f413-drivers\CMR\tasks.o
 .debug_info    0x0000c742       0x84 stm32f413-drivers\CMSIS\startup_stm32f413xx.o
 .debug_info    0x0000c7c6      0x537 stm32f413-drivers\CMSIS\system_stm32f4xx.o
 .debug_info    0x0000ccfd      0xabe stm32f413-drivers\FreeRTOS\list.o
 .debug_info    0x0000d7bb      0x40a stm32f413-drivers\FreeRTOS\portable\GCC\ARM_CM4F\port.o
 .debug_info    0x0000dbc5     0x2442 stm32f413-drivers\FreeRTOS\queue.o
 .debug_info    0x00010007     0x210e stm32f413-drivers\FreeRTOS\tasks.o
 .debug_info    0x00012115      0xa71 stm32f413-drivers\HAL\Src\stm32f4xx_hal.o
 .debug_info    0x00012b86      0xdac stm32f413-drivers\HAL\Src\stm32f4xx_hal_adc.o
 .debug_info    0x00013932     0x10f4 stm32f413-drivers\HAL\Src\stm32f4xx_hal_can.o
 .debug_info    0x00014a26      0xf8b stm32f413-drivers\HAL\Src\stm32f4xx_hal_cortex.o
 .debug_info    0x000159b1      0xace stm32f413-drivers\HAL\Src\stm32f4xx_hal_dma.o
 .debug_info    0x0001647f      0x7dd stm32f413-drivers\HAL\Src\stm32f4xx_hal_gpio.o
 .debug_info    0x00016c5c      0xab5 stm32f413-drivers\HAL\Src\stm32f4xx_hal_rcc.o
 .debug_info    0x00017711      0xa0d stm32f413-drivers\HAL\Src\stm32f4xx_hal_rcc_ex.o
 .debug_info    0x0001811e     0x3d6c stm32f413-drivers\HAL\Src\stm32f4xx_hal_tim.o
 .debug_info    0x0001be8a     0x1797 stm32f413-drivers\HAL\Src\stm32f4xx_hal_tim_ex.o
 .debug_info    0x0001d621      0x151 thermistor_table.o

.debug_abbrev   0x00000000     0x4afd
 .debug_abbrev  0x00000000      0x1cd adc.o
 .debug_abbrev  0x000001cd      0x3b8 can.o
 .debug_abbrev  0x00000585      0x217 fans.o
 .debug_abbrev  0x0000079c      0x151 gpio.o
 .debug_abbrev  0x000008ed      0x1e5 main.o
 .debug_abbrev  0x00000ad2      0x3ed sensors.o
 .debug_abbrev  0x00000ebf      0x2be stm32f413-drivers\CMR\adc.o
 .debug_abbrev  0x0000117d      0x4e0 stm32f413-drivers\CMR\can.o
 .debug_abbrev  0x0000165d      0x1c3 stm32f413-drivers\CMR\dma.o
 .debug_abbrev  0x00001820      0x1f4 stm32f413-drivers\CMR\gpio.o
 .debug_abbrev  0x00001a14       0xfe stm32f413-drivers\CMR\interrupts.o
 .debug_abbrev  0x00001b12       0x83 stm32f413-drivers\CMR\panic.o
 .debug_abbrev  0x00001b95      0x21a stm32f413-drivers\CMR\pwm.o
 .debug_abbrev  0x00001daf      0x1df stm32f413-drivers\CMR\rcc.o
 .debug_abbrev  0x00001f8e      0x1ef stm32f413-drivers\CMR\sensors.o
 .debug_abbrev  0x0000217d      0x170 stm32f413-drivers\CMR\tasks.o
 .debug_abbrev  0x000022ed       0x12 stm32f413-drivers\CMSIS\startup_stm32f413xx.o
 .debug_abbrev  0x000022ff      0x10e stm32f413-drivers\CMSIS\system_stm32f4xx.o
 .debug_abbrev  0x0000240d      0x1e3 stm32f413-drivers\FreeRTOS\list.o
 .debug_abbrev  0x000025f0      0x21e stm32f413-drivers\FreeRTOS\portable\GCC\ARM_CM4F\port.o
 .debug_abbrev  0x0000280e      0x3b6 stm32f413-drivers\FreeRTOS\queue.o
 .debug_abbrev  0x00002bc4      0x431 stm32f413-drivers\FreeRTOS\tasks.o
 .debug_abbrev  0x00002ff5      0x23d stm32f413-drivers\HAL\Src\stm32f4xx_hal.o
 .debug_abbrev  0x00003232      0x2b0 stm32f413-drivers\HAL\Src\stm32f4xx_hal_adc.o
 .debug_abbrev  0x000034e2      0x2dc stm32f413-drivers\HAL\Src\stm32f4xx_hal_can.o
 .debug_abbrev  0x000037be      0x314 stm32f413-drivers\HAL\Src\stm32f4xx_hal_cortex.o
 .debug_abbrev  0x00003ad2      0x303 stm32f413-drivers\HAL\Src\stm32f4xx_hal_dma.o
 .debug_abbrev  0x00003dd5      0x1ef stm32f413-drivers\HAL\Src\stm32f4xx_hal_gpio.o
 .debug_abbrev  0x00003fc4      0x2be stm32f413-drivers\HAL\Src\stm32f4xx_hal_rcc.o
 .debug_abbrev  0x00004282      0x1bf stm32f413-drivers\HAL\Src\stm32f4xx_hal_rcc_ex.o
 .debug_abbrev  0x00004441      0x343 stm32f413-drivers\HAL\Src\stm32f4xx_hal_tim.o
 .debug_abbrev  0x00004784      0x2ea stm32f413-drivers\HAL\Src\stm32f4xx_hal_tim_ex.o
 .debug_abbrev  0x00004a6e       0x8f thermistor_table.o

.debug_loc      0x00000000     0xed03
 .debug_loc     0x00000000       0x21 adc.o
 .debug_loc     0x00000021      0x4e7 can.o
 .debug_loc     0x00000508       0x21 fans.o
 .debug_loc     0x00000529       0x21 main.o
 .debug_loc     0x0000054a      0x75a sensors.o
 .debug_loc     0x00000ca4      0x244 stm32f413-drivers\CMR\adc.o
 .debug_loc     0x00000ee8      0xfd6 stm32f413-drivers\CMR\can.o
 .debug_loc     0x00001ebe      0x1b6 stm32f413-drivers\CMR\dma.o
 .debug_loc     0x00002074      0x189 stm32f413-drivers\CMR\gpio.o
 .debug_loc     0x000021fd      0x124 stm32f413-drivers\CMR\pwm.o
 .debug_loc     0x00002321      0x2bb stm32f413-drivers\CMR\sensors.o
 .debug_loc     0x000025dc       0xda stm32f413-drivers\CMR\tasks.o
 .debug_loc     0x000026b6      0x14c stm32f413-drivers\CMSIS\system_stm32f4xx.o
 .debug_loc     0x00002802       0x69 stm32f413-drivers\FreeRTOS\list.o
 .debug_loc     0x0000286b       0xa2 stm32f413-drivers\FreeRTOS\portable\GCC\ARM_CM4F\port.o
 .debug_loc     0x0000290d     0x1520 stm32f413-drivers\FreeRTOS\queue.o
 .debug_loc     0x00003e2d     0x11af stm32f413-drivers\FreeRTOS\tasks.o
 .debug_loc     0x00004fdc      0x11c stm32f413-drivers\HAL\Src\stm32f4xx_hal.o
 .debug_loc     0x000050f8      0x8bc stm32f413-drivers\HAL\Src\stm32f4xx_hal_adc.o
 .debug_loc     0x000059b4      0xcb4 stm32f413-drivers\HAL\Src\stm32f4xx_hal_can.o
 .debug_loc     0x00006668      0x682 stm32f413-drivers\HAL\Src\stm32f4xx_hal_cortex.o
 .debug_loc     0x00006cea      0x818 stm32f413-drivers\HAL\Src\stm32f4xx_hal_dma.o
 .debug_loc     0x00007502      0x46c stm32f413-drivers\HAL\Src\stm32f4xx_hal_gpio.o
 .debug_loc     0x0000796e      0x3b1 stm32f413-drivers\HAL\Src\stm32f4xx_hal_rcc.o
 .debug_loc     0x00007d1f      0x697 stm32f413-drivers\HAL\Src\stm32f4xx_hal_rcc_ex.o
 .debug_loc     0x000083b6     0x5791 stm32f413-drivers\HAL\Src\stm32f4xx_hal_tim.o
 .debug_loc     0x0000db47     0x11bc stm32f413-drivers\HAL\Src\stm32f4xx_hal_tim_ex.o

.debug_aranges  0x00000000      0xf18
 .debug_aranges
                0x00000000       0x28 adc.o
 .debug_aranges
                0x00000028       0x40 can.o
 .debug_aranges
                0x00000068       0x28 fans.o
 .debug_aranges
                0x00000090       0x20 gpio.o
 .debug_aranges
                0x000000b0       0x28 main.o
 .debug_aranges
                0x000000d8       0x58 sensors.o
 .debug_aranges
                0x00000130       0x30 stm32f413-drivers\CMR\adc.o
 .debug_aranges
                0x00000160       0x88 stm32f413-drivers\CMR\can.o
 .debug_aranges
                0x000001e8       0xa0 stm32f413-drivers\CMR\dma.o
 .debug_aranges
                0x00000288       0x78 stm32f413-drivers\CMR\gpio.o
 .debug_aranges
                0x00000300       0x28 stm32f413-drivers\CMR\interrupts.o
 .debug_aranges
                0x00000328       0x28 stm32f413-drivers\CMR\panic.o
 .debug_aranges
                0x00000350       0x28 stm32f413-drivers\CMR\pwm.o
 .debug_aranges
                0x00000378       0x40 stm32f413-drivers\CMR\rcc.o
 .debug_aranges
                0x000003b8       0x40 stm32f413-drivers\CMR\sensors.o
 .debug_aranges
                0x000003f8       0x38 stm32f413-drivers\CMR\tasks.o
 .debug_aranges
                0x00000430       0x28 stm32f413-drivers\CMSIS\startup_stm32f413xx.o
 .debug_aranges
                0x00000458       0x28 stm32f413-drivers\CMSIS\system_stm32f4xx.o
 .debug_aranges
                0x00000480       0x40 stm32f413-drivers\FreeRTOS\list.o
 .debug_aranges
                0x000004c0       0x80 stm32f413-drivers\FreeRTOS\portable\GCC\ARM_CM4F\port.o
 .debug_aranges
                0x00000540       0xb0 stm32f413-drivers\FreeRTOS\queue.o
 .debug_aranges
                0x000005f0      0x100 stm32f413-drivers\FreeRTOS\tasks.o
 .debug_aranges
                0x000006f0       0xe8 stm32f413-drivers\HAL\Src\stm32f4xx_hal.o
 .debug_aranges
                0x000007d8       0xb8 stm32f413-drivers\HAL\Src\stm32f4xx_hal_adc.o
 .debug_aranges
                0x00000890       0xc8 stm32f413-drivers\HAL\Src\stm32f4xx_hal_can.o
 .debug_aranges
                0x00000958       0xa8 stm32f413-drivers\HAL\Src\stm32f4xx_hal_cortex.o
 .debug_aranges
                0x00000a00       0x78 stm32f413-drivers\HAL\Src\stm32f4xx_hal_dma.o
 .debug_aranges
                0x00000a78       0x58 stm32f413-drivers\HAL\Src\stm32f4xx_hal_gpio.o
 .debug_aranges
                0x00000ad0       0x88 stm32f413-drivers\HAL\Src\stm32f4xx_hal_rcc.o
 .debug_aranges
                0x00000b58       0x60 stm32f413-drivers\HAL\Src\stm32f4xx_hal_rcc_ex.o
 .debug_aranges
                0x00000bb8      0x258 stm32f413-drivers\HAL\Src\stm32f4xx_hal_tim.o
 .debug_aranges
                0x00000e10       0xf0 stm32f413-drivers\HAL\Src\stm32f4xx_hal_tim_ex.o
 .debug_aranges
                0x00000f00       0x18 thermistor_table.o

.debug_ranges   0x00000000     0x1d60
 .debug_ranges  0x00000000       0x18 adc.o
 .debug_ranges  0x00000018      0x108 can.o
 .debug_ranges  0x00000120       0x18 fans.o
 .debug_ranges  0x00000138       0x10 gpio.o
 .debug_ranges  0x00000148       0x18 main.o
 .debug_ranges  0x00000160       0x98 sensors.o
 .debug_ranges  0x000001f8       0x68 stm32f413-drivers\CMR\adc.o
 .debug_ranges  0x00000260      0x2d8 stm32f413-drivers\CMR\can.o
 .debug_ranges  0x00000538       0x90 stm32f413-drivers\CMR\dma.o
 .debug_ranges  0x000005c8       0x68 stm32f413-drivers\CMR\gpio.o
 .debug_ranges  0x00000630       0x18 stm32f413-drivers\CMR\interrupts.o
 .debug_ranges  0x00000648       0x18 stm32f413-drivers\CMR\panic.o
 .debug_ranges  0x00000660       0x80 stm32f413-drivers\CMR\pwm.o
 .debug_ranges  0x000006e0       0x78 stm32f413-drivers\CMR\rcc.o
 .debug_ranges  0x00000758       0x58 stm32f413-drivers\CMR\sensors.o
 .debug_ranges  0x000007b0       0x28 stm32f413-drivers\CMR\tasks.o
 .debug_ranges  0x000007d8       0x20 stm32f413-drivers\CMSIS\startup_stm32f413xx.o
 .debug_ranges  0x000007f8       0x18 stm32f413-drivers\CMSIS\system_stm32f4xx.o
 .debug_ranges  0x00000810       0x30 stm32f413-drivers\FreeRTOS\list.o
 .debug_ranges  0x00000840       0x90 stm32f413-drivers\FreeRTOS\portable\GCC\ARM_CM4F\port.o
 .debug_ranges  0x000008d0      0x288 stm32f413-drivers\FreeRTOS\queue.o
 .debug_ranges  0x00000b58      0x310 stm32f413-drivers\FreeRTOS\tasks.o
 .debug_ranges  0x00000e68       0xd8 stm32f413-drivers\HAL\Src\stm32f4xx_hal.o
 .debug_ranges  0x00000f40       0xd0 stm32f413-drivers\HAL\Src\stm32f4xx_hal_adc.o
 .debug_ranges  0x00001010       0xd0 stm32f413-drivers\HAL\Src\stm32f4xx_hal_can.o
 .debug_ranges  0x000010e0      0x160 stm32f413-drivers\HAL\Src\stm32f4xx_hal_cortex.o
 .debug_ranges  0x00001240      0x110 stm32f413-drivers\HAL\Src\stm32f4xx_hal_dma.o
 .debug_ranges  0x00001350       0x68 stm32f413-drivers\HAL\Src\stm32f4xx_hal_gpio.o
 .debug_ranges  0x000013b8      0x100 stm32f413-drivers\HAL\Src\stm32f4xx_hal_rcc.o
 .debug_ranges  0x000014b8       0x98 stm32f413-drivers\HAL\Src\stm32f4xx_hal_rcc_ex.o
 .debug_ranges  0x00001550      0x718 stm32f413-drivers\HAL\Src\stm32f4xx_hal_tim.o
 .debug_ranges  0x00001c68       0xf8 stm32f413-drivers\HAL\Src\stm32f4xx_hal_tim_ex.o

.debug_line     0x00000000     0xafb7
 .debug_line    0x00000000      0x405 adc.o
 .debug_line    0x00000405      0x6a0 can.o
 .debug_line    0x00000aa5      0x404 fans.o
 .debug_line    0x00000ea9      0x27b gpio.o
 .debug_line    0x00001124      0x43c main.o
 .debug_line    0x00001560      0x51e sensors.o
 .debug_line    0x00001a7e      0x493 stm32f413-drivers\CMR\adc.o
 .debug_line    0x00001f11      0x739 stm32f413-drivers\CMR\can.o
 .debug_line    0x0000264a      0x431 stm32f413-drivers\CMR\dma.o
 .debug_line    0x00002a7b      0x3ac stm32f413-drivers\CMR\gpio.o
 .debug_line    0x00002e27      0x2f4 stm32f413-drivers\CMR\interrupts.o
 .debug_line    0x0000311b       0x61 stm32f413-drivers\CMR\panic.o
 .debug_line    0x0000317c      0x38f stm32f413-drivers\CMR\pwm.o
 .debug_line    0x0000350b      0x370 stm32f413-drivers\CMR\rcc.o
 .debug_line    0x0000387b      0x305 stm32f413-drivers\CMR\sensors.o
 .debug_line    0x00003b80      0x287 stm32f413-drivers\CMR\tasks.o
 .debug_line    0x00003e07       0x8f stm32f413-drivers\CMSIS\startup_stm32f413xx.o
 .debug_line    0x00003e96      0x241 stm32f413-drivers\CMSIS\system_stm32f4xx.o
 .debug_line    0x000040d7      0x3b9 stm32f413-drivers\FreeRTOS\list.o
 .debug_line    0x00004490      0x389 stm32f413-drivers\FreeRTOS\portable\GCC\ARM_CM4F\port.o
 .debug_line    0x00004819      0x908 stm32f413-drivers\FreeRTOS\queue.o
 .debug_line    0x00005121      0x910 stm32f413-drivers\FreeRTOS\tasks.o
 .debug_line    0x00005a31      0x46d stm32f413-drivers\HAL\Src\stm32f4xx_hal.o
 .debug_line    0x00005e9e      0x863 stm32f413-drivers\HAL\Src\stm32f4xx_hal_adc.o
 .debug_line    0x00006701      0x731 stm32f413-drivers\HAL\Src\stm32f4xx_hal_can.o
 .debug_line    0x00006e32      0x4d3 stm32f413-drivers\HAL\Src\stm32f4xx_hal_cortex.o
 .debug_line    0x00007305      0x71f stm32f413-drivers\HAL\Src\stm32f4xx_hal_dma.o
 .debug_line    0x00007a24      0x466 stm32f413-drivers\HAL\Src\stm32f4xx_hal_gpio.o
 .debug_line    0x00007e8a      0x5ad stm32f413-drivers\HAL\Src\stm32f4xx_hal_rcc.o
 .debug_line    0x00008437      0x673 stm32f413-drivers\HAL\Src\stm32f4xx_hal_rcc_ex.o
 .debug_line    0x00008aaa     0x1af0 stm32f413-drivers\HAL\Src\stm32f4xx_hal_tim.o
 .debug_line    0x0000a59a      0x873 stm32f413-drivers\HAL\Src\stm32f4xx_hal_tim_ex.o
 .debug_line    0x0000ae0d      0x1aa thermistor_table.o

.debug_str      0x00000000     0x77cf
 .debug_str     0x00000000      0x78d adc.o
                                0x85e (size before relaxing)
 .debug_str     0x0000078d     0x1b5b can.o
                               0x1f3d (size before relaxing)
 .debug_str     0x000022e8      0x36d fans.o
                                0xfb7 (size before relaxing)
 .debug_str     0x00002655       0x5d gpio.o
                                0x356 (size before relaxing)
 .debug_str     0x000026b2       0xaa main.o
                                0xb77 (size before relaxing)
 .debug_str     0x0000275c      0x2c3 sensors.o
                               0x1247 (size before relaxing)
 .debug_str     0x00002a1f      0x18e stm32f413-drivers\CMR\adc.o
                                0x980 (size before relaxing)
 .debug_str     0x00002bad      0xbda stm32f413-drivers\CMR\can.o
                               0x1d20 (size before relaxing)
 .debug_str     0x00003787      0x2f3 stm32f413-drivers\CMR\dma.o
                                0xda6 (size before relaxing)
 .debug_str     0x00003a7a      0x178 stm32f413-drivers\CMR\gpio.o
                                0x476 (size before relaxing)
 .debug_str     0x00003bf2       0x8a stm32f413-drivers\CMR\interrupts.o
                                0x29a (size before relaxing)
 .debug_str     0x00003c7c       0x30 stm32f413-drivers\CMR\panic.o
                                0x135 (size before relaxing)
 .debug_str     0x00003cac      0x2b4 stm32f413-drivers\CMR\pwm.o
                                0xa49 (size before relaxing)
 .debug_str     0x00003f60      0x164 stm32f413-drivers\CMR\rcc.o
                                0x6e1 (size before relaxing)
 .debug_str     0x000040c4       0xa1 stm32f413-drivers\CMR\sensors.o
                                0x8cf (size before relaxing)
 .debug_str     0x00004165       0x9f stm32f413-drivers\CMR\tasks.o
                                0x373 (size before relaxing)
 .debug_str     0x00004204       0xbe stm32f413-drivers\CMSIS\system_stm32f4xx.o
                                0x3d2 (size before relaxing)
 .debug_str     0x000042c2      0x136 stm32f413-drivers\FreeRTOS\list.o
                                0x742 (size before relaxing)
 .debug_str     0x000043f8      0x249 stm32f413-drivers\FreeRTOS\portable\GCC\ARM_CM4F\port.o
                                0x471 (size before relaxing)
 .debug_str     0x00004641      0x576 stm32f413-drivers\FreeRTOS\queue.o
                                0xdef (size before relaxing)
 .debug_str     0x00004bb7      0x5c5 stm32f413-drivers\FreeRTOS\tasks.o
                               0x100f (size before relaxing)
 .debug_str     0x0000517c      0x338 stm32f413-drivers\HAL\Src\stm32f4xx_hal.o
                                0xc80 (size before relaxing)
 .debug_str     0x000054b4      0x2ab stm32f413-drivers\HAL\Src\stm32f4xx_hal_adc.o
                                0x99e (size before relaxing)
 .debug_str     0x0000575f      0x2d4 stm32f413-drivers\HAL\Src\stm32f4xx_hal_can.o
                                0xaa6 (size before relaxing)
 .debug_str     0x00005a33      0x41a stm32f413-drivers\HAL\Src\stm32f4xx_hal_cortex.o
                                0xd27 (size before relaxing)
 .debug_str     0x00005e4d      0x2b6 stm32f413-drivers\HAL\Src\stm32f4xx_hal_dma.o
                                0x7c1 (size before relaxing)
 .debug_str     0x00006103       0xea stm32f413-drivers\HAL\Src\stm32f4xx_hal_gpio.o
                                0x56e (size before relaxing)
 .debug_str     0x000061ed      0x191 stm32f413-drivers\HAL\Src\stm32f4xx_hal_rcc.o
                                0x737 (size before relaxing)
 .debug_str     0x0000637e      0x2e3 stm32f413-drivers\HAL\Src\stm32f4xx_hal_rcc_ex.o
                                0x78c (size before relaxing)
 .debug_str     0x00006661      0xd08 stm32f413-drivers\HAL\Src\stm32f4xx_hal_tim.o
                               0x1518 (size before relaxing)
 .debug_str     0x00007369      0x450 stm32f413-drivers\HAL\Src\stm32f4xx_hal_tim_ex.o
                                0xe65 (size before relaxing)
 .debug_str     0x000077b9       0x16 thermistor_table.o
                                0x264 (size before relaxing)

.comment        0x00000000       0x7c
 .comment       0x00000000       0x7c adc.o
                                 0x7d (size before relaxing)
 .comment       0x0000007c       0x7d can.o
 .comment       0x0000007c       0x7d fans.o
 .comment       0x0000007c       0x7d gpio.o
 .comment       0x0000007c       0x7d main.o
 .comment       0x0000007c       0x7d sensors.o
 .comment       0x0000007c       0x7d stm32f413-drivers\CMR\adc.o
 .comment       0x0000007c       0x7d stm32f413-drivers\CMR\can.o
 .comment       0x0000007c       0x7d stm32f413-drivers\CMR\dma.o
 .comment       0x0000007c       0x7d stm32f413-drivers\CMR\gpio.o
 .comment       0x0000007c       0x7d stm32f413-drivers\CMR\interrupts.o
 .comment       0x0000007c       0x7d stm32f413-drivers\CMR\panic.o
 .comment       0x0000007c       0x7d stm32f413-drivers\CMR\pwm.o
 .comment       0x0000007c       0x7d stm32f413-drivers\CMR\rcc.o
 .comment       0x0000007c       0x7d stm32f413-drivers\CMR\sensors.o
 .comment       0x0000007c       0x7d stm32f413-drivers\CMR\tasks.o
 .comment       0x0000007c       0x7d stm32f413-drivers\CMSIS\system_stm32f4xx.o
 .comment       0x0000007c       0x7d stm32f413-drivers\FreeRTOS\list.o
 .comment       0x0000007c       0x7d stm32f413-drivers\FreeRTOS\portable\GCC\ARM_CM4F\port.o
 .comment       0x0000007c       0x7d stm32f413-drivers\FreeRTOS\queue.o
 .comment       0x0000007c       0x7d stm32f413-drivers\FreeRTOS\tasks.o
 .comment       0x0000007c       0x7d stm32f413-drivers\HAL\Src\stm32f4xx_hal.o
 .comment       0x0000007c       0x7d stm32f413-drivers\HAL\Src\stm32f4xx_hal_adc.o
 .comment       0x0000007c       0x7d stm32f413-drivers\HAL\Src\stm32f4xx_hal_can.o
 .comment       0x0000007c       0x7d stm32f413-drivers\HAL\Src\stm32f4xx_hal_cortex.o
 .comment       0x0000007c       0x7d stm32f413-drivers\HAL\Src\stm32f4xx_hal_dma.o
 .comment       0x0000007c       0x7d stm32f413-drivers\HAL\Src\stm32f4xx_hal_gpio.o
 .comment       0x0000007c       0x7d stm32f413-drivers\HAL\Src\stm32f4xx_hal_rcc.o
 .comment       0x0000007c       0x7d stm32f413-drivers\HAL\Src\stm32f4xx_hal_rcc_ex.o
 .comment       0x0000007c       0x7d stm32f413-drivers\HAL\Src\stm32f4xx_hal_tim.o
 .comment       0x0000007c       0x7d stm32f413-drivers\HAL\Src\stm32f4xx_hal_tim_ex.o
 .comment       0x0000007c       0x7d thermistor_table.o

.debug_frame    0x00000000     0x3238
 .debug_frame   0x00000000       0x30 adc.o
 .debug_frame   0x00000030       0x9c can.o
 .debug_frame   0x000000cc       0x54 fans.o
 .debug_frame   0x00000120       0x20 gpio.o
 .debug_frame   0x00000140       0x40 main.o
 .debug_frame   0x00000180      0x104 sensors.o
 .debug_frame   0x00000284       0x70 stm32f413-drivers\CMR\adc.o
 .debug_frame   0x000002f4      0x320 stm32f413-drivers\CMR\can.o
 .debug_frame   0x00000614      0x134 stm32f413-drivers\CMR\dma.o
 .debug_frame   0x00000748       0xf8 stm32f413-drivers\CMR\gpio.o
 .debug_frame   0x00000840       0x50 stm32f413-drivers\CMR\interrupts.o
 .debug_frame   0x00000890       0x44 stm32f413-drivers\CMR\panic.o
 .debug_frame   0x000008d4       0x58 stm32f413-drivers\CMR\pwm.o
 .debug_frame   0x0000092c       0xd4 stm32f413-drivers\CMR\rcc.o
 .debug_frame   0x00000a00       0xa8 stm32f413-drivers\CMR\sensors.o
 .debug_frame   0x00000aa8       0x70 stm32f413-drivers\CMR\tasks.o
 .debug_frame   0x00000b18       0x3c stm32f413-drivers\CMSIS\system_stm32f4xx.o
 .debug_frame   0x00000b54       0x88 stm32f413-drivers\FreeRTOS\list.o
 .debug_frame   0x00000bdc      0x100 stm32f413-drivers\FreeRTOS\portable\GCC\ARM_CM4F\port.o
 .debug_frame   0x00000cdc      0x24c stm32f413-drivers\FreeRTOS\queue.o
 .debug_frame   0x00000f28      0x34c stm32f413-drivers\FreeRTOS\tasks.o
 .debug_frame   0x00001274      0x1f0 stm32f413-drivers\HAL\Src\stm32f4xx_hal.o
 .debug_frame   0x00001464      0x2cc stm32f413-drivers\HAL\Src\stm32f4xx_hal_adc.o
 .debug_frame   0x00001730      0x314 stm32f413-drivers\HAL\Src\stm32f4xx_hal_can.o
 .debug_frame   0x00001a44      0x18c stm32f413-drivers\HAL\Src\stm32f4xx_hal_cortex.o
 .debug_frame   0x00001bd0      0x188 stm32f413-drivers\HAL\Src\stm32f4xx_hal_dma.o
 .debug_frame   0x00001d58       0xe0 stm32f413-drivers\HAL\Src\stm32f4xx_hal_gpio.o
 .debug_frame   0x00001e38      0x168 stm32f413-drivers\HAL\Src\stm32f4xx_hal_rcc.o
 .debug_frame   0x00001fa0      0x110 stm32f413-drivers\HAL\Src\stm32f4xx_hal_rcc_ex.o
 .debug_frame   0x000020b0      0xa58 stm32f413-drivers\HAL\Src\stm32f4xx_hal_tim.o
 .debug_frame   0x00002b08      0x374 stm32f413-drivers\HAL\Src\stm32f4xx_hal_tim_ex.o
 .debug_frame   0x00002e7c       0x2c c:/program files (x86)/atollic/truestudio for stm32 9.3.0/armtools/bin/../lib/gcc/arm-atollic-eabi/6.3.1/../../../../arm-atollic-eabi/lib/armv7e-m/fpu\libc_nano.a(lib_a-init.o)
 .debug_frame   0x00002ea8       0x28 c:/program files (x86)/atollic/truestudio for stm32 9.3.0/armtools/bin/../lib/gcc/arm-atollic-eabi/6.3.1/../../../../arm-atollic-eabi/lib/armv7e-m/fpu\libc_nano.a(lib_a-memcpy-stub.o)
 .debug_frame   0x00002ed0       0x20 c:/program files (x86)/atollic/truestudio for stm32 9.3.0/armtools/bin/../lib/gcc/arm-atollic-eabi/6.3.1/../../../../arm-atollic-eabi/lib/armv7e-m/fpu\libc_nano.a(lib_a-memset.o)
 .debug_frame   0x00002ef0       0x44 c:/program files (x86)/atollic/truestudio for stm32 9.3.0/armtools/bin/../lib/gcc/arm-atollic-eabi/6.3.1/../../../../arm-atollic-eabi/lib/armv7e-m/fpu\libm.a(lib_a-w_log.o)
 .debug_frame   0x00002f34       0x40 c:/program files (x86)/atollic/truestudio for stm32 9.3.0/armtools/bin/../lib/gcc/arm-atollic-eabi/6.3.1/../../../../arm-atollic-eabi/lib/armv7e-m/fpu\libm.a(lib_a-e_log.o)
 .debug_frame   0x00002f74       0x20 c:/program files (x86)/atollic/truestudio for stm32 9.3.0/armtools/bin/../lib/gcc/arm-atollic-eabi/6.3.1/../../../../arm-atollic-eabi/lib/armv7e-m/fpu\libm.a(lib_a-s_matherr.o)
 .debug_frame   0x00002f94       0x20 c:/program files (x86)/atollic/truestudio for stm32 9.3.0/armtools/bin/../lib/gcc/arm-atollic-eabi/6.3.1/../../../../arm-atollic-eabi/lib/armv7e-m/fpu\libm.a(lib_a-s_nan.o)
 .debug_frame   0x00002fb4       0x20 c:/program files (x86)/atollic/truestudio for stm32 9.3.0/armtools/bin/../lib/gcc/arm-atollic-eabi/6.3.1/../../../../arm-atollic-eabi/lib/armv7e-m/fpu\libc_nano.a(lib_a-errno.o)
 .debug_frame   0x00002fd4       0xac c:/program files (x86)/atollic/truestudio for stm32 9.3.0/armtools/bin/../lib/gcc/arm-atollic-eabi/6.3.1/armv7e-m/fpu\libgcc.a(_arm_addsubdf3.o)
 .debug_frame   0x00003080       0x50 c:/program files (x86)/atollic/truestudio for stm32 9.3.0/armtools/bin/../lib/gcc/arm-atollic-eabi/6.3.1/armv7e-m/fpu\libgcc.a(_arm_muldivdf3.o)
 .debug_frame   0x000030d0       0xc4 c:/program files (x86)/atollic/truestudio for stm32 9.3.0/armtools/bin/../lib/gcc/arm-atollic-eabi/6.3.1/armv7e-m/fpu\libgcc.a(_arm_cmpdf2.o)
 .debug_frame   0x00003194       0x20 c:/program files (x86)/atollic/truestudio for stm32 9.3.0/armtools/bin/../lib/gcc/arm-atollic-eabi/6.3.1/armv7e-m/fpu\libgcc.a(_arm_unorddf2.o)
 .debug_frame   0x000031b4       0x24 c:/program files (x86)/atollic/truestudio for stm32 9.3.0/armtools/bin/../lib/gcc/arm-atollic-eabi/6.3.1/armv7e-m/fpu\libgcc.a(_arm_truncdfsf2.o)
 .debug_frame   0x000031d8       0x2c c:/program files (x86)/atollic/truestudio for stm32 9.3.0/armtools/bin/../lib/gcc/arm-atollic-eabi/6.3.1/armv7e-m/fpu\libgcc.a(_aeabi_uldivmod.o)
 .debug_frame   0x00003204       0x34 c:/program files (x86)/atollic/truestudio for stm32 9.3.0/armtools/bin/../lib/gcc/arm-atollic-eabi/6.3.1/armv7e-m/fpu\libgcc.a(_udivmoddi4.o)

Cross Reference Table

Symbol                                            File
ADC_IRQHandler                                    stm32f413-drivers\CMSIS\startup_stm32f413xx.o
AHBPrescTable                                     stm32f413-drivers\CMSIS\system_stm32f4xx.o
                                                  stm32f413-drivers\HAL\Src\stm32f4xx_ll_utils.o
                                                  stm32f413-drivers\HAL\Src\stm32f4xx_hal_rcc.o
APBPrescTable                                     stm32f413-drivers\CMSIS\system_stm32f4xx.o
                                                  stm32f413-drivers\HAL\Src\stm32f4xx_hal_rcc.o
BusFault_Handler                                  stm32f413-drivers\CMSIS\startup_stm32f413xx.o
CAN1_RX0_IRQHandler                               stm32f413-drivers\CMR\can.o
CAN1_RX1_IRQHandler                               stm32f413-drivers\CMR\can.o
CAN1_SCE_IRQHandler                               stm32f413-drivers\CMR\can.o
CAN1_TX_IRQHandler                                stm32f413-drivers\CMR\can.o
CAN2_RX0_IRQHandler                               stm32f413-drivers\CMR\can.o
CAN2_RX1_IRQHandler                               stm32f413-drivers\CMR\can.o
CAN2_SCE_IRQHandler                               stm32f413-drivers\CMR\can.o