../controls_23e.c:80:13:initYawRateControl	8	static
../controls_23e.c:97:6:initControls	8	static
../controls_23e.c:108:6:setControlsStatus	16	static
../controls_23e.c:150:44:getControlsStatus	4	static
../controls_23e.c:165:6:runControls	80	static
../controls_23e.c:280:6:integrateCurrent	24	static
../controls_23e.c:301:6:setSlowTorque	24	static
../controls_23e.c:326:6:setFastTorque	24	static
../controls_23e.c:347:13:update_whl_vels_and_angles	72	static
../controls_23e.c:390:13:update_whl_speed_setpoint	64	static
../controls_23e.c:427:6:setCVXGENSolver	176	static
../controls_23e.c:540:14:getFFScheduleVelocity	40	static
../controls_23e.c:570:6:setLaunchControl	128	static
../controls_23e.c:690:6:setTractionControl	184	static
../controls_23e.c:916:14:getYawRateControlLeftRightBias	48	static
../controls_23e.c:965:6:setYawRateControl	96	static
../controls_23e.c:1047:6:setYawRateAndTractionControl	48	static
../controls_23e.c:1070:6:setCruiseControlTorque	24	static
../controls_23e.c:1109:6:setEnduranceTorque	80	static
../controls_23e.c:1193:6:setEnduranceTestTorque	80	static
