../daq.c:28:9:motorRPMtoWheelRPM10	16	static
../daq.c:32:7:motorCurrentToTorque10	16	static
../daq.c:38:7:motorSetpointPercentToTorque10	16	static
../daq.c:44:9:getMotorTorqueRequest	24	static
../daq.c:50:6:daqWheelSpeedFeedback	32	static
../daq.c:63:6:daqWheelTorqueFeedback	32	static
../daq.c:75:6:daqWheelSpeedSetpoints	32	static
../daq.c:87:6:daqWheelTorqueSetpoints	16	static
../daq.c:94:6:daqPosePosition	24	static
../daq.c:101:7:daqPoseOrientationRadToDeg	16	static
../daq.c:108:7:daqPoseOrientationRad	16	static
../daq.c:115:6:daqPoseOrientation	48	static
../daq.c:135:6:daqPoseVelocity	24	static
../daq.c:143:7:carVelocityToWheelRPM	16	static
../daq.c:147:7:carVelocityToMotorRPM	16	static
../daq.c:151:7:wheelRPMToCarVelocity	16	static
../daq.c:155:7:motorRPMToCarVelocity	16	static
../daq.c:159:7:estimateCarVelocityFromMotors	16	static
../daq.c:171:36:getLoads	32	static
../daq.c:185:34:getControlsDebugGlobal	4	static
../daq.c:188:30:getControlsDebugFr	4	static
../daq.c:191:30:getControlsDebugFl	4	static
../daq.c:194:30:getControlsDebugRr	4	static
../daq.c:197:30:getControlsDebugRl	4	static
../daq.c:200:31:getPidDebug	4	static
