../safety_filter.c:142:14:getLinearFalloffFactor	16	static
../safety_filter.c:155:14:getQuadraticFalloffFactor	24	static
../safety_filter.c:170:14:getFalloffFactorByUpperLimit	40	static
../safety_filter.c:189:14:getFalloffFactorByLowerLimit	40	static
../safety_filter.c:207:14:getPackPowerFalloffFactor	16	static
../safety_filter.c:219:14:getPackVoltageRiseFalloffFactor	16	static
../safety_filter.c:231:14:getCellVoltageRiseFalloffFactor	16	static
../safety_filter.c:243:14:getCellVoltageDropFalloffFactor	16	static
../safety_filter.c:253:14:getTemperatureFalloffFactor	16	static
../safety_filter.c:259:14:getMaxVoltageDrop	24	static
../safety_filter.c:269:14:getMinVoltageDrop	24	static
../safety_filter.c:279:14:getMaxPowerFromVoltageDrop	16	static
../safety_filter.c:289:14:getMinPowerFromVoltageDrop	16	static
../safety_filter.c:305:6:initRetroactiveLimitFilters	8	static
../safety_filter.c:324:6:resetRetroactiveLimitFilters	8	static
../safety_filter.c:335:20:getPreemptiveTorqueLimits	48	static
../safety_filter.c:359:13:throttleNeutral	16	static
../safety_filter.c:366:13:mechanicalBrakesEngaged	16	static
../safety_filter.c:375:13:fastEnoughToRegen	16	static
../safety_filter.c:390:6:setTorqueLimsProtected	136	static
../safety_filter.c:555:39:getSafetyFilterInfo	4	static
../safety_filter.c:559:31:getMotorPowerInfo	4	static
../safety_filter.c:563:6:setPowerLimit	16	static
