Archive member included to satisfy reference by file (symbol)

C:/ST/STM32CubeCLT_1.16.0/GNU-tools-for-STM32/bin/../lib/gcc/arm-none-eabi/12.3.1/../../../../arm-none-eabi/lib/thumb/v7e-m+fp/hard\libc_nano.a(libc_a-exit.o)
                              C:/ST/STM32CubeCLT_1.16.0/GNU-tools-for-STM32/bin/../lib/gcc/arm-none-eabi/12.3.1/../../../../arm-none-eabi/lib/thumb/v7e-m+fp/hard/crt0.o (exit)
C:/ST/STM32CubeCLT_1.16.0/GNU-tools-for-STM32/bin/../lib/gcc/arm-none-eabi/12.3.1/../../../../arm-none-eabi/lib/thumb/v7e-m+fp/hard\libc_nano.a(libc_a-findfp.o)
                              C:/ST/STM32CubeCLT_1.16.0/GNU-tools-for-STM32/bin/../lib/gcc/arm-none-eabi/12.3.1/../../../../arm-none-eabi/lib/thumb/v7e-m+fp/hard\libc_nano.a(libc_a-exit.o) (__stdio_exit_handler)
C:/ST/STM32CubeCLT_1.16.0/GNU-tools-for-STM32/bin/../lib/gcc/arm-none-eabi/12.3.1/../../../../arm-none-eabi/lib/thumb/v7e-m+fp/hard\libc_nano.a(libc_a-fwalk.o)
                              C:/ST/STM32CubeCLT_1.16.0/GNU-tools-for-STM32/bin/../lib/gcc/arm-none-eabi/12.3.1/../../../../arm-none-eabi/lib/thumb/v7e-m+fp/hard\libc_nano.a(libc_a-findfp.o) (_fwalk_sglue)
C:/ST/STM32CubeCLT_1.16.0/GNU-tools-for-STM32/bin/../lib/gcc/arm-none-eabi/12.3.1/../../../../arm-none-eabi/lib/thumb/v7e-m+fp/hard\libc_nano.a(libc_a-stdio.o)
                              C:/ST/STM32CubeCLT_1.16.0/GNU-tools-for-STM32/bin/../lib/gcc/arm-none-eabi/12.3.1/../../../../arm-none-eabi/lib/thumb/v7e-m+fp/hard\libc_nano.a(libc_a-findfp.o) (__sread)
C:/ST/STM32CubeCLT_1.16.0/GNU-tools-for-STM32/bin/../lib/gcc/arm-none-eabi/12.3.1/../../../../arm-none-eabi/lib/thumb/v7e-m+fp/hard\libc_nano.a(libc_a-memset.o)
                              C:/ST/STM32CubeCLT_1.16.0/GNU-tools-for-STM32/bin/../lib/gcc/arm-none-eabi/12.3.1/../../../../arm-none-eabi/lib/thumb/v7e-m+fp/hard/crt0.o (memset)
C:/ST/STM32CubeCLT_1.16.0/GNU-tools-for-STM32/bin/../lib/gcc/arm-none-eabi/12.3.1/../../../../arm-none-eabi/lib/thumb/v7e-m+fp/hard\libc_nano.a(libc_a-closer.o)
                              C:/ST/STM32CubeCLT_1.16.0/GNU-tools-for-STM32/bin/../lib/gcc/arm-none-eabi/12.3.1/../../../../arm-none-eabi/lib/thumb/v7e-m+fp/hard\libc_nano.a(libc_a-stdio.o) (_close_r)
C:/ST/STM32CubeCLT_1.16.0/GNU-tools-for-STM32/bin/../lib/gcc/arm-none-eabi/12.3.1/../../../../arm-none-eabi/lib/thumb/v7e-m+fp/hard\libc_nano.a(libc_a-reent.o)
                              C:/ST/STM32CubeCLT_1.16.0/GNU-tools-for-STM32/bin/../lib/gcc/arm-none-eabi/12.3.1/../../../../arm-none-eabi/lib/thumb/v7e-m+fp/hard\libc_nano.a(libc_a-closer.o) (errno)
C:/ST/STM32CubeCLT_1.16.0/GNU-tools-for-STM32/bin/../lib/gcc/arm-none-eabi/12.3.1/../../../../arm-none-eabi/lib/thumb/v7e-m+fp/hard\libc_nano.a(libc_a-impure.o)
                              C:/ST/STM32CubeCLT_1.16.0/GNU-tools-for-STM32/bin/../lib/gcc/arm-none-eabi/12.3.1/../../../../arm-none-eabi/lib/thumb/v7e-m+fp/hard\libc_nano.a(libc_a-reent.o) (_impure_ptr)
C:/ST/STM32CubeCLT_1.16.0/GNU-tools-for-STM32/bin/../lib/gcc/arm-none-eabi/12.3.1/../../../../arm-none-eabi/lib/thumb/v7e-m+fp/hard\libc_nano.a(libc_a-lseekr.o)
                              C:/ST/STM32CubeCLT_1.16.0/GNU-tools-for-STM32/bin/../lib/gcc/arm-none-eabi/12.3.1/../../../../arm-none-eabi/lib/thumb/v7e-m+fp/hard\libc_nano.a(libc_a-stdio.o) (_lseek_r)
C:/ST/STM32CubeCLT_1.16.0/GNU-tools-for-STM32/bin/../lib/gcc/arm-none-eabi/12.3.1/../../../../arm-none-eabi/lib/thumb/v7e-m+fp/hard\libc_nano.a(libc_a-readr.o)
                              C:/ST/STM32CubeCLT_1.16.0/GNU-tools-for-STM32/bin/../lib/gcc/arm-none-eabi/12.3.1/../../../../arm-none-eabi/lib/thumb/v7e-m+fp/hard\libc_nano.a(libc_a-stdio.o) (_read_r)
C:/ST/STM32CubeCLT_1.16.0/GNU-tools-for-STM32/bin/../lib/gcc/arm-none-eabi/12.3.1/../../../../arm-none-eabi/lib/thumb/v7e-m+fp/hard\libc_nano.a(libc_a-writer.o)
                              C:/ST/STM32CubeCLT_1.16.0/GNU-tools-for-STM32/bin/../lib/gcc/arm-none-eabi/12.3.1/../../../../arm-none-eabi/lib/thumb/v7e-m+fp/hard\libc_nano.a(libc_a-stdio.o) (_write_r)
C:/ST/STM32CubeCLT_1.16.0/GNU-tools-for-STM32/bin/../lib/gcc/arm-none-eabi/12.3.1/../../../../arm-none-eabi/lib/thumb/v7e-m+fp/hard\libc_nano.a(libc_a-init.o)
                              C:/ST/STM32CubeCLT_1.16.0/GNU-tools-for-STM32/bin/../lib/gcc/arm-none-eabi/12.3.1/../../../../arm-none-eabi/lib/thumb/v7e-m+fp/hard/crt0.o (__libc_init_array)
C:/ST/STM32CubeCLT_1.16.0/GNU-tools-for-STM32/bin/../lib/gcc/arm-none-eabi/12.3.1/../../../../arm-none-eabi/lib/thumb/v7e-m+fp/hard\libc_nano.a(libc_a-lock.o)
                              C:/ST/STM32CubeCLT_1.16.0/GNU-tools-for-STM32/bin/../lib/gcc/arm-none-eabi/12.3.1/../../../../arm-none-eabi/lib/thumb/v7e-m+fp/hard\libc_nano.a(libc_a-findfp.o) (__retarget_lock_init_recursive)
C:/ST/STM32CubeCLT_1.16.0/GNU-tools-for-STM32/bin/../lib/gcc/arm-none-eabi/12.3.1/../../../../arm-none-eabi/lib/thumb/v7e-m+fp/hard\libc_nano.a(libc_a-freer.o)
[...]
Memory Configuration

Name             Origin             Length             Attributes
RAM              0x20000000         0x00050000         xrw
FLASH            0x08000000         0x00100000         xr
*default*        0x00000000         0xffffffff

Linker script and memory map

LOAD C:/ST/STM32CubeCLT_1.16.0/GNU-tools-for-STM32/bin/../lib/gcc/arm-none-eabi/12.3.1/thumb/v7e-m+fp/hard/crti.o
LOAD C:/ST/STM32CubeCLT_1.16.0/GNU-tools-for-STM32/bin/../lib/gcc/arm-none-eabi/12.3.1/thumb/v7e-m+fp/hard/crtbegin.o
LOAD C:/ST/STM32CubeCLT_1.16.0/GNU-tools-for-STM32/bin/../lib/gcc/arm-none-eabi/12.3.1/../../../../arm-none-eabi/lib/thumb/v7e-m+fp/hard/crt0.o
START GROUP
LOAD C:/ST/STM32CubeCLT_1.16.0/GNU-tools-for-STM32/bin/../lib/gcc/arm-none-eabi/12.3.1/../../../../arm-none-eabi/lib/thumb/v7e-m+fp/hard\libc_nano.a
LOAD C:/ST/STM32CubeCLT_1.16.0/GNU-tools-for-STM32/bin/../lib/gcc/arm-none-eabi/12.3.1/../../../../arm-none-eabi/lib/thumb/v7e-m+fp/hard\libm.a
LOAD C:/ST/STM32CubeCLT_1.16.0/GNU-tools-for-STM32/bin/../lib/gcc/arm-none-eabi/12.3.1/../../../../arm-none-eabi/lib/thumb/v7e-m+fp/hard\libstdc++_nano.a
LOAD C:/ST/STM32CubeCLT_1.16.0/GNU-tools-for-STM32/bin/../lib/gcc/arm-none-eabi/12.3.1/../../../../arm-none-eabi/lib/thumb/v7e-m+fp/hard\libsupc++_nano.a
END GROUP
LOAD CMakeFiles/RAM.dir/Src/can.c.obj
LOAD CMakeFiles/RAM.dir/Src/config.c.obj
LOAD CMakeFiles/RAM.dir/Src/gpio.c.obj
LOAD CMakeFiles/RAM.dir/Src/main.c.obj
LOAD CMakeFiles/RAM.dir/Src/parser.c.obj
LOAD CMakeFiles/RAM.dir/Src/sample.c.obj
LOAD CMakeFiles/RAM.dir/Src/syscall.c.obj
LOAD CMakeFiles/RAM.dir/Src/sysmem.c.obj
LOAD CMakeFiles/RAM.dir/Src/uart.c.obj
LOAD CMakeFiles/RAM.dir/cJSON/cJSON.c.obj
LOAD CMakeFiles/RAM.dir/Startup/startup_stm32f413rgtx.s.obj
LOAD CMakeFiles/RAM.dir/C_/Users/nosla/Downloads/monorepo/stm32f413-drivers/CMR/src/adc.c.obj
LOAD CMakeFiles/RAM.dir/C_/Users/nosla/Downloads/monorepo/stm32f413-drivers/CMR/src/can.c.obj
LOAD CMakeFiles/RAM.dir/C_/Users/nosla/Downloads/monorepo/stm32f413-drivers/CMR/src/fdcan.c.obj
LOAD CMakeFiles/RAM.dir/C_/Users/nosla/Downloads/monorepo/stm32f413-drivers/CMR/src/config_screen_helper.c.obj
LOAD CMakeFiles/RAM.dir/C_/Users/nosla/Downloads/monorepo/stm32f413-drivers/CMR/src/config.c.obj
LOAD CMakeFiles/RAM.dir/C_/Users/nosla/Downloads/monorepo/stm32f413-drivers/CMR/src/dma.c.obj
LOAD CMakeFiles/RAM.dir/C_/Users/nosla/Downloads/monorepo/stm32f413-drivers/CMR/src/f413.c.obj
LOAD CMakeFiles/RAM.dir/C_/Users/nosla/Downloads/monorepo/stm32f413-drivers/CMR/src/h725.c.obj
LOAD CMakeFiles/RAM.dir/C_/Users/nosla/Downloads/monorepo/stm32f413-drivers/CMR/src/fir_filter.c.obj
LOAD CMakeFiles/RAM.dir/C_/Users/nosla/Downloads/monorepo/stm32f413-drivers/CMR/src/gpio.c.obj
LOAD CMakeFiles/RAM.dir/C_/Users/nosla/Downloads/monorepo/stm32f413-drivers/CMR/src/i2c.c.obj
LOAD CMakeFiles/RAM.dir/C_/Users/nosla/Downloads/monorepo/stm32f413-drivers/CMR/src/interrupts.c.obj
LOAD CMakeFiles/RAM.dir/C_/Users/nosla/Downloads/monorepo/stm32f413-drivers/CMR/src/panic.c.obj
LOAD CMakeFiles/RAM.dir/C_/Users/nosla/Downloads/monorepo/stm32f413-drivers/CMR/src/pwm.c.obj
LOAD CMakeFiles/RAM.dir/C_/Users/nosla/Downloads/monorepo/stm32f413-drivers/CMR/src/qspi.c.obj
LOAD CMakeFiles/RAM.dir/C_/Users/nosla/Downloads/monorepo/stm32f413-drivers/CMR/src/rcc.c.obj
LOAD CMakeFiles/RAM.dir/C_/Users/nosla/Downloads/monorepo/stm32f413-drivers/CMR/src/sensors.c.obj
LOAD CMakeFiles/RAM.dir/C_/Users/nosla/Downloads/monorepo/stm32f413-drivers/CMR/src/spi.c.obj
LOAD CMakeFiles/RAM.dir/C_/Users/nosla/Downloads/monorepo/stm32f413-drivers/CMR/src/tasks.c.obj
LOAD CMakeFiles/RAM.dir/C_/Users/nosla/Downloads/monorepo/stm32f413-drivers/CMR/src/uart.c.obj
LOAD CMakeFiles/RAM.dir/C_/Users/nosla/Downloads/monorepo/stm32f413-drivers/CMR/src/watchdog.c.obj
LOAD CMakeFiles/RAM.dir/C_/Users/nosla/Downloads/monorepo/stm32f413-drivers/HAL/F4XX/Src/stm32f4xx_hal.c.obj
LOAD CMakeFiles/RAM.dir/C_/Users/nosla/Downloads/monorepo/stm32f413-drivers/HAL/F4XX/Src/stm32f4xx_hal_adc.c.obj
LOAD CMakeFiles/RAM.dir/C_/Users/nosla/Downloads/monorepo/stm32f413-drivers/HAL/F4XX/Src/stm32f4xx_hal_adc_ex.c.obj
LOAD CMakeFiles/RAM.dir/C_/Users/nosla/Downloads/monorepo/stm32f413-drivers/HAL/F4XX/Src/stm32f4xx_hal_can.c.obj
LOAD CMakeFiles/RAM.dir/C_/Users/nosla/Downloads/monorepo/stm32f413-drivers/HAL/F4XX/Src/stm32f4xx_hal_cec.c.obj
LOAD CMakeFiles/RAM.dir/C_/Users/nosla/Downloads/monorepo/stm32f413-drivers/HAL/F4XX/Src/stm32f4xx_hal_cortex.c.obj
LOAD CMakeFiles/RAM.dir/C_/Users/nosla/Downloads/monorepo/stm32f413-drivers/HAL/F4XX/Src/stm32f4xx_hal_crc.c.obj
LOAD CMakeFiles/RAM.dir/C_/Users/nosla/Downloads/monorepo/stm32f413-drivers/HAL/F4XX/Src/stm32f4xx_hal_cryp.c.obj
LOAD CMakeFiles/RAM.dir/C_/Users/nosla/Downloads/monorepo/stm32f413-drivers/HAL/F4XX/Src/stm32f4xx_hal_cryp_ex.c.obj
LOAD CMakeFiles/RAM.dir/C_/Users/nosla/Downloads/monorepo/stm32f413-drivers/HAL/F4XX/Src/stm32f4xx_hal_dac.c.obj
LOAD CMakeFiles/RAM.dir/C_/Users/nosla/Downloads/monorepo/stm32f413-drivers/HAL/F4XX/Src/stm32f4xx_hal_dac_ex.c.obj
LOAD CMakeFiles/RAM.dir/C_/Users/nosla/Downloads/monorepo/stm32f413-drivers/HAL/F4XX/Src/stm32f4xx_hal_dcmi.c.obj
LOAD CMakeFiles/RAM.dir/C_/Users/nosla/Downloads/monorepo/stm32f413-drivers/HAL/F4XX/Src/stm32f4xx_hal_dcmi_ex.c.obj
LOAD CMakeFiles/RAM.dir/C_/Users/nosla/Downloads/monorepo/stm32f413-drivers/HAL/F4XX/Src/stm32f4xx_hal_dfsdm.c.obj
LOAD CMakeFiles/RAM.dir/C_/Users/nosla/Downloads/monorepo/stm32f413-drivers/HAL/F4XX/Src/stm32f4xx_hal_dma.c.obj
LOAD CMakeFiles/RAM.dir/C_/Users/nosla/Downloads/monorepo/stm32f413-drivers/HAL/F4XX/Src/stm32f4xx_hal_dma2d.c.obj
LOAD CMakeFiles/RAM.dir/C_/Users/nosla/Downloads/monorepo/stm32f413-drivers/HAL/F4XX/Src/stm32f4xx_hal_dma_ex.c.obj
LOAD CMakeFiles/RAM.dir/C_/Users/nosla/Downloads/monorepo/stm32f413-drivers/HAL/F4XX/Src/stm32f4xx_hal_dsi.c.obj
LOAD CMakeFiles/RAM.dir/C_/Users/nosla/Downloads/monorepo/stm32f413-drivers/HAL/F4XX/Src/stm32f4xx_hal_eth.c.obj
LOAD CMakeFiles/RAM.dir/C_/Users/nosla/Downloads/monorepo/stm32f413-drivers/HAL/F4XX/Src/stm32f4xx_hal_exti.c.obj
LOAD CMakeFiles/RAM.dir/C_/Users/nosla/Downloads/monorepo/stm32f413-drivers/HAL/F4XX/Src/stm32f4xx_hal_flash.c.obj
LOAD CMakeFiles/RAM.dir/C_/Users/nosla/Downloads/monorepo/stm32f413-drivers/HAL/F4XX/Src/stm32f4xx_hal_flash_ex.c.obj
LOAD CMakeFiles/RAM.dir/C_/Users/nosla/Downloads/monorepo/stm32f413-drivers/HAL/F4XX/Src/stm32f4xx_hal_flash_ramfunc.c.obj
LOAD CMakeFiles/RAM.dir/C_/Users/nosla/Downloads/monorepo/stm32f413-drivers/HAL/F4XX/Src/stm32f4xx_hal_fmpi2c.c.obj
LOAD CMakeFiles/RAM.dir/C_/Users/nosla/Downloads/monorepo/stm32f413-drivers/HAL/F4XX/Src/stm32f4xx_hal_fmpi2c_ex.c.obj
LOAD CMakeFiles/RAM.dir/C_/Users/nosla/Downloads/monorepo/stm32f413-drivers/HAL/F4XX/Src/stm32f4xx_hal_gpio.c.obj
LOAD CMakeFiles/RAM.dir/C_/Users/nosla/Downloads/monorepo/stm32f413-drivers/HAL/F4XX/Src/stm32f4xx_hal_hash.c.obj
LOAD CMakeFiles/RAM.dir/C_/Users/nosla/Downloads/monorepo/stm32f413-drivers/HAL/F4XX/Src/stm32f4xx_hal_hash_ex.c.obj
LOAD CMakeFiles/RAM.dir/C_/Users/nosla/Downloads/monorepo/stm32f413-drivers/HAL/F4XX/Src/stm32f4xx_hal_hcd.c.obj
LOAD CMakeFiles/RAM.dir/C_/Users/nosla/Downloads/monorepo/stm32f413-drivers/HAL/F4XX/Src/stm32f4xx_hal_i2c.c.obj
LOAD CMakeFiles/RAM.dir/C_/Users/nosla/Downloads/monorepo/stm32f413-drivers/HAL/F4XX/Src/stm32f4xx_hal_i2c_ex.c.obj
LOAD CMakeFiles/RAM.dir/C_/Users/nosla/Downloads/monorepo/stm32f413-drivers/HAL/F4XX/Src/stm32f4xx_hal_i2s.c.obj
LOAD CMakeFiles/RAM.dir/C_/Users/nosla/Downloads/monorepo/stm32f413-drivers/HAL/F4XX/Src/stm32f4xx_hal_i2s_ex.c.obj
LOAD CMakeFiles/RAM.dir/C_/Users/nosla/Downloads/monorepo/stm32f413-drivers/HAL/F4XX/Src/stm32f4xx_hal_irda.c.obj
LOAD CMakeFiles/RAM.dir/C_/Users/nosla/Downloads/monorepo/stm32f413-drivers/HAL/F4XX/Src/stm32f4xx_hal_iwdg.c.obj
LOAD CMakeFiles/RAM.dir/C_/Users/nosla/Downloads/monorepo/stm32f413-drivers/HAL/F4XX/Src/stm32f4xx_hal_lptim.c.obj
LOAD CMakeFiles/RAM.dir/C_/Users/nosla/Downloads/monorepo/stm32f413-drivers/HAL/F4XX/Src/stm32f4xx_hal_ltdc.c.obj
LOAD CMakeFiles/RAM.dir/C_/Users/nosla/Downloads/monorepo/stm32f413-drivers/HAL/F4XX/Src/stm32f4xx_hal_ltdc_ex.c.obj
LOAD CMakeFiles/RAM.dir/C_/Users/nosla/Downloads/monorepo/stm32f413-drivers/HAL/F4XX/Src/stm32f4xx_hal_mmc.c.obj
LOAD CMakeFiles/RAM.dir/C_/Users/nosla/Downloads/monorepo/stm32f413-drivers/HAL/F4XX/Src/stm32f4xx_hal_nand.c.obj
LOAD CMakeFiles/RAM.dir/C_/Users/nosla/Downloads/monorepo/stm32f413-drivers/HAL/F4XX/Src/stm32f4xx_hal_nor.c.obj
LOAD CMakeFiles/RAM.dir/C_/Users/nosla/Downloads/monorepo/stm32f413-drivers/HAL/F4XX/Src/stm32f4xx_hal_pccard.c.obj
LOAD CMakeFiles/RAM.dir/C_/Users/nosla/Downloads/monorepo/stm32f413-drivers/HAL/F4XX/Src/stm32f4xx_hal_pcd.c.obj
LOAD CMakeFiles/RAM.dir/C_/Users/nosla/Downloads/monorepo/stm32f413-drivers/HAL/F4XX/Src/stm32f4xx_hal_pcd_ex.c.obj
LOAD CMakeFiles/RAM.dir/C_/Users/nosla/Downloads/monorepo/stm32f413-drivers/HAL/F4XX/Src/stm32f4xx_hal_pwr.c.obj
LOAD CMakeFiles/RAM.dir/C_/Users/nosla/Downloads/monorepo/stm32f413-drivers/HAL/F4XX/Src/stm32f4xx_hal_pwr_ex.c.obj
LOAD CMakeFiles/RAM.dir/C_/Users/nosla/Downloads/monorepo/stm32f413-drivers/HAL/F4XX/Src/stm32f4xx_hal_qspi.c.obj
LOAD CMakeFiles/RAM.dir/C_/Users/nosla/Downloads/monorepo/stm32f413-drivers/HAL/F4XX/Src/stm32f4xx_hal_rcc.c.obj
LOAD CMakeFiles/RAM.dir/C_/Users/nosla/Downloads/monorepo/stm32f413-drivers/HAL/F4XX/Src/stm32f4xx_hal_rcc_ex.c.obj
LOAD CMakeFiles/RAM.dir/C_/Users/nosla/Downloads/monorepo/stm32f413-drivers/HAL/F4XX/Src/stm32f4xx_hal_rng.c.obj
LOAD CMakeFiles/RAM.dir/C_/Users/nosla/Downloads/monorepo/stm32f413-drivers/HAL/F4XX/Src/stm32f4xx_hal_rtc.c.obj
LOAD CMakeFiles/RAM.dir/C_/Users/nosla/Downloads/monorepo/stm32f413-drivers/HAL/F4XX/Src/stm32f4xx_hal_rtc_ex.c.obj
LOAD CMakeFiles/RAM.dir/C_/Users/nosla/Downloads/monorepo/stm32f413-drivers/HAL/F4XX/Src/stm32f4xx_hal_sai.c.obj
LOAD CMakeFiles/RAM.dir/C_/Users/nosla/Downloads/monorepo/stm32f413-drivers/HAL/F4XX/Src/stm32f4xx_hal_sai_ex.c.obj
LOAD CMakeFiles/RAM.dir/C_/Users/nosla/Downloads/monorepo/stm32f413-drivers/HAL/F4XX/Src/stm32f4xx_hal_sd.c.obj
LOAD CMakeFiles/RAM.dir/C_/Users/nosla/Downloads/monorepo/stm32f413-drivers/HAL/F4XX/Src/stm32f4xx_hal_sdram.c.obj
LOAD CMakeFiles/RAM.dir/C_/Users/nosla/Downloads/monorepo/stm32f413-drivers/HAL/F4XX/Src/stm32f4xx_hal_smartcard.c.obj
LOAD CMakeFiles/RAM.dir/C_/Users/nosla/Downloads/monorepo/stm32f413-drivers/HAL/F4XX/Src/stm32f4xx_hal_smbus.c.obj
LOAD CMakeFiles/RAM.dir/C_/Users/nosla/Downloads/monorepo/stm32f413-drivers/HAL/F4XX/Src/stm32f4xx_hal_spdifrx.c.obj
LOAD CMakeFiles/RAM.dir/C_/Users/nosla/Downloads/monorepo/stm32f413-drivers/HAL/F4XX/Src/stm32f4xx_hal_spi.c.obj
LOAD CMakeFiles/RAM.dir/C_/Users/nosla/Downloads/monorepo/stm32f413-drivers/HAL/F4XX/Src/stm32f4xx_hal_sram.c.obj
LOAD CMakeFiles/RAM.dir/C_/Users/nosla/Downloads/monorepo/stm32f413-drivers/HAL/F4XX/Src/stm32f4xx_hal_tim.c.obj
LOAD CMakeFiles/RAM.dir/C_/Users/nosla/Downloads/monorepo/stm32f413-drivers/HAL/F4XX/Src/stm32f4xx_hal_tim_ex.c.obj
LOAD CMakeFiles/RAM.dir/C_/Users/nosla/Downloads/monorepo/stm32f413-drivers/HAL/F4XX/Src/stm32f4xx_hal_uart.c.obj
LOAD CMakeFiles/RAM.dir/C_/Users/nosla/Downloads/monorepo/stm32f413-drivers/HAL/F4XX/Src/stm32f4xx_hal_usart.c.obj
LOAD CMakeFiles/RAM.dir/C_/Users/nosla/Downloads/monorepo/stm32f413-drivers/HAL/F4XX/Src/stm32f4xx_hal_wwdg.c.obj
LOAD CMakeFiles/RAM.dir/C_/Users/nosla/Downloads/monorepo/stm32f413-drivers/HAL/F4XX/Src/stm32f4xx_ll_adc.c.obj
LOAD CMakeFiles/RAM.dir/C_/Users/nosla/Downloads/monorepo/stm32f413-drivers/HAL/F4XX/Src/stm32f4xx_ll_crc.c.obj
LOAD CMakeFiles/RAM.dir/C_/Users/nosla/Downloads/monorepo/stm32f413-drivers/HAL/F4XX/Src/stm32f4xx_ll_dac.c.obj
LOAD CMakeFiles/RAM.dir/C_/Users/nosla/Downloads/monorepo/stm32f413-drivers/HAL/F4XX/Src/stm32f4xx_ll_dma.c.obj
LOAD CMakeFiles/RAM.dir/C_/Users/nosla/Downloads/monorepo/stm32f413-drivers/HAL/F4XX/Src/stm32f4xx_ll_dma2d.c.obj
LOAD CMakeFiles/RAM.dir/C_/Users/nosla/Downloads/monorepo/stm32f413-drivers/HAL/F4XX/Src/stm32f4xx_ll_exti.c.obj
LOAD CMakeFiles/RAM.dir/C_/Users/nosla/Downloads/monorepo/stm32f413-drivers/HAL/F4XX/Src/stm32f4xx_ll_fmc.c.obj
LOAD CMakeFiles/RAM.dir/C_/Users/nosla/Downloads/monorepo/stm32f413-drivers/HAL/F4XX/Src/stm32f4xx_ll_fsmc.c.obj
LOAD CMakeFiles/RAM.dir/C_/Users/nosla/Downloads/monorepo/stm32f413-drivers/HAL/F4XX/Src/stm32f4xx_ll_gpio.c.obj
LOAD CMakeFiles/RAM.dir/C_/Users/nosla/Downloads/monorepo/stm32f413-drivers/HAL/F4XX/Src/stm32f4xx_ll_i2c.c.obj
LOAD CMakeFiles/RAM.dir/C_/Users/nosla/Downloads/monorepo/stm32f413-drivers/HAL/F4XX/Src/stm32f4xx_ll_lptim.c.obj
LOAD CMakeFiles/RAM.dir/C_/Users/nosla/Downloads/monorepo/stm32f413-drivers/HAL/F4XX/Src/stm32f4xx_ll_pwr.c.obj
LOAD CMakeFiles/RAM.dir/C_/Users/nosla/Downloads/monorepo/stm32f413-drivers/HAL/F4XX/Src/stm32f4xx_ll_rcc.c.obj
LOAD CMakeFiles/RAM.dir/C_/Users/nosla/Downloads/monorepo/stm32f413-drivers/HAL/F4XX/Src/stm32f4xx_ll_rng.c.obj
LOAD CMakeFiles/RAM.dir/C_/Users/nosla/Downloads/monorepo/stm32f413-drivers/HAL/F4XX/Src/stm32f4xx_ll_rtc.c.obj
LOAD CMakeFiles/RAM.dir/C_/Users/nosla/Downloads/monorepo/stm32f413-drivers/HAL/F4XX/Src/stm32f4xx_ll_sdmmc.c.obj
LOAD CMakeFiles/RAM.dir/C_/Users/nosla/Downloads/monorepo/stm32f413-drivers/HAL/F4XX/Src/stm32f4xx_ll_spi.c.obj
LOAD CMakeFiles/RAM.dir/C_/Users/nosla/Downloads/monorepo/stm32f413-drivers/HAL/F4XX/Src/stm32f4xx_ll_tim.c.obj
LOAD CMakeFiles/RAM.dir/C_/Users/nosla/Downloads/monorepo/stm32f413-drivers/HAL/F4XX/Src/stm32f4xx_ll_usart.c.obj
LOAD CMakeFiles/RAM.dir/C_/Users/nosla/Downloads/monorepo/stm32f413-drivers/HAL/F4XX/Src/stm32f4xx_ll_usb.c.obj
LOAD CMakeFiles/RAM.dir/C_/Users/nosla/Downloads/monorepo/stm32f413-drivers/HAL/F4XX/Src/stm32f4xx_ll_utils.c.obj
LOAD CMakeFiles/RAM.dir/C_/Users/nosla/Downloads/monorepo/stm32f413-drivers/CMSIS/system_stm32f4xx.c.obj
LOAD CMakeFiles/RAM.dir/C_/Users/nosla/Downloads/monorepo/stm32f413-drivers/CMSIS/system_stm32h7xx.c.obj
LOAD stm32f413-drivers/libstm-drivers.a
LOAD dist/lib/libcn-cbor.a
LOAD stm32f413-drivers/CMR/libCMR.a
LOAD stm32f413-drivers/FreeRTOS/libfreertos_kernel.a
LOAD stm32f413-drivers/HAL/libHAL.a
START GROUP
LOAD C:/ST/STM32CubeCLT_1.16.0/GNU-tools-for-STM32/bin/../lib/gcc/arm-none-eabi/12.3.1/thumb/v7e-m+fp/hard\libgcc.a
LOAD C:/ST/STM32CubeCLT_1.16.0/GNU-tools-for-STM32/bin/../lib/gcc/arm-none-eabi/12.3.1/../../../../arm-none-eabi/lib/thumb/v7e-m+fp/hard\libc_nano.a
END GROUP
START GROUP
LOAD C:/ST/STM32CubeCLT_1.16.0/GNU-tools-for-STM32/bin/../lib/gcc/arm-none-eabi/12.3.1/thumb/v7e-m+fp/hard\libgcc.a
LOAD C:/ST/STM32CubeCLT_1.16.0/GNU-tools-for-STM32/bin/../lib/gcc/arm-none-eabi/12.3.1/../../../../arm-none-eabi/lib/thumb/v7e-m+fp/hard\libc_nano.a
END GROUP
LOAD C:/ST/STM32CubeCLT_1.16.0/GNU-tools-for-STM32/bin/../lib/gcc/arm-none-eabi/12.3.1/thumb/v7e-m+fp/hard/crtend.o
LOAD C:/ST/STM32CubeCLT_1.16.0/GNU-tools-for-STM32/bin/../lib/gcc/arm-none-eabi/12.3.1/thumb/v7e-m+fp/hard/crtn.o
                0x20050000                        _estack = (ORIGIN (RAM) + LENGTH (RAM))
                0x00000200                        _Min_Heap_Size = 0x200
                0x00000400                        _Min_Stack_Size = 0x400

.isr_vector     0x08000000      0x1d8
                0x08000000                        . = ALIGN (0x4)
 *(.isr_vector)
 .isr_vector    0x08000000      0x1d8 CMakeFiles/RAM.dir/Startup/startup_stm32f413rgtx.s.obj
                0x08000000                g_pfnVectors
                0x080001d8                        . = ALIGN (0x4)

.text           0x080001e0    0x12574
                0x080001e0                        . = ALIGN (0x4)
 *(.text)
 .text          0x080001e0       0x40 C:/ST/STM32CubeCLT_1.16.0/GNU-tools-for-STM32/bin/../lib/gcc/arm-none-eabi/12.3.1/thumb/v7e-m+fp/hard/crtbegin.o
 .text          0x08000220      0x378 C:/ST/STM32CubeCLT_1.16.0/GNU-tools-for-STM32/bin/../lib/gcc/arm-none-eabi/12.3.1/thumb/v7e-m+fp/hard\libgcc.a(_arm_addsubdf3.o)
                0x08000220                __aeabi_drsub
                0x08000228                __aeabi_dsub
                0x08000228                __subdf3
                0x0800022c                __aeabi_dadd
                0x0800022c                __adddf3
                0x080004a4                __floatunsidf
                0x080004a4                __aeabi_ui2d
                0x080004c4                __floatsidf
                0x080004c4                __aeabi_i2d
                0x080004e8                __aeabi_f2d
                0x080004e8                __extendsfdf2
                0x0800052c                __floatundidf
                0x0800052c                __aeabi_ul2d
                0x0800053c                __floatdidf
                0x0800053c                __aeabi_l2d
 .text          0x08000598      0x110 C:/ST/STM32CubeCLT_1.16.0/GNU-tools-for-STM32/bin/../lib/gcc/arm-none-eabi/12.3.1/thumb/v7e-m+fp/hard\libgcc.a(_arm_cmpdf2.o)
                0x08000598                __gtdf2
                0x08000598                __gedf2
                0x080005a0                __ltdf2
                0x080005a0                __ledf2
                0x080005a8                __nedf2
                0x080005a8                __eqdf2
                0x080005a8                __cmpdf2
                0x08000624                __aeabi_cdrcmple
                0x08000634                __aeabi_cdcmpeq
                0x08000634                __aeabi_cdcmple
                0x08000644                __aeabi_dcmpeq
                0x08000658                __aeabi_dcmplt
                0x0800066c                __aeabi_dcmple
                0x08000680                __aeabi_dcmpge
                0x08000694                __aeabi_dcmpgt
 .text          0x080006a8       0x50 C:/ST/STM32CubeCLT_1.16.0/GNU-tools-for-STM32/bin/../lib/gcc/arm-none-eabi/12.3.1/thumb/v7e-m+fp/hard\libgcc.a(_arm_fixdfsi.o)
                0x080006a8                __aeabi_d2iz
                0x080006a8                __fixdfsi
 .text          0x080006f8       0x40 C:/ST/STM32CubeCLT_1.16.0/GNU-tools-for-STM32/bin/../lib/gcc/arm-none-eabi/12.3.1/thumb/v7e-m+fp/hard\libgcc.a(_arm_fixunsdfsi.o)
                0x080006f8                __aeabi_d2uiz
                0x080006f8                __fixunsdfsi
 .text          0x08000738       0xa0 C:/ST/STM32CubeCLT_1.16.0/GNU-tools-for-STM32/bin/../lib/gcc/arm-none-eabi/12.3.1/thumb/v7e-m+fp/hard\libgcc.a(_arm_truncdfsf2.o)
                0x08000738                __truncdfsf2
                0x08000738                __aeabi_d2f
 .text          0x080007d8       0x30 C:/ST/STM32CubeCLT_1.16.0/GNU-tools-for-STM32/bin/../lib/gcc/arm-none-eabi/12.3.1/thumb/v7e-m+fp/hard\libgcc.a(_aeabi_uldivmod.o)
                0x080007d8                __aeabi_uldivmod
 .text          0x08000808       0x30 C:/ST/STM32CubeCLT_1.16.0/GNU-tools-for-STM32/bin/../lib/gcc/arm-none-eabi/12.3.1/thumb/v7e-m+fp/hard\libgcc.a(_fixdfdi.o)
                0x08000808                __fixdfdi
                0x08000808                __aeabi_d2lz
 .text          0x08000838       0x3c C:/ST/STM32CubeCLT_1.16.0/GNU-tools-for-STM32/bin/../lib/gcc/arm-none-eabi/12.3.1/thumb/v7e-m+fp/hard\libgcc.a(_fixunsdfdi.o)
                0x08000838                __fixunsdfdi
                0x08000838                __aeabi_d2ulz
 .text          0x08000874      0x2bc C:/ST/STM32CubeCLT_1.16.0/GNU-tools-for-STM32/bin/../lib/gcc/arm-none-eabi/12.3.1/thumb/v7e-m+fp/hard\libgcc.a(_udivmoddi4.o)
                0x08000874                __udivmoddi4
 .text          0x08000b30      0x294 C:/ST/STM32CubeCLT_1.16.0/GNU-tools-for-STM32/bin/../lib/gcc/arm-none-eabi/12.3.1/thumb/v7e-m+fp/hard\libgcc.a(fp16.o)
                0x08000dac                __gnu_f2h_ieee
                0x08000db0                __gnu_h2f_ieee
                0x08000db4                __gnu_f2h_alternative
                0x08000db8                __gnu_h2f_alternative
                0x08000dbc                __gnu_d2h_ieee
                0x08000dc0                __gnu_d2h_alternative
 .text          0x08000dc4        0x4 C:/ST/STM32CubeCLT_1.16.0/GNU-tools-for-STM32/bin/../lib/gcc/arm-none-eabi/12.3.1/thumb/v7e-m+fp/hard\libgcc.a(_dvmd_tls.o)
                0x08000dc4                __aeabi_idiv0
                0x08000dc4                __aeabi_ldiv0
 .text          0x08000dc8       0x14 C:/ST/STM32CubeCLT_1.16.0/GNU-tools-for-STM32/bin/../lib/gcc/arm-none-eabi/12.3.1/../../../../arm-none-eabi/lib/thumb/v7e-m+fp/hard\libc_nano.a(libc_a-strcmp.o)
                0x08000dc8                strcmp
 .text          0x08000ddc       0x10 C:/ST/STM32CubeCLT_1.16.0/GNU-tools-for-STM32/bin/../lib/gcc/arm-none-eabi/12.3.1/../../../../arm-none-eabi/lib/thumb/v7e-m+fp/hard\libc_nano.a(libc_a-strlen.o)
                0x08000ddc                strlen
 *fill*         0x08000dec        0x4 
 .text          0x08000df0       0xa0 C:/ST/STM32CubeCLT_1.16.0/GNU-tools-for-STM32/bin/../lib/gcc/arm-none-eabi/12.3.1/../../../../arm-none-eabi/lib/thumb/v7e-m+fp/hard\libc_nano.a(libc_a-memchr.o)
                0x08000df0                memchr
 .text          0x08000e90      0x424 C:/ST/STM32CubeCLT_1.16.0/GNU-tools-for-STM32/bin/../lib/gcc/arm-none-eabi/12.3.1/thumb/v7e-m+fp/hard\libgcc.a(_arm_muldivdf3.o)
                0x08000e90                __aeabi_dmul
                0x08000e90                __muldf3
                0x080010e4                __divdf3
                0x080010e4                __aeabi_ddiv
 *(.text*)
 .text.std      0x080012b4       0x6c C:/ST/STM32CubeCLT_1.16.0/GNU-tools-for-STM32/bin/../lib/gcc/arm-none-eabi/12.3.1/../../../../arm-none-eabi/lib/thumb/v7e-m+fp/hard\libc_nano.a(libc_a-findfp.o)
 .text.stdio_exit_handler
                0x08001320       0x18 C:/ST/STM32CubeCLT_1.16.0/GNU-tools-for-STM32/bin/../lib/gcc/arm-none-eabi/12.3.1/../../../../arm-none-eabi/lib/thumb/v7e-m+fp/hard\libc_nano.a(libc_a-findfp.o)
 .text.cleanup_stdio
                0x08001338       0x40 C:/ST/STM32CubeCLT_1.16.0/GNU-tools-for-STM32/bin/../lib/gcc/arm-none-eabi/12.3.1/../../../../arm-none-eabi/lib/thumb/v7e-m+fp/hard\libc_nano.a(libc_a-findfp.o)
 .text.global_stdio_init.part.0
                0x08001378       0x3c C:/ST/STM32CubeCLT_1.16.0/GNU-tools-for-STM32/bin/../lib/gcc/arm-none-eabi/12.3.1/../../../../arm-none-eabi/lib/thumb/v7e-m+fp/hard\libc_nano.a(libc_a-findfp.o)
 .text.__sfp_lock_acquire
                0x080013b4        0xc C:/ST/STM32CubeCLT_1.16.0/GNU-tools-for-STM32/bin/../lib/gcc/arm-none-eabi/12.3.1/../../../../arm-none-eabi/lib/thumb/v7e-m+fp/hard\libc_nano.a(libc_a-findfp.o)
                0x080013b4                __sfp_lock_acquire
 .text.__sfp_lock_release
                0x080013c0        0xc C:/ST/STM32CubeCLT_1.16.0/GNU-tools-for-STM32/bin/../lib/gcc/arm-none-eabi/12.3.1/../../../../arm-none-eabi/lib/thumb/v7e-m+fp/hard\libc_nano.a(libc_a-findfp.o)
                0x080013c0                __sfp_lock_release
 .text.__sinit  0x080013cc       0x30 C:/ST/STM32CubeCLT_1.16.0/GNU-tools-for-STM32/bin/../lib/gcc/arm-none-eabi/12.3.1/../../../../arm-none-eabi/lib/thumb/v7e-m+fp/hard\libc_nano.a(libc_a-findfp.o)
                0x080013cc                __sinit
 .text._fwalk_sglue
                0x080013fc       0x3c C:/ST/STM32CubeCLT_1.16.0/GNU-tools-for-STM32/bin/../lib/gcc/arm-none-eabi/12.3.1/../../../../arm-none-eabi/lib/thumb/v7e-m+fp/hard\libc_nano.a(libc_a-fwalk.o)
                0x080013fc                _fwalk_sglue
 .text.__sread  0x08001438       0x22 C:/ST/STM32CubeCLT_1.16.0/GNU-tools-for-STM32/bin/../lib/gcc/arm-none-eabi/12.3.1/../../../../arm-none-eabi/lib/thumb/v7e-m+fp/hard\libc_nano.a(libc_a-stdio.o)
                0x08001438                __sread
 .text.__swrite
                0x0800145a       0x38 C:/ST/STM32CubeCLT_1.16.0/GNU-tools-for-STM32/bin/../lib/gcc/arm-none-eabi/12.3.1/../../../../arm-none-eabi/lib/thumb/v7e-m+fp/hard\libc_nano.a(libc_a-stdio.o)
                0x0800145a                __swrite
 .text.__sseek  0x08001492       0x24 C:/ST/STM32CubeCLT_1.16.0/GNU-tools-for-STM32/bin/../lib/gcc/arm-none-eabi/12.3.1/../../../../arm-none-eabi/lib/thumb/v7e-m+fp/hard\libc_nano.a(libc_a-stdio.o)
                0x08001492                __sseek
 .text.__sclose
                0x080014b6        0x8 C:/ST/STM32CubeCLT_1.16.0/GNU-tools-for-STM32/bin/../lib/gcc/arm-none-eabi/12.3.1/../../../../arm-none-eabi/lib/thumb/v7e-m+fp/hard\libc_nano.a(libc_a-stdio.o)
                0x080014b6                __sclose
 .text.memset   0x080014be       0x10 C:/ST/STM32CubeCLT_1.16.0/GNU-tools-for-STM32/bin/../lib/gcc/arm-none-eabi/12.3.1/../../../../arm-none-eabi/lib/thumb/v7e-m+fp/hard\libc_nano.a(libc_a-memset.o)
                0x080014be                memset
 *fill*         0x080014ce        0x2 
 .text._close_r
                0x080014d0       0x20 C:/ST/STM32CubeCLT_1.16.0/GNU-tools-for-STM32/bin/../lib/gcc/arm-none-eabi/12.3.1/../../../../arm-none-eabi/lib/thumb/v7e-m+fp/hard\libc_nano.a(libc_a-closer.o)
                0x080014d0                _close_r
 .text._lseek_r
                0x080014f0       0x24 C:/ST/STM32CubeCLT_1.16.0/GNU-tools-for-STM32/bin/../lib/gcc/arm-none-eabi/12.3.1/../../../../arm-none-eabi/lib/thumb/v7e-m+fp/hard\libc_nano.a(libc_a-lseekr.o)
                0x080014f0                _lseek_r
 .text._read_r  0x08001514       0x24 C:/ST/STM32CubeCLT_1.16.0/GNU-tools-for-STM32/bin/../lib/gcc/arm-none-eabi/12.3.1/../../../../arm-none-eabi/lib/thumb/v7e-m+fp/hard\libc_nano.a(libc_a-readr.o)
                0x08001514                _read_r
 .text._write_r
                0x08001538       0x24 C:/ST/STM32CubeCLT_1.16.0/GNU-tools-for-STM32/bin/../lib/gcc/arm-none-eabi/12.3.1/../../../../arm-none-eabi/lib/thumb/v7e-m+fp/hard\libc_nano.a(libc_a-writer.o)
                0x08001538                _write_r
 .text.__libc_init_array
                0x0800155c       0x48 C:/ST/STM32CubeCLT_1.16.0/GNU-tools-for-STM32/bin/../lib/gcc/arm-none-eabi/12.3.1/../../../../arm-none-eabi/lib/thumb/v7e-m+fp/hard\libc_nano.a(libc_a-init.o)
                0x0800155c                __libc_init_array
 .text.__retarget_lock_init_recursive
                0x080015a4        0x2 C:/ST/STM32CubeCLT_1.16.0/GNU-tools-for-STM32/bin/../lib/gcc/arm-none-eabi/12.3.1/../../../../arm-none-eabi/lib/thumb/v7e-m+fp/hard\libc_nano.a(libc_a-lock.o)
                0x080015a4                __retarget_lock_init_recursive
 .text.__retarget_lock_acquire_recursive
                0x080015a6        0x2 C:/ST/STM32CubeCLT_1.16.0/GNU-tools-for-STM32/bin/../lib/gcc/arm-none-eabi/12.3.1/../../../../arm-none-eabi/lib/thumb/v7e-m+fp/hard\libc_nano.a(libc_a-lock.o)
                0x080015a6                __retarget_lock_acquire_recursive
 .text.__retarget_lock_release_recursive
                0x080015a8        0x2 C:/ST/STM32CubeCLT_1.16.0/GNU-tools-for-STM32/bin/../lib/gcc/arm-none-eabi/12.3.1/../../../../arm-none-eabi/lib/thumb/v7e-m+fp/hard\libc_nano.a(libc_a-lock.o)
                0x080015a8                __retarget_lock_release_recursive
 *fill*         0x080015aa        0x2 
 .text._free_r  0x080015ac       0x94 C:/ST/STM32CubeCLT_1.16.0/GNU-tools-for-STM32/bin/../lib/gcc/arm-none-eabi/12.3.1/../../../../arm-none-eabi/lib/thumb/v7e-m+fp/hard\libc_nano.a(libc_a-freer.o)
                0x080015ac                _free_r
 .text.sbrk_aligned
                0x08001640       0x44 C:/ST/STM32CubeCLT_1.16.0/GNU-tools-for-STM32/bin/../lib/gcc/arm-none-eabi/12.3.1/../../../../arm-none-eabi/lib/thumb/v7e-m+fp/hard\libc_nano.a(libc_a-mallocr.o)
 .text._malloc_r
                0x08001684      0x100 C:/ST/STM32CubeCLT_1.16.0/GNU-tools-for-STM32/bin/../lib/gcc/arm-none-eabi/12.3.1/../../../../arm-none-eabi/lib/thumb/v7e-m+fp/hard\libc_nano.a(libc_a-mallocr.o)
                0x08001684                _malloc_r
 .text.__malloc_lock
                0x08001784        0xc C:/ST/STM32CubeCLT_1.16.0/GNU-tools-for-STM32/bin/../lib/gcc/arm-none-eabi/12.3.1/../../../../arm-none-eabi/lib/thumb/v7e-m+fp/hard\libc_nano.a(libc_a-mlock.o)
                0x08001784                __malloc_lock
 .text.__malloc_unlock
                0x08001790        0xc C:/ST/STM32CubeCLT_1.16.0/GNU-tools-for-STM32/bin/../lib/gcc/arm-none-eabi/12.3.1/../../../../arm-none-eabi/lib/thumb/v7e-m+fp/hard\libc_nano.a(libc_a-mlock.o)
                0x08001790                __malloc_unlock
 .text.__sflush_r
                0x0800179c      0x108 C:/ST/STM32CubeCLT_1.16.0/GNU-tools-for-STM32/bin/../lib/gcc/arm-none-eabi/12.3.1/../../../../arm-none-eabi/lib/thumb/v7e-m+fp/hard\libc_nano.a(libc_a-fflush.o)
                0x0800179c                __sflush_r
 .text._fflush_r
                0x080018a4       0x50 C:/ST/STM32CubeCLT_1.16.0/GNU-tools-for-STM32/bin/../lib/gcc/arm-none-eabi/12.3.1/../../../../arm-none-eabi/lib/thumb/v7e-m+fp/hard\libc_nano.a(libc_a-fflush.o)
                0x080018a4                _fflush_r
 .text._sbrk_r  0x080018f4       0x20 C:/ST/STM32CubeCLT_1.16.0/GNU-tools-for-STM32/bin/../lib/gcc/arm-none-eabi/12.3.1/../../../../arm-none-eabi/lib/thumb/v7e-m+fp/hard\libc_nano.a(libc_a-sbrkr.o)
                0x080018f4                _sbrk_r
 .text.canRX    0x08001914       0xf0 CMakeFiles/RAM.dir/Src/can.c.obj
 .text.canInit  0x08001a04       0xe4 CMakeFiles/RAM.dir/Src/can.c.obj
                0x08001a04                canInit
 .text.canTX    0x08001ae8       0x4c CMakeFiles/RAM.dir/Src/can.c.obj
                0x08001ae8                canTX
 .text.set_default_settings
                0x08001b34       0x60 CMakeFiles/RAM.dir/Src/config.c.obj
                0x08001b34                set_default_settings
 .text.validate_settings
                0x08001b94        0xe CMakeFiles/RAM.dir/Src/config.c.obj
 *fill*         0x08001ba2        0x2 
 .text.commit_settings
                0x08001ba4       0x4c CMakeFiles/RAM.dir/Src/config.c.obj
                0x08001ba4                commit_settings
 .text.configInit
                0x08001bf0       0x7c CMakeFiles/RAM.dir/Src/config.c.obj
                0x08001bf0                configInit
 .text.gpioInit
                0x08001c6c       0x14 CMakeFiles/RAM.dir/Src/gpio.c.obj
                0x08001c6c                gpioInit
 .text.statusLED
                0x08001c80       0x48 CMakeFiles/RAM.dir/Src/main.c.obj
 .text.main     0x08001cc8       0x50 CMakeFiles/RAM.dir/Src/main.c.obj
                0x08001cc8                main
 .text.dtLookupStr
                0x08001d18       0x4c CMakeFiles/RAM.dir/Src/parser.c.obj
 .text.signal_apply_conversion
                0x08001d64       0x4a CMakeFiles/RAM.dir/Src/parser.c.obj
 *fill*         0x08001dae        0x2 
 .text.setSignalEnable
                0x08001db0       0x30 CMakeFiles/RAM.dir/Src/parser.c.obj
                0x08001db0                setSignalEnable
 .text.parseData
                0x08001de0     0x2178 CMakeFiles/RAM.dir/Src/parser.c.obj
                0x08001de0                parseData
 .text.parserInit
                0x08003f58      0x2a4 CMakeFiles/RAM.dir/Src/parser.c.obj
                0x08003f58                parserInit
 .text.pack_msg
                0x080041fc       0x24 CMakeFiles/RAM.dir/Src/sample.c.obj
 .text.sampleClearMsg
                0x08004220       0x28 CMakeFiles/RAM.dir/Src/sample.c.obj
                0x08004220                sampleClearMsg
 .text.sampleFmtMsg
                0x08004248      0x10c CMakeFiles/RAM.dir/Src/sample.c.obj
                0x08004248                sampleFmtMsg
 .text.addSample
                0x08004354       0xac CMakeFiles/RAM.dir/Src/sample.c.obj
                0x08004354                addSample
 .text.sampleInit
                0x08004400       0x34 CMakeFiles/RAM.dir/Src/sample.c.obj
                0x08004400                sampleInit
 .text._getpid  0x08004434       0x10 CMakeFiles/RAM.dir/Src/syscall.c.obj
                0x08004434                _getpid
 .text._kill    0x08004444       0x20 CMakeFiles/RAM.dir/Src/syscall.c.obj
                0x08004444                _kill
 .text._exit    0x08004464       0x16 CMakeFiles/RAM.dir/Src/syscall.c.obj
                0x08004464                _exit
 .text._read    0x0800447a       0x3a CMakeFiles/RAM.dir/Src/syscall.c.obj
                0x0800447a                _read
 .text._write   0x080044b4       0x38 CMakeFiles/RAM.dir/Src/syscall.c.obj
                0x080044b4                _write
 .text._close   0x080044ec       0x18 CMakeFiles/RAM.dir/Src/syscall.c.obj
                0x080044ec                _close
 .text._fstat   0x08004504       0x20 CMakeFiles/RAM.dir/Src/syscall.c.obj
                0x08004504                _fstat
 .text._isatty  0x08004524       0x16 CMakeFiles/RAM.dir/Src/syscall.c.obj
                0x08004524                _isatty
 .text._lseek   0x0800453a       0x1a CMakeFiles/RAM.dir/Src/syscall.c.obj
                0x0800453a                _lseek
 .text._sbrk    0x08004554       0x6c CMakeFiles/RAM.dir/Src/sysmem.c.obj
                0x08004554                _sbrk
 .text.DWT_Init
                0x080045c0       0x30 CMakeFiles/RAM.dir/Src/uart.c.obj
 .text.uartTX_Task
                0x080045f0       0xb0 CMakeFiles/RAM.dir/Src/uart.c.obj
 .text.uartRX_Task
                0x080046a0      0x2bc CMakeFiles/RAM.dir/Src/uart.c.obj
 .text.handle_command
                0x0800495c      0x5a0 CMakeFiles/RAM.dir/Src/uart.c.obj
 .text.uartInit
                0x08004efc       0xa0 CMakeFiles/RAM.dir/Src/uart.c.obj
                0x08004efc                uartInit
 .text.case_insensitive_strcmp
                0x08004f9c       0xd8 CMakeFiles/RAM.dir/cJSON/cJSON.c.obj
 .text.cJSON_New_Item
                0x08005074       0x2c CMakeFiles/RAM.dir/cJSON/cJSON.c.obj
 .text.cJSON_Delete
                0x080050a0       0xa0 CMakeFiles/RAM.dir/cJSON/cJSON.c.obj
                0x080050a0                cJSON_Delete
 .text.get_decimal_point
                0x08005140       0x10 CMakeFiles/RAM.dir/cJSON/cJSON.c.obj
 .text.parse_number
                0x08005150      0x198 CMakeFiles/RAM.dir/cJSON/cJSON.c.obj
 .text.parse_hex4
                0x080052e8       0xc4 CMakeFiles/RAM.dir/cJSON/cJSON.c.obj
 .text.utf16_literal_to_utf8
                0x080053ac      0x1d0 CMakeFiles/RAM.dir/cJSON/cJSON.c.obj
 .text.parse_string
                0x0800557c      0x290 CMakeFiles/RAM.dir/cJSON/cJSON.c.obj
 .text.buffer_skip_whitespace
                0x0800580c       0x80 CMakeFiles/RAM.dir/cJSON/cJSON.c.obj
 .text.skip_utf8_bom
                0x0800588c       0x68 CMakeFiles/RAM.dir/cJSON/cJSON.c.obj
 .text.cJSON_ParseWithOpts
                0x080058f4       0x38 CMakeFiles/RAM.dir/cJSON/cJSON.c.obj
                0x080058f4                cJSON_ParseWithOpts
 .text.cJSON_ParseWithLengthOpts
                0x0800592c      0x134 CMakeFiles/RAM.dir/cJSON/cJSON.c.obj
                0x0800592c                cJSON_ParseWithLengthOpts
 .text.cJSON_Parse
                0x08005a60       0x1c CMakeFiles/RAM.dir/cJSON/cJSON.c.obj
                0x08005a60                cJSON_Parse
 .text.parse_value
                0x08005a7c      0x1d8 CMakeFiles/RAM.dir/cJSON/cJSON.c.obj
 .text.parse_array
                0x08005c54      0x188 CMakeFiles/RAM.dir/cJSON/cJSON.c.obj
 .text.parse_object
                0x08005ddc      0x218 CMakeFiles/RAM.dir/cJSON/cJSON.c.obj
 .text.get_object_item
                0x08005ff4       0x90 CMakeFiles/RAM.dir/cJSON/cJSON.c.obj
 .text.cJSON_GetObjectItem
                0x08006084       0x1e CMakeFiles/RAM.dir/cJSON/cJSON.c.obj
                0x08006084                cJSON_GetObjectItem
 .text.cJSON_GetObjectItemCaseSensitive
                0x080060a2       0x1e CMakeFiles/RAM.dir/cJSON/cJSON.c.obj
                0x080060a2                cJSON_GetObjectItemCaseSensitive
 .text.cJSON_IsNumber
                0x080060c0       0x2e CMakeFiles/RAM.dir/cJSON/cJSON.c.obj
                0x080060c0                cJSON_IsNumber
 .text.cJSON_IsString
                0x080060ee       0x2e CMakeFiles/RAM.dir/cJSON/cJSON.c.obj
                0x080060ee                cJSON_IsString
 .text.cJSON_IsObject
                0x0800611c       0x2e CMakeFiles/RAM.dir/cJSON/cJSON.c.obj
                0x0800611c                cJSON_IsObject
 *fill*         0x0800614a        0x2 
 .text.Reset_Handler
                0x0800614c       0x50 CMakeFiles/RAM.dir/Startup/startup_stm32f413rgtx.s.obj
                0x0800614c                Reset_Handler
 *fill*         0x0800619c        0x4 
 .text.Default_Handler
                0x080061a0       0x14 CMakeFiles/RAM.dir/Startup/startup_stm32f413rgtx.s.obj
                0x080061a0                RTC_Alarm_IRQHandler
                0x080061a0                TIM8_CC_IRQHandler
                0x080061a0                FMPI2C1_EV_IRQHandler
                0x080061a0                SPI4_IRQHandler
                0x080061a0                TIM1_CC_IRQHandler
                0x080061a0                HardFault_Handler
                0x080061a0                PVD_IRQHandler
                0x080061a0                SDIO_IRQHandler
                0x080061a0                TAMP_STAMP_IRQHandler
                0x080061a0                PendSV_Handler
                0x080061a0                TIM8_TRG_COM_TIM14_IRQHandler
                0x080061a0                DFSDM1_FLT1_IRQHandler
                0x080061a0                TIM1_UP_TIM10_IRQHandler
                0x080061a0                TIM8_UP_TIM13_IRQHandler
                0x080061a0                I2C3_ER_IRQHandler
                0x080061a0                I2C2_EV_IRQHandler
                0x080061a0                FPU_IRQHandler
                0x080061a0                UsageFault_Handler
                0x080061a0                SPI1_IRQHandler
                0x080061a0                TIM6_DAC_IRQHandler
                0x080061a0                TIM1_BRK_TIM9_IRQHandler
                0x080061a0                DFSDM2_FLT3_IRQHandler
                0x080061a0                TIM4_IRQHandler
                0x080061a0                QUADSPI_IRQHandler
                0x080061a0                I2C1_EV_IRQHandler
                0x080061a0                TIM3_IRQHandler
                0x080061a0                RCC_IRQHandler
                0x080061a0                TIM8_BRK_TIM12_IRQHandler
                0x080061a0                Default_Handler
                0x080061a0                ADC_IRQHandler
                0x080061a0                DFSDM2_FLT0_IRQHandler
                0x080061a0                SPI5_IRQHandler
                0x080061a0                TIM7_IRQHandler
                0x080061a0                TIM5_IRQHandler
                0x080061a0                I2C3_EV_IRQHandler
                0x080061a0                DFSDM2_FLT2_IRQHandler
                0x080061a0                RTC_WKUP_IRQHandler
                0x080061a0                SPI2_IRQHandler
                0x080061a0                MemManage_Handler
                0x080061a0                SVC_Handler
                0x080061a0                FMPI2C1_ER_IRQHandler
                0x080061a0                DFSDM2_FLT1_IRQHandler
                0x080061a0                RNG_IRQHandler
                0x080061a0                FSMC_IRQHandler
                0x080061a0                WWDG_IRQHandler
                0x080061a0                TIM2_IRQHandler
                0x080061a0                OTG_FS_WKUP_IRQHandler
                0x080061a0                TIM1_TRG_COM_TIM11_IRQHandler
                0x080061a0                DFSDM1_FLT0_IRQHandler
                0x080061a0                I2C2_ER_IRQHandler
                0x080061a0                FLASH_IRQHandler
                0x080061a0                BusFault_Handler
                0x080061a0                OTG_FS_IRQHandler
                0x080061a0                SPI3_IRQHandler
                0x080061a0                I2C1_ER_IRQHandler
                0x080061a0                LPTIM1_IRQHandler
                0x080061a0                SAI1_IRQHandler
 .text.cmr_canFromHandle
                0x080061b4       0x1a CMakeFiles/RAM.dir/C_/Users/nosla/Downloads/monorepo/stm32f413-drivers/CMR/src/can.c.obj
 *fill*         0x080061ce        0x2 
 .text.cmr_canTXCpltCallback
                0x080061d0       0x54 CMakeFiles/RAM.dir/C_/Users/nosla/Downloads/monorepo/stm32f413-drivers/CMR/src/can.c.obj
 .text.HAL_CAN_TxMailbox0CompleteCallback
                0x08006224       0x16 CMakeFiles/RAM.dir/C_/Users/nosla/Downloads/monorepo/stm32f413-drivers/CMR/src/can.c.obj
                0x08006224                HAL_CAN_TxMailbox0CompleteCallback
 .text.HAL_CAN_TxMailbox0AbortCallback
                0x0800623a       0x16 CMakeFiles/RAM.dir/C_/Users/nosla/Downloads/monorepo/stm32f413-drivers/CMR/src/can.c.obj
                0x0800623a                HAL_CAN_TxMailbox0AbortCallback
 .text.HAL_CAN_TxMailbox1CompleteCallback
                0x08006250       0x16 CMakeFiles/RAM.dir/C_/Users/nosla/Downloads/monorepo/stm32f413-drivers/CMR/src/can.c.obj
                0x08006250                HAL_CAN_TxMailbox1CompleteCallback
 .text.HAL_CAN_TxMailbox1AbortCallback
                0x08006266       0x16 CMakeFiles/RAM.dir/C_/Users/nosla/Downloads/monorepo/stm32f413-drivers/CMR/src/can.c.obj
                0x08006266                HAL_CAN_TxMailbox1AbortCallback
 .text.HAL_CAN_TxMailbox2CompleteCallback
                0x0800627c       0x16 CMakeFiles/RAM.dir/C_/Users/nosla/Downloads/monorepo/stm32f413-drivers/CMR/src/can.c.obj
                0x0800627c                HAL_CAN_TxMailbox2CompleteCallback
 .text.HAL_CAN_TxMailbox2AbortCallback
                0x08006292       0x16 CMakeFiles/RAM.dir/C_/Users/nosla/Downloads/monorepo/stm32f413-drivers/CMR/src/can.c.obj
                0x08006292                HAL_CAN_TxMailbox2AbortCallback
 .text.HAL_CAN_ErrorCallback
                0x080062a8       0x68 CMakeFiles/RAM.dir/C_/Users/nosla/Downloads/monorepo/stm32f413-drivers/CMR/src/can.c.obj
                0x080062a8                HAL_CAN_ErrorCallback
 .text.cmr_canRXMetaFind
                0x08006310       0x4a CMakeFiles/RAM.dir/C_/Users/nosla/Downloads/monorepo/stm32f413-drivers/CMR/src/can.c.obj
 .text.cmr_canRXData
                0x0800635a       0x5c CMakeFiles/RAM.dir/C_/Users/nosla/Downloads/monorepo/stm32f413-drivers/CMR/src/can.c.obj
 .text.cmr_canRXPendingCallback
                0x080063b6       0x42 CMakeFiles/RAM.dir/C_/Users/nosla/Downloads/monorepo/stm32f413-drivers/CMR/src/can.c.obj
 .text.HAL_CAN_RxFifo0MsgPendingCallback
                0x080063f8       0x16 CMakeFiles/RAM.dir/C_/Users/nosla/Downloads/monorepo/stm32f413-drivers/CMR/src/can.c.obj
                0x080063f8                HAL_CAN_RxFifo0MsgPendingCallback
 .text.HAL_CAN_RxFifo1MsgPendingCallback
                0x0800640e       0x16 CMakeFiles/RAM.dir/C_/Users/nosla/Downloads/monorepo/stm32f413-drivers/CMR/src/can.c.obj
                0x0800640e                HAL_CAN_RxFifo1MsgPendingCallback
 .text.cmr_canInit
                0x08006424       0xe4 CMakeFiles/RAM.dir/C_/Users/nosla/Downloads/monorepo/stm32f413-drivers/CMR/src/can.c.obj
                0x08006424                cmr_canInit
 .text.cmr_canTX
                0x08006508       0x78 CMakeFiles/RAM.dir/C_/Users/nosla/Downloads/monorepo/stm32f413-drivers/CMR/src/can.c.obj
                0x08006508                cmr_canTX
 .text.cmr_canFilter
                0x08006580       0x1e CMakeFiles/RAM.dir/C_/Users/nosla/Downloads/monorepo/stm32f413-drivers/CMR/src/can.c.obj
                0x08006580                cmr_canFilter
 .text.cmr_canGPIOAF
                0x0800659e       0x1c CMakeFiles/RAM.dir/C_/Users/nosla/Downloads/monorepo/stm32f413-drivers/CMR/src/can.c.obj
                0x0800659e                cmr_canGPIOAF
 .text.cmr_configInit
                0x080065ba       0x22 CMakeFiles/RAM.dir/C_/Users/nosla/Downloads/monorepo/stm32f413-drivers/CMR/src/config.c.obj
                0x080065ba                cmr_configInit
 .text.cmr_configPull
                0x080065dc       0x24 CMakeFiles/RAM.dir/C_/Users/nosla/Downloads/monorepo/stm32f413-drivers/CMR/src/config.c.obj
                0x080065dc                cmr_configPull
 .text.cmr_configCommit
                0x08006600       0x16 CMakeFiles/RAM.dir/C_/Users/nosla/Downloads/monorepo/stm32f413-drivers/CMR/src/config.c.obj
                0x08006600                cmr_configCommit
 *fill*         0x08006616        0x2 
 .text.DMA1_Stream0_IRQHandler
                0x08006618       0x14 CMakeFiles/RAM.dir/C_/Users/nosla/Downloads/monorepo/stm32f413-drivers/CMR/src/dma.c.obj
                0x08006618                DMA1_Stream0_IRQHandler
 .text.DMA1_Stream1_IRQHandler
                0x0800662c       0x14 CMakeFiles/RAM.dir/C_/Users/nosla/Downloads/monorepo/stm32f413-drivers/CMR/src/dma.c.obj
                0x0800662c                DMA1_Stream1_IRQHandler
 .text.DMA1_Stream2_IRQHandler
                0x08006640       0x14 CMakeFiles/RAM.dir/C_/Users/nosla/Downloads/monorepo/stm32f413-drivers/CMR/src/dma.c.obj
                0x08006640                DMA1_Stream2_IRQHandler
 .text.DMA1_Stream3_IRQHandler
                0x08006654       0x14 CMakeFiles/RAM.dir/C_/Users/nosla/Downloads/monorepo/stm32f413-drivers/CMR/src/dma.c.obj
                0x08006654                DMA1_Stream3_IRQHandler
 .text.DMA1_Stream4_IRQHandler
                0x08006668       0x14 CMakeFiles/RAM.dir/C_/Users/nosla/Downloads/monorepo/stm32f413-drivers/CMR/src/dma.c.obj
                0x08006668                DMA1_Stream4_IRQHandler
 .text.DMA1_Stream5_IRQHandler
                0x0800667c       0x14 CMakeFiles/RAM.dir/C_/Users/nosla/Downloads/monorepo/stm32f413-drivers/CMR/src/dma.c.obj
                0x0800667c                DMA1_Stream5_IRQHandler
 .text.DMA1_Stream6_IRQHandler
                0x08006690       0x14 CMakeFiles/RAM.dir/C_/Users/nosla/Downloads/monorepo/stm32f413-drivers/CMR/src/dma.c.obj
                0x08006690                DMA1_Stream6_IRQHandler
 .text.DMA1_Stream7_IRQHandler
                0x080066a4       0x14 CMakeFiles/RAM.dir/C_/Users/nosla/Downloads/monorepo/stm32f413-drivers/CMR/src/dma.c.obj
                0x080066a4                DMA1_Stream7_IRQHandler
 .text.DMA2_Stream0_IRQHandler
                0x080066b8       0x14 CMakeFiles/RAM.dir/C_/Users/nosla/Downloads/monorepo/stm32f413-drivers/CMR/src/dma.c.obj
                0x080066b8                DMA2_Stream0_IRQHandler
 .text.DMA2_Stream1_IRQHandler
                0x080066cc       0x14 CMakeFiles/RAM.dir/C_/Users/nosla/Downloads/monorepo/stm32f413-drivers/CMR/src/dma.c.obj
                0x080066cc                DMA2_Stream1_IRQHandler
 .text.DMA2_Stream2_IRQHandler
                0x080066e0       0x14 CMakeFiles/RAM.dir/C_/Users/nosla/Downloads/monorepo/stm32f413-drivers/CMR/src/dma.c.obj
                0x080066e0                DMA2_Stream2_IRQHandler
 .text.DMA2_Stream3_IRQHandler
                0x080066f4       0x14 CMakeFiles/RAM.dir/C_/Users/nosla/Downloads/monorepo/stm32f413-drivers/CMR/src/dma.c.obj
                0x080066f4                DMA2_Stream3_IRQHandler
 .text.DMA2_Stream4_IRQHandler
                0x08006708       0x14 CMakeFiles/RAM.dir/C_/Users/nosla/Downloads/monorepo/stm32f413-drivers/CMR/src/dma.c.obj
                0x08006708                DMA2_Stream4_IRQHandler
 .text.DMA2_Stream5_IRQHandler
                0x0800671c       0x14 CMakeFiles/RAM.dir/C_/Users/nosla/Downloads/monorepo/stm32f413-drivers/CMR/src/dma.c.obj
                0x0800671c                DMA2_Stream5_IRQHandler
 .text.DMA2_Stream6_IRQHandler
                0x08006730       0x14 CMakeFiles/RAM.dir/C_/Users/nosla/Downloads/monorepo/stm32f413-drivers/CMR/src/dma.c.obj
                0x08006730                DMA2_Stream6_IRQHandler
 .text.DMA2_Stream7_IRQHandler
                0x08006744       0x14 CMakeFiles/RAM.dir/C_/Users/nosla/Downloads/monorepo/stm32f413-drivers/CMR/src/dma.c.obj
                0x08006744                DMA2_Stream7_IRQHandler
 .text.cmr_dmaInit
                0x08006758      0x2a8 CMakeFiles/RAM.dir/C_/Users/nosla/Downloads/monorepo/stm32f413-drivers/CMR/src/dma.c.obj
                0x08006758                cmr_dmaInit
 .text.CAN1_TX_IRQHandler
                0x08006a00       0x14 CMakeFiles/RAM.dir/C_/Users/nosla/Downloads/monorepo/stm32f413-drivers/CMR/src/f413.c.obj
                0x08006a00                CAN1_TX_IRQHandler
 .text.CAN1_RX0_IRQHandler
                0x08006a14       0x14 CMakeFiles/RAM.dir/C_/Users/nosla/Downloads/monorepo/stm32f413-drivers/CMR/src/f413.c.obj
                0x08006a14                CAN1_RX0_IRQHandler
 .text.CAN1_RX1_IRQHandler
                0x08006a28       0x14 CMakeFiles/RAM.dir/C_/Users/nosla/Downloads/monorepo/stm32f413-drivers/CMR/src/f413.c.obj
                0x08006a28                CAN1_RX1_IRQHandler
 .text.CAN1_SCE_IRQHandler
                0x08006a3c       0x14 CMakeFiles/RAM.dir/C_/Users/nosla/Downloads/monorepo/stm32f413-drivers/CMR/src/f413.c.obj
                0x08006a3c                CAN1_SCE_IRQHandler
 .text.CAN2_TX_IRQHandler
                0x08006a50       0x14 CMakeFiles/RAM.dir/C_/Users/nosla/Downloads/monorepo/stm32f413-drivers/CMR/src/f413.c.obj
                0x08006a50                CAN2_TX_IRQHandler
 .text.CAN2_RX0_IRQHandler
                0x08006a64       0x14 CMakeFiles/RAM.dir/C_/Users/nosla/Downloads/monorepo/stm32f413-drivers/CMR/src/f413.c.obj
                0x08006a64                CAN2_RX0_IRQHandler
 .text.CAN2_RX1_IRQHandler
                0x08006a78       0x14 CMakeFiles/RAM.dir/C_/Users/nosla/Downloads/monorepo/stm32f413-drivers/CMR/src/f413.c.obj
                0x08006a78                CAN2_RX1_IRQHandler
 .text.CAN2_SCE_IRQHandler
                0x08006a8c       0x14 CMakeFiles/RAM.dir/C_/Users/nosla/Downloads/monorepo/stm32f413-drivers/CMR/src/f413.c.obj
                0x08006a8c                CAN2_SCE_IRQHandler
 .text.CAN3_TX_IRQHandler
                0x08006aa0       0x14 CMakeFiles/RAM.dir/C_/Users/nosla/Downloads/monorepo/stm32f413-drivers/CMR/src/f413.c.obj
                0x08006aa0                CAN3_TX_IRQHandler
 .text.CAN3_RX0_IRQHandler
                0x08006ab4       0x14 CMakeFiles/RAM.dir/C_/Users/nosla/Downloads/monorepo/stm32f413-drivers/CMR/src/f413.c.obj
                0x08006ab4                CAN3_RX0_IRQHandler
 .text.CAN3_RX1_IRQHandler
                0x08006ac8       0x14 CMakeFiles/RAM.dir/C_/Users/nosla/Downloads/monorepo/stm32f413-drivers/CMR/src/f413.c.obj
                0x08006ac8                CAN3_RX1_IRQHandler
 .text.CAN3_SCE_IRQHandler
                0x08006adc       0x14 CMakeFiles/RAM.dir/C_/Users/nosla/Downloads/monorepo/stm32f413-drivers/CMR/src/f413.c.obj
                0x08006adc                CAN3_SCE_IRQHandler
 .text._platform_canGPIOAF
                0x08006af0       0x88 CMakeFiles/RAM.dir/C_/Users/nosla/Downloads/monorepo/stm32f413-drivers/CMR/src/f413.c.obj
                0x08006af0                _platform_canGPIOAF
 .text._platform_canInit
                0x08006b78      0x1c4 CMakeFiles/RAM.dir/C_/Users/nosla/Downloads/monorepo/stm32f413-drivers/CMR/src/f413.c.obj
                0x08006b78                _platform_canInit
 .text._platform_canFilter
                0x08006d3c       0xe0 CMakeFiles/RAM.dir/C_/Users/nosla/Downloads/monorepo/stm32f413-drivers/CMR/src/f413.c.obj
                0x08006d3c                _platform_canFilter
 .text._platform_rccSystemClockEnable
                0x08006e1c       0xe0 CMakeFiles/RAM.dir/C_/Users/nosla/Downloads/monorepo/stm32f413-drivers/CMR/src/f413.c.obj
                0x08006e1c                _platform_rccSystemClockEnable
 .text._platform_rccGPIOClockEnable
                0x08006efc      0x18c CMakeFiles/RAM.dir/C_/Users/nosla/Downloads/monorepo/stm32f413-drivers/CMR/src/f413.c.obj
                0x08006efc                _platform_rccGPIOClockEnable
 .text._platform_rccCANClockEnable
                0x08007088       0xb8 CMakeFiles/RAM.dir/C_/Users/nosla/Downloads/monorepo/stm32f413-drivers/CMR/src/f413.c.obj
                0x08007088                _platform_rccCANClockEnable
 .text.getSectorBase
                0x08007140       0xf8 CMakeFiles/RAM.dir/C_/Users/nosla/Downloads/monorepo/stm32f413-drivers/CMR/src/f413.c.obj
 .text.getSectorSize
                0x08007238       0xdc CMakeFiles/RAM.dir/C_/Users/nosla/Downloads/monorepo/stm32f413-drivers/CMR/src/f413.c.obj
 .text._platform_configInit
                0x08007314       0x5c CMakeFiles/RAM.dir/C_/Users/nosla/Downloads/monorepo/stm32f413-drivers/CMR/src/f413.c.obj
                0x08007314                _platform_configInit
 .text._platform_configCommit
                0x08007370       0xac CMakeFiles/RAM.dir/C_/Users/nosla/Downloads/monorepo/stm32f413-drivers/CMR/src/f413.c.obj
                0x08007370                _platform_configCommit
 .text.EXTI0_IRQHandler
                0x0800741c        0xc CMakeFiles/RAM.dir/C_/Users/nosla/Downloads/monorepo/stm32f413-drivers/CMR/src/gpio.c.obj
                0x0800741c                EXTI0_IRQHandler
 .text.EXTI1_IRQHandler
                0x08007428        0xc CMakeFiles/RAM.dir/C_/Users/nosla/Downloads/monorepo/stm32f413-drivers/CMR/src/gpio.c.obj
                0x08007428                EXTI1_IRQHandler
 .text.EXTI2_IRQHandler
                0x08007434        0xc CMakeFiles/RAM.dir/C_/Users/nosla/Downloads/monorepo/stm32f413-drivers/CMR/src/gpio.c.obj
                0x08007434                EXTI2_IRQHandler
 .text.EXTI3_IRQHandler
                0x08007440        0xc CMakeFiles/RAM.dir/C_/Users/nosla/Downloads/monorepo/stm32f413-drivers/CMR/src/gpio.c.obj
                0x08007440                EXTI3_IRQHandler
 .text.EXTI4_IRQHandler
                0x0800744c        0xc CMakeFiles/RAM.dir/C_/Users/nosla/Downloads/monorepo/stm32f413-drivers/CMR/src/gpio.c.obj
                0x0800744c                EXTI4_IRQHandler
 .text.EXTI9_5_IRQHandler
                0x08007458        0xe CMakeFiles/RAM.dir/C_/Users/nosla/Downloads/monorepo/stm32f413-drivers/CMR/src/gpio.c.obj
                0x08007458                EXTI9_5_IRQHandler
 .text.EXTI15_10_IRQHandler
                0x08007466        0xe CMakeFiles/RAM.dir/C_/Users/nosla/Downloads/monorepo/stm32f413-drivers/CMR/src/gpio.c.obj
                0x08007466                EXTI15_10_IRQHandler
 .text.cmr_gpioPinInit
                0x08007474       0x6c CMakeFiles/RAM.dir/C_/Users/nosla/Downloads/monorepo/stm32f413-drivers/CMR/src/gpio.c.obj
                0x08007474                cmr_gpioPinInit
 .text.cmr_gpioWrite
                0x080074e0       0x7c CMakeFiles/RAM.dir/C_/Users/nosla/Downloads/monorepo/stm32f413-drivers/CMR/src/gpio.c.obj
                0x080074e0                cmr_gpioWrite
 .text.cmr_gpioToggle
                0x0800755c       0x70 CMakeFiles/RAM.dir/C_/Users/nosla/Downloads/monorepo/stm32f413-drivers/CMR/src/gpio.c.obj
                0x0800755c                cmr_gpioToggle
 .text.SysTick_Handler
                0x080075cc       0x1c CMakeFiles/RAM.dir/C_/Users/nosla/Downloads/monorepo/stm32f413-drivers/CMR/src/interrupts.c.obj
                0x080075cc                SysTick_Handler
 .text.NMI_Handler
                0x080075e8        0xe CMakeFiles/RAM.dir/C_/Users/nosla/Downloads/monorepo/stm32f413-drivers/CMR/src/interrupts.c.obj
                0x080075e8                NMI_Handler
 .text.DebugMon_Handler
                0x080075f6        0xe CMakeFiles/RAM.dir/C_/Users/nosla/Downloads/monorepo/stm32f413-drivers/CMR/src/interrupts.c.obj
                0x080075f6                DebugMon_Handler
 .text.cmr_panicSetup
                0x08007604        0xe CMakeFiles/RAM.dir/C_/Users/nosla/Downloads/monorepo/stm32f413-drivers/CMR/src/panic.c.obj
                0x08007604                cmr_panicSetup
 .text.cmr_panic
                0x08007612        0xe CMakeFiles/RAM.dir/C_/Users/nosla/Downloads/monorepo/stm32f413-drivers/CMR/src/panic.c.obj
                0x08007612                cmr_panic
 .text.cmr_rccSystemClockEnable
                0x08007620        0xc CMakeFiles/RAM.dir/C_/Users/nosla/Downloads/monorepo/stm32f413-drivers/CMR/src/rcc.c.obj
                0x08007620                cmr_rccSystemClockEnable
 .text.cmr_rccGPIOClockEnable
                0x0800762c       0x16 CMakeFiles/RAM.dir/C_/Users/nosla/Downloads/monorepo/stm32f413-drivers/CMR/src/rcc.c.obj
                0x0800762c                cmr_rccGPIOClockEnable
 .text.cmr_rccCANClockEnable
                0x08007642       0x16 CMakeFiles/RAM.dir/C_/Users/nosla/Downloads/monorepo/stm32f413-drivers/CMR/src/rcc.c.obj
                0x08007642                cmr_rccCANClockEnable
 .text.cmr_rccUSARTClockEnable
                0x08007658      0x1f0 CMakeFiles/RAM.dir/C_/Users/nosla/Downloads/monorepo/stm32f413-drivers/CMR/src/rcc.c.obj
                0x08007658                cmr_rccUSARTClockEnable
 .text.cmr_taskInit
                0x08007848       0x50 CMakeFiles/RAM.dir/C_/Users/nosla/Downloads/monorepo/stm32f413-drivers/CMR/src/tasks.c.obj
                0x08007848                cmr_taskInit
 .text.vApplicationGetIdleTaskMemory
                0x08007898       0x34 CMakeFiles/RAM.dir/C_/Users/nosla/Downloads/monorepo/stm32f413-drivers/CMR/src/tasks.c.obj
                0x08007898                vApplicationGetIdleTaskMemory
 .text.vApplicationGetTimerTaskMemory
                0x080078cc       0x34 CMakeFiles/RAM.dir/C_/Users/nosla/Downloads/monorepo/stm32f413-drivers/CMR/src/tasks.c.obj
                0x080078cc                vApplicationGetTimerTaskMemory
 .text.cmr_uartDeviceInit
                0x08007900      0x1e8 CMakeFiles/RAM.dir/C_/Users/nosla/Downloads/monorepo/stm32f413-drivers/CMR/src/uart.c.obj
 .text.USART1_IRQHandler
                0x08007ae8       0x6c CMakeFiles/RAM.dir/C_/Users/nosla/Downloads/monorepo/stm32f413-drivers/CMR/src/uart.c.obj
                0x08007ae8                USART1_IRQHandler
 .text.USART2_IRQHandler
                0x08007b54       0x6c CMakeFiles/RAM.dir/C_/Users/nosla/Downloads/monorepo/stm32f413-drivers/CMR/src/uart.c.obj
                0x08007b54                USART2_IRQHandler
 .text.USART3_IRQHandler
                0x08007bc0       0x6c CMakeFiles/RAM.dir/C_/Users/nosla/Downloads/monorepo/stm32f413-drivers/CMR/src/uart.c.obj
                0x08007bc0                USART3_IRQHandler
 .text.UART4_IRQHandler
                0x08007c2c       0x6c CMakeFiles/RAM.dir/C_/Users/nosla/Downloads/monorepo/stm32f413-drivers/CMR/src/uart.c.obj
                0x08007c2c                UART4_IRQHandler
 .text.UART5_IRQHandler
                0x08007c98       0x6c CMakeFiles/RAM.dir/C_/Users/nosla/Downloads/monorepo/stm32f413-drivers/CMR/src/uart.c.obj
                0x08007c98                UART5_IRQHandler
 .text.USART6_IRQHandler
                0x08007d04       0x6c CMakeFiles/RAM.dir/C_/Users/nosla/Downloads/monorepo/stm32f413-drivers/CMR/src/uart.c.obj
                0x08007d04                USART6_IRQHandler
 .text.UART7_IRQHandler
                0x08007d70       0x6c CMakeFiles/RAM.dir/C_/Users/nosla/Downloads/monorepo/stm32f413-drivers/CMR/src/uart.c.obj
                0x08007d70                UART7_IRQHandler
 .text.UART8_IRQHandler
                0x08007ddc       0x6c CMakeFiles/RAM.dir/C_/Users/nosla/Downloads/monorepo/stm32f413-drivers/CMR/src/uart.c.obj
                0x08007ddc                UART8_IRQHandler
 .text.UART9_IRQHandler
                0x08007e48       0x6c CMakeFiles/RAM.dir/C_/Users/nosla/Downloads/monorepo/stm32f413-drivers/CMR/src/uart.c.obj
                0x08007e48                UART9_IRQHandler
 .text.UART10_IRQHandler
                0x08007eb4       0x6c CMakeFiles/RAM.dir/C_/Users/nosla/Downloads/monorepo/stm32f413-drivers/CMR/src/uart.c.obj
                0x08007eb4                UART10_IRQHandler
 .text.cmr_uartFromHandle
                0x08007f20       0x1a CMakeFiles/RAM.dir/C_/Users/nosla/Downloads/monorepo/stm32f413-drivers/CMR/src/uart.c.obj
 *fill*         0x08007f3a        0x2 
 .text.HAL_UART_TxCpltCallback
                0x08007f3c      0x104 CMakeFiles/RAM.dir/C_/Users/nosla/Downloads/monorepo/stm32f413-drivers/CMR/src/uart.c.obj
                0x08007f3c                HAL_UART_TxCpltCallback
 .text.HAL_UART_RxCpltCallback
                0x08008040      0x14c CMakeFiles/RAM.dir/C_/Users/nosla/Downloads/monorepo/stm32f413-drivers/CMR/src/uart.c.obj
                0x08008040                HAL_UART_RxCpltCallback
 .text.HAL_UART_AbortReceiveCpltCallback
                0x0800818c       0x16 CMakeFiles/RAM.dir/C_/Users/nosla/Downloads/monorepo/stm32f413-drivers/CMR/src/uart.c.obj
                0x0800818c                HAL_UART_AbortReceiveCpltCallback
 *fill*         0x080081a2        0x2 
 .text.cmr_uartInit
                0x080081a4      0x430 CMakeFiles/RAM.dir/C_/Users/nosla/Downloads/monorepo/stm32f413-drivers/CMR/src/uart.c.obj
                0x080081a4                cmr_uartInit
 .text.cmr_uartTX
                0x080085d4       0x9c CMakeFiles/RAM.dir/C_/Users/nosla/Downloads/monorepo/stm32f413-drivers/CMR/src/uart.c.obj
                0x080085d4                cmr_uartTX
 .text.cmr_uartRX
                0x08008670       0xc8 CMakeFiles/RAM.dir/C_/Users/nosla/Downloads/monorepo/stm32f413-drivers/CMR/src/uart.c.obj
                0x08008670                cmr_uartRX
 .text.cmr_uartMsgInit
                0x08008738       0x68 CMakeFiles/RAM.dir/C_/Users/nosla/Downloads/monorepo/stm32f413-drivers/CMR/src/uart.c.obj
                0x08008738                cmr_uartMsgInit
 .text.cmr_uartMsgWait
                0x080087a0       0x34 CMakeFiles/RAM.dir/C_/Users/nosla/Downloads/monorepo/stm32f413-drivers/CMR/src/uart.c.obj
                0x080087a0                cmr_uartMsgWait
 .text.HAL_Init
                0x080087d4       0x44 CMakeFiles/RAM.dir/C_/Users/nosla/Downloads/monorepo/stm32f413-drivers/HAL/F4XX/Src/stm32f4xx_hal.c.obj
                0x080087d4                HAL_Init
 .text.HAL_MspInit
                0x08008818        0xe CMakeFiles/RAM.dir/C_/Users/nosla/Downloads/monorepo/stm32f413-drivers/HAL/F4XX/Src/stm32f4xx_hal.c.obj
                0x08008818                HAL_MspInit
 *fill*         0x08008826        0x2 
 .text.HAL_InitTick
                0x08008828       0x60 CMakeFiles/RAM.dir/C_/Users/nosla/Downloads/monorepo/stm32f413-drivers/HAL/F4XX/Src/stm32f4xx_hal.c.obj
                0x08008828                HAL_InitTick
 .text.HAL_IncTick
                0x08008888       0x28 CMakeFiles/RAM.dir/C_/Users/nosla/Downloads/monorepo/stm32f413-drivers/HAL/F4XX/Src/stm32f4xx_hal.c.obj
                0x08008888                HAL_IncTick
 .text.HAL_GetTick
                0x080088b0       0x18 CMakeFiles/RAM.dir/C_/Users/nosla/Downloads/monorepo/stm32f413-drivers/HAL/F4XX/Src/stm32f4xx_hal.c.obj
                0x080088b0                HAL_GetTick
 .text.HAL_CAN_Init
                0x080088c8      0x1f6 CMakeFiles/RAM.dir/C_/Users/nosla/Downloads/monorepo/stm32f413-drivers/HAL/F4XX/Src/stm32f4xx_hal_can.c.obj
                0x080088c8                HAL_CAN_Init
 .text.HAL_CAN_MspInit
                0x08008abe       0x14 CMakeFiles/RAM.dir/C_/Users/nosla/Downloads/monorepo/stm32f413-drivers/HAL/F4XX/Src/stm32f4xx_hal_can.c.obj
                0x08008abe                HAL_CAN_MspInit
 *fill*         0x08008ad2        0x2 
 .text.HAL_CAN_ConfigFilter
                0x08008ad4      0x1d8 CMakeFiles/RAM.dir/C_/Users/nosla/Downloads/monorepo/stm32f413-drivers/HAL/F4XX/Src/stm32f4xx_hal_can.c.obj
                0x08008ad4                HAL_CAN_ConfigFilter
 .text.HAL_CAN_Start
                0x08008cac       0x88 CMakeFiles/RAM.dir/C_/Users/nosla/Downloads/monorepo/stm32f413-drivers/HAL/F4XX/Src/stm32f4xx_hal_can.c.obj
                0x08008cac                HAL_CAN_Start
 .text.HAL_CAN_AddTxMessage
                0x08008d34      0x1b6 CMakeFiles/RAM.dir/C_/Users/nosla/Downloads/monorepo/stm32f413-drivers/HAL/F4XX/Src/stm32f4xx_hal_can.c.obj
                0x08008d34                HAL_CAN_AddTxMessage
 .text.HAL_CAN_GetRxMessage
                0x08008eea      0x226 CMakeFiles/RAM.dir/C_/Users/nosla/Downloads/monorepo/stm32f413-drivers/HAL/F4XX/Src/stm32f4xx_hal_can.c.obj
                0x08008eea                HAL_CAN_GetRxMessage
 .text.HAL_CAN_ActivateNotification
                0x08009110       0x4c CMakeFiles/RAM.dir/C_/Users/nosla/Downloads/monorepo/stm32f413-drivers/HAL/F4XX/Src/stm32f4xx_hal_can.c.obj
                0x08009110                HAL_CAN_ActivateNotification
 .text.HAL_CAN_IRQHandler
                0x0800915c      0x36e CMakeFiles/RAM.dir/C_/Users/nosla/Downloads/monorepo/stm32f413-drivers/HAL/F4XX/Src/stm32f4xx_hal_can.c.obj
                0x0800915c                HAL_CAN_IRQHandler
 .text.HAL_CAN_RxFifo0FullCallback
                0x080094ca       0x14 CMakeFiles/RAM.dir/C_/Users/nosla/Downloads/monorepo/stm32f413-drivers/HAL/F4XX/Src/stm32f4xx_hal_can.c.obj
                0x080094ca                HAL_CAN_RxFifo0FullCallback
 .text.HAL_CAN_RxFifo1FullCallback
                0x080094de       0x14 CMakeFiles/RAM.dir/C_/Users/nosla/Downloads/monorepo/stm32f413-drivers/HAL/F4XX/Src/stm32f4xx_hal_can.c.obj
                0x080094de                HAL_CAN_RxFifo1FullCallback
 .text.HAL_CAN_SleepCallback
                0x080094f2       0x14 CMakeFiles/RAM.dir/C_/Users/nosla/Downloads/monorepo/stm32f413-drivers/HAL/F4XX/Src/stm32f4xx_hal_can.c.obj
                0x080094f2                HAL_CAN_SleepCallback
 .text.HAL_CAN_WakeUpFromRxMsgCallback
                0x08009506       0x14 CMakeFiles/RAM.dir/C_/Users/nosla/Downloads/monorepo/stm32f413-drivers/HAL/F4XX/Src/stm32f4xx_hal_can.c.obj
                0x08009506                HAL_CAN_WakeUpFromRxMsgCallback
 *fill*         0x0800951a        0x2 
 .text.__NVIC_SetPriorityGrouping
                0x0800951c       0x48 CMakeFiles/RAM.dir/C_/Users/nosla/Downloads/monorepo/stm32f413-drivers/HAL/F4XX/Src/stm32f4xx_hal_cortex.c.obj
 .text.__NVIC_GetPriorityGrouping
                0x08009564       0x1c CMakeFiles/RAM.dir/C_/Users/nosla/Downloads/monorepo/stm32f413-drivers/HAL/F4XX/Src/stm32f4xx_hal_cortex.c.obj
 .text.__NVIC_EnableIRQ
                0x08009580       0x3c CMakeFiles/RAM.dir/C_/Users/nosla/Downloads/monorepo/stm32f413-drivers/HAL/F4XX/Src/stm32f4xx_hal_cortex.c.obj
 .text.__NVIC_SetPriority
                0x080095bc       0x54 CMakeFiles/RAM.dir/C_/Users/nosla/Downloads/monorepo/stm32f413-drivers/HAL/F4XX/Src/stm32f4xx_hal_cortex.c.obj
 .text.NVIC_EncodePriority
                0x08009610       0x66 CMakeFiles/RAM.dir/C_/Users/nosla/Downloads/monorepo/stm32f413-drivers/HAL/F4XX/Src/stm32f4xx_hal_cortex.c.obj
 *fill*         0x08009676        0x2 
 .text.SysTick_Config
                0x08009678       0x44 CMakeFiles/RAM.dir/C_/Users/nosla/Downloads/monorepo/stm32f413-drivers/HAL/F4XX/Src/stm32f4xx_hal_cortex.c.obj
 .text.HAL_NVIC_SetPriorityGrouping
                0x080096bc       0x16 CMakeFiles/RAM.dir/C_/Users/nosla/Downloads/monorepo/stm32f413-drivers/HAL/F4XX/Src/stm32f4xx_hal_cortex.c.obj
                0x080096bc                HAL_NVIC_SetPriorityGrouping
 .text.HAL_NVIC_SetPriority
                0x080096d2       0x38 CMakeFiles/RAM.dir/C_/Users/nosla/Downloads/monorepo/stm32f413-drivers/HAL/F4XX/Src/stm32f4xx_hal_cortex.c.obj
                0x080096d2                HAL_NVIC_SetPriority
 .text.HAL_NVIC_EnableIRQ
                0x0800970a       0x1c CMakeFiles/RAM.dir/C_/Users/nosla/Downloads/monorepo/stm32f413-drivers/HAL/F4XX/Src/stm32f4xx_hal_cortex.c.obj
                0x0800970a                HAL_NVIC_EnableIRQ
 .text.HAL_SYSTICK_Config
                0x08009726       0x18 CMakeFiles/RAM.dir/C_/Users/nosla/Downloads/monorepo/stm32f413-drivers/HAL/F4XX/Src/stm32f4xx_hal_cortex.c.obj
                0x08009726                HAL_SYSTICK_Config
 *fill*         0x0800973e        0x2 
 .text.HAL_DMA_Init
                0x08009740      0x15c CMakeFiles/RAM.dir/C_/Users/nosla/Downloads/monorepo/stm32f413-drivers/HAL/F4XX/Src/stm32f4xx_hal_dma.c.obj
                0x08009740                HAL_DMA_Init
 .text.HAL_DMA_Start_IT
                0x0800989c       0xc0 CMakeFiles/RAM.dir/C_/Users/nosla/Downloads/monorepo/stm32f413-drivers/HAL/F4XX/Src/stm32f4xx_hal_dma.c.obj
                0x0800989c                HAL_DMA_Start_IT
 .text.HAL_DMA_Abort_IT
                0x0800995c       0x44 CMakeFiles/RAM.dir/C_/Users/nosla/Downloads/monorepo/stm32f413-drivers/HAL/F4XX/Src/stm32f4xx_hal_dma.c.obj
                0x0800995c                HAL_DMA_Abort_IT
 .text.HAL_DMA_IRQHandler
                0x080099a0      0x314 CMakeFiles/RAM.dir/C_/Users/nosla/Downloads/monorepo/stm32f413-drivers/HAL/F4XX/Src/stm32f4xx_hal_dma.c.obj
                0x080099a0                HAL_DMA_IRQHandler
 .text.DMA_SetConfig
                0x08009cb4       0x5c CMakeFiles/RAM.dir/C_/Users/nosla/Downloads/monorepo/stm32f413-drivers/HAL/F4XX/Src/stm32f4xx_hal_dma.c.obj
 .text.DMA_CalcBaseAndBitshift
                0x08009d10       0x6c CMakeFiles/RAM.dir/C_/Users/nosla/Downloads/monorepo/stm32f413-drivers/HAL/F4XX/Src/stm32f4xx_hal_dma.c.obj
 .text.DMA_CheckFifoParam
                0x08009d7c       0xf8 CMakeFiles/RAM.dir/C_/Users/nosla/Downloads/monorepo/stm32f413-drivers/HAL/F4XX/Src/stm32f4xx_hal_dma.c.obj
 .text.HAL_FLASH_Program
                0x08009e74       0xa8 CMakeFiles/RAM.dir/C_/Users/nosla/Downloads/monorepo/stm32f413-drivers/HAL/F4XX/Src/stm32f4xx_hal_flash.c.obj
                0x08009e74                HAL_FLASH_Program
 .text.HAL_FLASH_Unlock
                0x08009f1c       0x44 CMakeFiles/RAM.dir/C_/Users/nosla/Downloads/monorepo/stm32f413-drivers/HAL/F4XX/Src/stm32f4xx_hal_flash.c.obj
                0x08009f1c                HAL_FLASH_Unlock
 .text.HAL_FLASH_Lock
                0x08009f60       0x20 CMakeFiles/RAM.dir/C_/Users/nosla/Downloads/monorepo/stm32f413-drivers/HAL/F4XX/Src/stm32f4xx_hal_flash.c.obj
                0x08009f60                HAL_FLASH_Lock
 .text.FLASH_WaitForLastOperation
                0x08009f80       0x80 CMakeFiles/RAM.dir/C_/Users/nosla/Downloads/monorepo/stm32f413-drivers/HAL/F4XX/Src/stm32f4xx_hal_flash.c.obj
                0x08009f80                FLASH_WaitForLastOperation
 .text.FLASH_Program_DoubleWord
                0x0800a000       0x60 CMakeFiles/RAM.dir/C_/Users/nosla/Downloads/monorepo/stm32f413-drivers/HAL/F4XX/Src/stm32f4xx_hal_flash.c.obj
 .text.FLASH_Program_Word
                0x0800a060       0x44 CMakeFiles/RAM.dir/C_/Users/nosla/Downloads/monorepo/stm32f413-drivers/HAL/F4XX/Src/stm32f4xx_hal_flash.c.obj
 .text.FLASH_Program_HalfWord
                0x0800a0a4       0x48 CMakeFiles/RAM.dir/C_/Users/nosla/Downloads/monorepo/stm32f413-drivers/HAL/F4XX/Src/stm32f4xx_hal_flash.c.obj
 .text.FLASH_Program_Byte
                0x0800a0ec       0x44 CMakeFiles/RAM.dir/C_/Users/nosla/Downloads/monorepo/stm32f413-drivers/HAL/F4XX/Src/stm32f4xx_hal_flash.c.obj
 .text.FLASH_SetErrorCode
                0x0800a130       0xcc CMakeFiles/RAM.dir/C_/Users/nosla/Downloads/monorepo/stm32f413-drivers/HAL/F4XX/Src/stm32f4xx_hal_flash.c.obj
 .text.HAL_FLASHEx_Erase
                0x0800a1fc       0xe0 CMakeFiles/RAM.dir/C_/Users/nosla/Downloads/monorepo/stm32f413-drivers/HAL/F4XX/Src/stm32f4xx_hal_flash_ex.c.obj
                0x0800a1fc                HAL_FLASHEx_Erase
 .text.FLASH_MassErase
                0x0800a2dc       0x48 CMakeFiles/RAM.dir/C_/Users/nosla/Downloads/monorepo/stm32f413-drivers/HAL/F4XX/Src/stm32f4xx_hal_flash_ex.c.obj
 .text.FLASH_Erase_Sector
                0x0800a324       0x90 CMakeFiles/RAM.dir/C_/Users/nosla/Downloads/monorepo/stm32f413-drivers/HAL/F4XX/Src/stm32f4xx_hal_flash_ex.c.obj
                0x0800a324                FLASH_Erase_Sector
 .text.FLASH_FlushCaches
                0x0800a3b4       0x8c CMakeFiles/RAM.dir/C_/Users/nosla/Downloads/monorepo/stm32f413-drivers/HAL/F4XX/Src/stm32f4xx_hal_flash_ex.c.obj
                0x0800a3b4                FLASH_FlushCaches
 .text.HAL_GPIO_Init
                0x0800a440      0x328 CMakeFiles/RAM.dir/C_/Users/nosla/Downloads/monorepo/stm32f413-drivers/HAL/F4XX/Src/stm32f4xx_hal_gpio.c.obj
                0x0800a440                HAL_GPIO_Init
 .text.HAL_GPIO_WritePin
                0x0800a768       0x32 CMakeFiles/RAM.dir/C_/Users/nosla/Downloads/monorepo/stm32f413-drivers/HAL/F4XX/Src/stm32f4xx_hal_gpio.c.obj
                0x0800a768                HAL_GPIO_WritePin
 .text.HAL_GPIO_TogglePin
                0x0800a79a       0x36 CMakeFiles/RAM.dir/C_/Users/nosla/Downloads/monorepo/stm32f413-drivers/HAL/F4XX/Src/stm32f4xx_hal_gpio.c.obj
                0x0800a79a                HAL_GPIO_TogglePin
 .text.HAL_GPIO_EXTI_IRQHandler
                0x0800a7d0       0x30 CMakeFiles/RAM.dir/C_/Users/nosla/Downloads/monorepo/stm32f413-drivers/HAL/F4XX/Src/stm32f4xx_hal_gpio.c.obj
                0x0800a7d0                HAL_GPIO_EXTI_IRQHandler
 .text.HAL_GPIO_EXTI_Callback
                0x0800a800       0x16 CMakeFiles/RAM.dir/C_/Users/nosla/Downloads/monorepo/stm32f413-drivers/HAL/F4XX/Src/stm32f4xx_hal_gpio.c.obj
                0x0800a800                HAL_GPIO_EXTI_Callback
 *fill*         0x0800a816        0x2 
 .text.HAL_RCC_ClockConfig
                0x0800a818      0x1c4 CMakeFiles/RAM.dir/C_/Users/nosla/Downloads/monorepo/stm32f413-drivers/HAL/F4XX/Src/stm32f4xx_hal_rcc.c.obj
                0x0800a818                HAL_RCC_ClockConfig
 .text.HAL_RCC_GetSysClockFreq
                0x0800a9dc      0x18c CMakeFiles/RAM.dir/C_/Users/nosla/Downloads/monorepo/stm32f413-drivers/HAL/F4XX/Src/stm32f4xx_hal_rcc.c.obj
                0x0800a9dc                HAL_RCC_GetSysClockFreq
 .text.HAL_RCC_GetHCLKFreq
                0x0800ab68       0x18 CMakeFiles/RAM.dir/C_/Users/nosla/Downloads/monorepo/stm32f413-drivers/HAL/F4XX/Src/stm32f4xx_hal_rcc.c.obj
                0x0800ab68                HAL_RCC_GetHCLKFreq
 .text.HAL_RCC_GetPCLK1Freq
                0x0800ab80       0x28 CMakeFiles/RAM.dir/C_/Users/nosla/Downloads/monorepo/stm32f413-drivers/HAL/F4XX/Src/stm32f4xx_hal_rcc.c.obj
                0x0800ab80                HAL_RCC_GetPCLK1Freq
 .text.HAL_RCC_GetPCLK2Freq
                0x0800aba8       0x28 CMakeFiles/RAM.dir/C_/Users/nosla/Downloads/monorepo/stm32f413-drivers/HAL/F4XX/Src/stm32f4xx_hal_rcc.c.obj
                0x0800aba8                HAL_RCC_GetPCLK2Freq
 .text.HAL_RCC_OscConfig
                0x0800abd0      0x480 CMakeFiles/RAM.dir/C_/Users/nosla/Downloads/monorepo/stm32f413-drivers/HAL/F4XX/Src/stm32f4xx_hal_rcc_ex.c.obj
                0x0800abd0                HAL_RCC_OscConfig
 .text.HAL_UART_Init
                0x0800b050       0x9a CMakeFiles/RAM.dir/C_/Users/nosla/Downloads/monorepo/stm32f413-drivers/HAL/F4XX/Src/stm32f4xx_hal_uart.c.obj
                0x0800b050                HAL_UART_Init
 .text.HAL_UART_MspInit
                0x0800b0ea       0x14 CMakeFiles/RAM.dir/C_/Users/nosla/Downloads/monorepo/stm32f413-drivers/HAL/F4XX/Src/stm32f4xx_hal_uart.c.obj
                0x0800b0ea                HAL_UART_MspInit
 *fill*         0x0800b0fe        0x2 
 .text.HAL_UART_Transmit_DMA
                0x0800b100       0xd8 CMakeFiles/RAM.dir/C_/Users/nosla/Downloads/monorepo/stm32f413-drivers/HAL/F4XX/Src/stm32f4xx_hal_uart.c.obj
                0x0800b100                HAL_UART_Transmit_DMA
 .text.HAL_UART_Receive_DMA
                0x0800b1d8      0x100 CMakeFiles/RAM.dir/C_/Users/nosla/Downloads/monorepo/stm32f413-drivers/HAL/F4XX/Src/stm32f4xx_hal_uart.c.obj
                0x0800b1d8                HAL_UART_Receive_DMA
 .text.HAL_UART_AbortReceive_IT
                0x0800b2d8       0xb0 CMakeFiles/RAM.dir/C_/Users/nosla/Downloads/monorepo/stm32f413-drivers/HAL/F4XX/Src/stm32f4xx_hal_uart.c.obj
                0x0800b2d8                HAL_UART_AbortReceive_IT
 .text.HAL_UART_IRQHandler
                0x0800b388      0x1f4 CMakeFiles/RAM.dir/C_/Users/nosla/Downloads/monorepo/stm32f413-drivers/HAL/F4XX/Src/stm32f4xx_hal_uart.c.obj
                0x0800b388                HAL_UART_IRQHandler
 .text.HAL_UART_TxHalfCpltCallback
                0x0800b57c       0x14 CMakeFiles/RAM.dir/C_/Users/nosla/Downloads/monorepo/stm32f413-drivers/HAL/F4XX/Src/stm32f4xx_hal_uart.c.obj
                0x0800b57c                HAL_UART_TxHalfCpltCallback
 .text.HAL_UART_RxHalfCpltCallback
                0x0800b590       0x14 CMakeFiles/RAM.dir/C_/Users/nosla/Downloads/monorepo/stm32f413-drivers/HAL/F4XX/Src/stm32f4xx_hal_uart.c.obj
                0x0800b590                HAL_UART_RxHalfCpltCallback
 .text.HAL_UART_ErrorCallback
                0x0800b5a4       0x14 CMakeFiles/RAM.dir/C_/Users/nosla/Downloads/monorepo/stm32f413-drivers/HAL/F4XX/Src/stm32f4xx_hal_uart.c.obj
                0x0800b5a4                HAL_UART_ErrorCallback
 .text.UART_DMATransmitCplt
                0x0800b5b8       0x52 CMakeFiles/RAM.dir/C_/Users/nosla/Downloads/monorepo/stm32f413-drivers/HAL/F4XX/Src/stm32f4xx_hal_uart.c.obj
 .text.UART_DMATxHalfCplt
                0x0800b60a       0x1c CMakeFiles/RAM.dir/C_/Users/nosla/Downloads/monorepo/stm32f413-drivers/HAL/F4XX/Src/stm32f4xx_hal_uart.c.obj
 .text.UART_DMAReceiveCplt
                0x0800b626       0x68 CMakeFiles/RAM.dir/C_/Users/nosla/Downloads/monorepo/stm32f413-drivers/HAL/F4XX/Src/stm32f4xx_hal_uart.c.obj
 .text.UART_DMARxHalfCplt
                0x0800b68e       0x1c CMakeFiles/RAM.dir/C_/Users/nosla/Downloads/monorepo/stm32f413-drivers/HAL/F4XX/Src/stm32f4xx_hal_uart.c.obj
 .text.UART_DMAError
                0x0800b6aa       0x94 CMakeFiles/RAM.dir/C_/Users/nosla/Downloads/monorepo/stm32f413-drivers/HAL/F4XX/Src/stm32f4xx_hal_uart.c.obj
 .text.UART_EndTxTransfer
                0x0800b73e       0x2c CMakeFiles/RAM.dir/C_/Users/nosla/Downloads/monorepo/stm32f413-drivers/HAL/F4XX/Src/stm32f4xx_hal_uart.c.obj
 .text.UART_EndRxTransfer
                0x0800b76a       0x3c CMakeFiles/RAM.dir/C_/Users/nosla/Downloads/monorepo/stm32f413-drivers/HAL/F4XX/Src/stm32f4xx_hal_uart.c.obj
 .text.UART_DMAAbortOnError
                0x0800b7a6       0x28 CMakeFiles/RAM.dir/C_/Users/nosla/Downloads/monorepo/stm32f413-drivers/HAL/F4XX/Src/stm32f4xx_hal_uart.c.obj
 .text.UART_DMARxOnlyAbortCallback
                0x0800b7ce       0x2a CMakeFiles/RAM.dir/C_/Users/nosla/Downloads/monorepo/stm32f413-drivers/HAL/F4XX/Src/stm32f4xx_hal_uart.c.obj
 .text.UART_Transmit_IT
                0x0800b7f8       0xac CMakeFiles/RAM.dir/C_/Users/nosla/Downloads/monorepo/stm32f413-drivers/HAL/F4XX/Src/stm32f4xx_hal_uart.c.obj
 .text.UART_EndTransmit_IT
                0x0800b8a4       0x30 CMakeFiles/RAM.dir/C_/Users/nosla/Downloads/monorepo/stm32f413-drivers/HAL/F4XX/Src/stm32f4xx_hal_uart.c.obj
 .text.UART_Receive_IT
                0x0800b8d4      0x102 CMakeFiles/RAM.dir/C_/Users/nosla/Downloads/monorepo/stm32f413-drivers/HAL/F4XX/Src/stm32f4xx_hal_uart.c.obj
 *fill*         0x0800b9d6        0x2 
 .text.UART_SetConfig
                0x0800b9d8      0x414 CMakeFiles/RAM.dir/C_/Users/nosla/Downloads/monorepo/stm32f413-drivers/HAL/F4XX/Src/stm32f4xx_hal_uart.c.obj
 .text.SystemInit
                0x0800bdec       0x6c CMakeFiles/RAM.dir/C_/Users/nosla/Downloads/monorepo/stm32f413-drivers/CMSIS/system_stm32f4xx.c.obj
                0x0800bdec                SystemInit
 .text.cn_cbor_free
                0x0800be58       0x7c dist/lib/libcn-cbor.a(cn-cbor.c.obj)
                0x0800be58                cn_cbor_free
 .text.decode_half
                0x0800bed4       0xb4 dist/lib/libcn-cbor.a(cn-cbor.c.obj)
 .text.ntoh16p  0x0800bf88       0x30 dist/lib/libcn-cbor.a(cn-cbor.c.obj)
 .text.ntoh32p  0x0800bfb8       0x38 dist/lib/libcn-cbor.a(cn-cbor.c.obj)
 .text.ntoh64p  0x0800bff0       0x62 dist/lib/libcn-cbor.a(cn-cbor.c.obj)
 *fill*         0x0800c052        0x2 
 .text.decode_item
                0x0800c054      0x410 dist/lib/libcn-cbor.a(cn-cbor.c.obj)
 .text.cn_cbor_decode
                0x0800c464       0x86 dist/lib/libcn-cbor.a(cn-cbor.c.obj)
                0x0800c464                cn_cbor_decode
 .text.cn_cbor_map_create
                0x0800c4ea       0x54 dist/lib/libcn-cbor.a(cn-create.c.obj)
                0x0800c4ea                cn_cbor_map_create
 .text.cn_cbor_data_create
                0x0800c53e       0x56 dist/lib/libcn-cbor.a(cn-create.c.obj)
                0x0800c53e                cn_cbor_data_create
 .text.cn_cbor_string_create
                0x0800c594       0x5c dist/lib/libcn-cbor.a(cn-create.c.obj)
                0x0800c594                cn_cbor_string_create
 .text.cn_cbor_int_create
                0x0800c5f0       0x66 dist/lib/libcn-cbor.a(cn-create.c.obj)
                0x0800c5f0                cn_cbor_int_create
 .text._append_kv
                0x0800c656       0x5a dist/lib/libcn-cbor.a(cn-create.c.obj)
 .text.cn_cbor_mapput_int
                0x0800c6b0       0x5a dist/lib/libcn-cbor.a(cn-create.c.obj)
                0x0800c6b0                cn_cbor_mapput_int
 .text.cn_cbor_mapput_string
                0x0800c70a       0x5a dist/lib/libcn-cbor.a(cn-create.c.obj)
                0x0800c70a                cn_cbor_mapput_string
 .text.hton16p  0x0800c764       0x2e dist/lib/libcn-cbor.a(cn-encoder.c.obj)
                0x0800c764                hton16p
 .text.hton32p  0x0800c792       0x38 dist/lib/libcn-cbor.a(cn-encoder.c.obj)
                0x0800c792                hton32p
 .text.hton64p  0x0800c7ca       0x62 dist/lib/libcn-cbor.a(cn-encoder.c.obj)
 .text.is_indefinite
                0x0800c82c       0x26 dist/lib/libcn-cbor.a(cn-encoder.c.obj)
 *fill*         0x0800c852        0x2 
 .text._write_positive
                0x0800c854      0x254 dist/lib/libcn-cbor.a(cn-encoder.c.obj)
 .text._write_double
                0x0800caa8      0x27c dist/lib/libcn-cbor.a(cn-encoder.c.obj)
 .text._visit   0x0800cd24       0xb6 dist/lib/libcn-cbor.a(cn-encoder.c.obj)
 *fill*         0x0800cdda        0x2 
 .text._encoder_visitor
                0x0800cddc      0x2d4 dist/lib/libcn-cbor.a(cn-encoder.c.obj)
                0x0800cddc                _encoder_visitor
 .text._encoder_breaker
                0x0800d0b0       0x4e dist/lib/libcn-cbor.a(cn-encoder.c.obj)
                0x0800d0b0                _encoder_breaker
 *fill*         0x0800d0fe        0x2 
 .text.cn_cbor_encoder_write
                0x0800d100       0x4c dist/lib/libcn-cbor.a(cn-encoder.c.obj)
                0x0800d100                cn_cbor_encoder_write
 .text.cn_cbor_mapget_string
                0x0800d14c       0xa0 dist/lib/libcn-cbor.a(cn-get.c.obj)
                0x0800d14c                cn_cbor_mapget_string
 .text.pxPortInitialiseStack
                0x0800d1ec       0x68 stm32f413-drivers/FreeRTOS/libfreertos_kernel.a(port.c.obj)
                0x0800d1ec                pxPortInitialiseStack
 .text.prvTaskExitError
                0x0800d254       0x4c stm32f413-drivers/FreeRTOS/libfreertos_kernel.a(port.c.obj)
 .text.vPortSVCHandler
                0x0800d2a0       0x28 stm32f413-drivers/FreeRTOS/libfreertos_kernel.a(port.c.obj)
                0x0800d2a0                vPortSVCHandler
 .text.prvPortStartFirstTask
                0x0800d2c8       0x2c stm32f413-drivers/FreeRTOS/libfreertos_kernel.a(port.c.obj)
 .text.xPortStartScheduler
                0x0800d2f4      0x1a4 stm32f413-drivers/FreeRTOS/libfreertos_kernel.a(port.c.obj)
                0x0800d2f4                xPortStartScheduler
 .text.vPortEnterCritical
                0x0800d498       0x54 stm32f413-drivers/FreeRTOS/libfreertos_kernel.a(port.c.obj)
                0x0800d498                vPortEnterCritical
 .text.vPortExitCritical
                0x0800d4ec       0x48 stm32f413-drivers/FreeRTOS/libfreertos_kernel.a(port.c.obj)
                0x0800d4ec                vPortExitCritical
 *fill*         0x0800d534        0xc 
 .text.xPortPendSVHandler
                0x0800d540       0x68 stm32f413-drivers/FreeRTOS/libfreertos_kernel.a(port.c.obj)
                0x0800d540                xPortPendSVHandler
 .text.xPortSysTickHandler
                0x0800d5a8       0x44 stm32f413-drivers/FreeRTOS/libfreertos_kernel.a(port.c.obj)
                0x0800d5a8                xPortSysTickHandler
 .text.vPortSetupTimerInterrupt
                0x0800d5ec       0x48 stm32f413-drivers/FreeRTOS/libfreertos_kernel.a(port.c.obj)
                0x0800d5ec                vPortSetupTimerInterrupt
 .text.vPortEnableVFP
                0x0800d634       0x18 stm32f413-drivers/FreeRTOS/libfreertos_kernel.a(port.c.obj)
 .text.vPortValidateInterruptPriority
                0x0800d64c       0x6c stm32f413-drivers/FreeRTOS/libfreertos_kernel.a(port.c.obj)
                0x0800d64c                vPortValidateInterruptPriority
 .text.xQueueGenericReset
                0x0800d6b8      0x110 stm32f413-drivers/FreeRTOS/libfreertos_kernel.a(queue.c.obj)
                0x0800d6b8                xQueueGenericReset
 .text.xQueueGenericCreateStatic
                0x0800d7c8       0x9c stm32f413-drivers/FreeRTOS/libfreertos_kernel.a(queue.c.obj)
                0x0800d7c8                xQueueGenericCreateStatic
 .text.prvInitialiseNewQueue
                0x0800d864       0x3e stm32f413-drivers/FreeRTOS/libfreertos_kernel.a(queue.c.obj)
 *fill*         0x0800d8a2        0x2 
 .text.xQueueCreateCountingSemaphoreStatic
                0x0800d8a4       0x5c stm32f413-drivers/FreeRTOS/libfreertos_kernel.a(queue.c.obj)
                0x0800d8a4                xQueueCreateCountingSemaphoreStatic
 .text.xQueueGenericSend
                0x0800d900      0x1c0 stm32f413-drivers/FreeRTOS/libfreertos_kernel.a(queue.c.obj)
                0x0800d900                xQueueGenericSend
 .text.xQueueGiveFromISR
                0x0800dac0      0x11c stm32f413-drivers/FreeRTOS/libfreertos_kernel.a(queue.c.obj)
                0x0800dac0                xQueueGiveFromISR
 .text.xQueueReceive
                0x0800dbdc      0x194 stm32f413-drivers/FreeRTOS/libfreertos_kernel.a(queue.c.obj)
                0x0800dbdc                xQueueReceive
 .text.xQueueSemaphoreTake
                0x0800dd70      0x1d8 stm32f413-drivers/FreeRTOS/libfreertos_kernel.a(queue.c.obj)
                0x0800dd70                xQueueSemaphoreTake
 .text.xQueueReceiveFromISR
                0x0800df48      0x10c stm32f413-drivers/FreeRTOS/libfreertos_kernel.a(queue.c.obj)
                0x0800df48                xQueueReceiveFromISR
 .text.xQueuePeekFromISR
                0x0800e054       0xb0 stm32f413-drivers/FreeRTOS/libfreertos_kernel.a(queue.c.obj)
                0x0800e054                xQueuePeekFromISR
 .text.prvGetDisinheritPriorityAfterTimeout
                0x0800e104       0x30 stm32f413-drivers/FreeRTOS/libfreertos_kernel.a(queue.c.obj)
 .text.prvCopyDataToQueue
                0x0800e134       0xd4 stm32f413-drivers/FreeRTOS/libfreertos_kernel.a(queue.c.obj)
 .text.prvCopyDataFromQueue
                0x0800e208       0x4c stm32f413-drivers/FreeRTOS/libfreertos_kernel.a(queue.c.obj)
 .text.prvUnlockQueue
                0x0800e254       0xa4 stm32f413-drivers/FreeRTOS/libfreertos_kernel.a(queue.c.obj)
 .text.prvIsQueueEmpty
                0x0800e2f8       0x2c stm32f413-drivers/FreeRTOS/libfreertos_kernel.a(queue.c.obj)
 .text.prvIsQueueFull
                0x0800e324       0x30 stm32f413-drivers/FreeRTOS/libfreertos_kernel.a(queue.c.obj)
 .text.vQueueAddToRegistry
                0x0800e354       0x90 stm32f413-drivers/FreeRTOS/libfreertos_kernel.a(queue.c.obj)
                0x0800e354                vQueueAddToRegistry
 .text.vQueueWaitForMessageRestricted
                0x0800e3e4       0x68 stm32f413-drivers/FreeRTOS/libfreertos_kernel.a(queue.c.obj)
                0x0800e3e4                vQueueWaitForMessageRestricted
 .text.prvCreateStaticTask
                0x0800e44c       0x9c stm32f413-drivers/FreeRTOS/libfreertos_kernel.a(tasks.c.obj)
 .text.xTaskCreateStatic
                0x0800e4e8       0x48 stm32f413-drivers/FreeRTOS/libfreertos_kernel.a(tasks.c.obj)
                0x0800e4e8                xTaskCreateStatic
 .text.prvInitialiseNewTask
                0x0800e530       0xfc stm32f413-drivers/FreeRTOS/libfreertos_kernel.a(tasks.c.obj)
 .text.prvAddNewTaskToReadyList
                0x0800e62c      0x128 stm32f413-drivers/FreeRTOS/libfreertos_kernel.a(tasks.c.obj)
 .text.xTaskDelayUntil
                0x0800e754       0xe4 stm32f413-drivers/FreeRTOS/libfreertos_kernel.a(tasks.c.obj)
                0x0800e754                xTaskDelayUntil
 .text.prvCreateIdleTasks
                0x0800e838       0xd0 stm32f413-drivers/FreeRTOS/libfreertos_kernel.a(tasks.c.obj)
 .text.vTaskStartScheduler
                0x0800e908       0x80 stm32f413-drivers/FreeRTOS/libfreertos_kernel.a(tasks.c.obj)
                0x0800e908                vTaskStartScheduler
 .text.vTaskSuspendAll
                0x0800e988       0x1c stm32f413-drivers/FreeRTOS/libfreertos_kernel.a(tasks.c.obj)
                0x0800e988                vTaskSuspendAll
 .text.xTaskResumeAll
                0x0800e9a4      0x208 stm32f413-drivers/FreeRTOS/libfreertos_kernel.a(tasks.c.obj)
                0x0800e9a4                xTaskResumeAll
 .text.xTaskGetTickCount
                0x0800ebac       0x20 stm32f413-drivers/FreeRTOS/libfreertos_kernel.a(tasks.c.obj)
                0x0800ebac                xTaskGetTickCount
 .text.xTaskGetTickCountFromISR
                0x0800ebcc       0x24 stm32f413-drivers/FreeRTOS/libfreertos_kernel.a(tasks.c.obj)
                0x0800ebcc                xTaskGetTickCountFromISR
 .text.uxTaskGetNumberOfTasks
                0x0800ebf0       0x18 stm32f413-drivers/FreeRTOS/libfreertos_kernel.a(tasks.c.obj)
                0x0800ebf0                uxTaskGetNumberOfTasks
 .text.xTaskIncrementTick
                0x0800ec08      0x20c stm32f413-drivers/FreeRTOS/libfreertos_kernel.a(tasks.c.obj)
                0x0800ec08                xTaskIncrementTick
 .text.vTaskSwitchContext
                0x0800ee14       0xac stm32f413-drivers/FreeRTOS/libfreertos_kernel.a(tasks.c.obj)
                0x0800ee14                vTaskSwitchContext
 .text.vTaskPlaceOnEventList
                0x0800eec0       0x40 stm32f413-drivers/FreeRTOS/libfreertos_kernel.a(tasks.c.obj)
                0x0800eec0                vTaskPlaceOnEventList
 .text.vTaskPlaceOnEventListRestricted
                0x0800ef00       0x84 stm32f413-drivers/FreeRTOS/libfreertos_kernel.a(tasks.c.obj)
                0x0800ef00                vTaskPlaceOnEventListRestricted
 .text.xTaskRemoveFromEventList
                0x0800ef84      0x1a4 stm32f413-drivers/FreeRTOS/libfreertos_kernel.a(tasks.c.obj)
                0x0800ef84                xTaskRemoveFromEventList
 .text.vTaskInternalSetTimeOutState
                0x0800f128       0x2c stm32f413-drivers/FreeRTOS/libfreertos_kernel.a(tasks.c.obj)
                0x0800f128                vTaskInternalSetTimeOutState
 .text.xTaskCheckForTimeOut
                0x0800f154       0xbc stm32f413-drivers/FreeRTOS/libfreertos_kernel.a(tasks.c.obj)
                0x0800f154                xTaskCheckForTimeOut
 .text.vTaskMissedYield
                0x0800f210       0x18 stm32f413-drivers/FreeRTOS/libfreertos_kernel.a(tasks.c.obj)
                0x0800f210                vTaskMissedYield
 .text.prvIdleTask
                0x0800f228       0x30 stm32f413-drivers/FreeRTOS/libfreertos_kernel.a(tasks.c.obj)
 .text.prvInitialiseTaskLists
                0x0800f258       0x80 stm32f413-drivers/FreeRTOS/libfreertos_kernel.a(tasks.c.obj)
 .text.prvCheckTasksWaitingTermination
                0x0800f2d8       0x5c stm32f413-drivers/FreeRTOS/libfreertos_kernel.a(tasks.c.obj)
 .text.prvDeleteTCB
                0x0800f334       0x14 stm32f413-drivers/FreeRTOS/libfreertos_kernel.a(tasks.c.obj)
 .text.prvResetNextTaskUnblockTime
                0x0800f348       0x38 stm32f413-drivers/FreeRTOS/libfreertos_kernel.a(tasks.c.obj)
 .text.xTaskGetSchedulerState
                0x0800f380       0x3c stm32f413-drivers/FreeRTOS/libfreertos_kernel.a(tasks.c.obj)
                0x0800f380                xTaskGetSchedulerState
 .text.xTaskPriorityInherit
                0x0800f3bc      0x140 stm32f413-drivers/FreeRTOS/libfreertos_kernel.a(tasks.c.obj)
                0x0800f3bc                xTaskPriorityInherit
 .text.xTaskPriorityDisinherit
                0x0800f4fc      0x13c stm32f413-drivers/FreeRTOS/libfreertos_kernel.a(tasks.c.obj)
                0x0800f4fc                xTaskPriorityDisinherit
 .text.vTaskPriorityDisinheritAfterTimeout
                0x0800f638      0x164 stm32f413-drivers/FreeRTOS/libfreertos_kernel.a(tasks.c.obj)
                0x0800f638                vTaskPriorityDisinheritAfterTimeout
 .text.pvTaskIncrementMutexHeldCount
                0x0800f79c       0x30 stm32f413-drivers/FreeRTOS/libfreertos_kernel.a(tasks.c.obj)
                0x0800f79c                pvTaskIncrementMutexHeldCount
 .text.prvAddCurrentTaskToDelayedList
                0x0800f7cc      0x104 stm32f413-drivers/FreeRTOS/libfreertos_kernel.a(tasks.c.obj)
 .text.xTimerCreateTimerTask
                0x0800f8d0       0x88 stm32f413-drivers/FreeRTOS/libfreertos_kernel.a(timers.c.obj)
                0x0800f8d0                xTimerCreateTimerTask
 .text.prvReloadTimer
                0x0800f958       0x42 stm32f413-drivers/FreeRTOS/libfreertos_kernel.a(timers.c.obj)
 *fill*         0x0800f99a        0x2 
 .text.prvProcessExpiredTimer
                0x0800f99c       0x60 stm32f413-drivers/FreeRTOS/libfreertos_kernel.a(timers.c.obj)
 .text.prvTimerTask
                0x0800f9fc       0x24 stm32f413-drivers/FreeRTOS/libfreertos_kernel.a(timers.c.obj)
 .text.prvProcessTimerOrBlockTask
                0x0800fa20       0x9c stm32f413-drivers/FreeRTOS/libfreertos_kernel.a(timers.c.obj)
 .text.prvGetNextExpireTime
                0x0800fabc       0x48 stm32f413-drivers/FreeRTOS/libfreertos_kernel.a(timers.c.obj)
 .text.prvSampleTimeNow
                0x0800fb04       0x40 stm32f413-drivers/FreeRTOS/libfreertos_kernel.a(timers.c.obj)
 .text.prvInsertTimerInActiveList
                0x0800fb44       0x84 stm32f413-drivers/FreeRTOS/libfreertos_kernel.a(timers.c.obj)
 .text.prvProcessReceivedCommands
                0x0800fbc8      0x164 stm32f413-drivers/FreeRTOS/libfreertos_kernel.a(timers.c.obj)
 .text.prvSwitchTimerLists
                0x0800fd2c       0x4c stm32f413-drivers/FreeRTOS/libfreertos_kernel.a(timers.c.obj)
 .text.prvCheckForValidListAndQueue
                0x0800fd78       0x80 stm32f413-drivers/FreeRTOS/libfreertos_kernel.a(timers.c.obj)
 .text.vListInitialise