../stm32f413-drivers/FreeRTOS/queue.c:279:12:xQueueGenericReset	24	static,ignoring_inline_asm
../stm32f413-drivers/FreeRTOS/queue.c:334:16:xQueueGenericCreateStatic	40	static
../stm32f413-drivers/FreeRTOS/queue.c:433:13:prvInitialiseNewQueue	24	static
../stm32f413-drivers/FreeRTOS/queue.c:477:14:prvInitialiseMutex	16	static
../stm32f413-drivers/FreeRTOS/queue.c:523:16:xQueueCreateMutexStatic	40	static
../stm32f413-drivers/FreeRTOS/queue.c:670:16:xQueueCreateCountingSemaphoreStatic	40	static
../stm32f413-drivers/FreeRTOS/queue.c:724:12:xQueueGenericSend	48	static,ignoring_inline_asm
../stm32f413-drivers/FreeRTOS/queue.c:922:12:xQueueGenericSendFromISR	56	static,ignoring_inline_asm
../stm32f413-drivers/FreeRTOS/queue.c:1073:12:xQueueGiveFromISR	48	static,ignoring_inline_asm
../stm32f413-drivers/FreeRTOS/queue.c:1238:12:xQueueGenericReceive	48	static,ignoring_inline_asm
../stm32f413-drivers/FreeRTOS/queue.c:1435:12:xQueueReceiveFromISR	56	static,ignoring_inline_asm
../stm32f413-drivers/FreeRTOS/queue.c:1526:12:xQueuePeekFromISR	48	static,ignoring_inline_asm
../stm32f413-drivers/FreeRTOS/queue.c:1580:13:uxQueueMessagesWaiting	24	static
../stm32f413-drivers/FreeRTOS/queue.c:1596:13:uxQueueSpacesAvailable	24	static
../stm32f413-drivers/FreeRTOS/queue.c:1614:13:uxQueueMessagesWaitingFromISR	24	static
../stm32f413-drivers/FreeRTOS/queue.c:1626:6:vQueueDelete	24	static
../stm32f413-drivers/FreeRTOS/queue.c:1698:19:prvCopyDataToQueue	32	static
../stm32f413-drivers/FreeRTOS/queue.c:1777:13:prvCopyDataFromQueue	16	static
../stm32f413-drivers/FreeRTOS/queue.c:1795:13:prvUnlockQueue	24	static
../stm32f413-drivers/FreeRTOS/queue.c:1915:19:prvIsQueueEmpty	24	static
../stm32f413-drivers/FreeRTOS/queue.c:1936:12:xQueueIsQueueEmptyFromISR	24	static
../stm32f413-drivers/FreeRTOS/queue.c:1954:19:prvIsQueueFull	24	static
../stm32f413-drivers/FreeRTOS/queue.c:1975:12:xQueueIsQueueFullFromISR	24	static
../stm32f413-drivers/FreeRTOS/queue.c:2270:7:vQueueAddToRegistry	24	static
../stm32f413-drivers/FreeRTOS/queue.c:2299:14:pcQueueGetName	24	static
../stm32f413-drivers/FreeRTOS/queue.c:2327:7:vQueueUnregisterQueue	24	static
