../stm32f413-drivers/CMR/can.c:33:12:cmr_canTimeout	32	static
../stm32f413-drivers/CMR/can.c:71:5:cmr_canRXMetaTimeoutWarn	16	static
../stm32f413-drivers/CMR/can.c:85:5:cmr_canRXMetaTimeoutError	16	static
../stm32f413-drivers/CMR/can.c:103:25:cmr_canRXMetaFind	24	static
../stm32f413-drivers/CMR/can.c:124:13:cmr_canRXData	40	static
../stm32f413-drivers/CMR/can.c:156:19:cmr_canFromHandle	24	static
../stm32f413-drivers/CMR/can.c:163:6:cmr_FDcanInit	72	static
../stm32f413-drivers/CMR/can.c:222:13:cmr_canRXPendingCallback	72	static
../stm32f413-drivers/CMR/can.c:241:1:HAL_FDCAN_RxFifo0Callback	16	static
../stm32f413-drivers/CMR/can.c:242:1:HAL_FDCAN_RxFifo1Callback	16	static
../stm32f413-drivers/CMR/can.c:246:5:cmr_canTX	168	static
../stm32f413-drivers/CMR/can.c:301:6:HAL_FDCAN_ErrorCallback	24	static
../stm32f413-drivers/CMR/can.c:324:10:cmr_canGPIOAF	16	static
../stm32f413-drivers/CMR/can.c:605:6:cmr_canFieldEnable	32	static
../stm32f413-drivers/CMR/can.c:622:6:cmr_canFieldDisable	32	static
../stm32f413-drivers/CMR/can.c:636:6:cmr_canFilter	24	static
