../stm32f413-drivers/CMR/h725.c:39:6:FDCAN1_IT0_IRQHandler	8	static
../stm32f413-drivers/CMR/h725.c:43:6:FDCAN1_IT1_IRQHandler	8	static
../stm32f413-drivers/CMR/h725.c:46:6:FDCAN2_IT0_IRQHandler	8	static
../stm32f413-drivers/CMR/h725.c:50:6:FDCAN2_IT1_IRQHandler	8	static
../stm32f413-drivers/CMR/h725.c:53:6:FDCAN3_IT0_IRQHandler	8	static
../stm32f413-drivers/CMR/h725.c:57:6:FDCAN3_IT1_IRQHandler	8	static
../stm32f413-drivers/CMR/h725.c:69:10:_platform_FDcanGPIOAF	16	static
../stm32f413-drivers/CMR/h725.c:128:6:_platform_FDCANInit	288	static
../stm32f413-drivers/CMR/h725.c:223:6:_platform_canFilter	88	static
../stm32f413-drivers/CMR/h725.c:270:6:_platform_rccFDCanClockEnable	216	static
../stm32f413-drivers/CMR/h725.c:295:6:_platform_rccSystemClockEnable	120	static
../stm32f413-drivers/CMR/h725.c:378:6:_platform_rccSystemInternalClockEnable	120	static
../stm32f413-drivers/CMR/h725.c:439:6:_platform_rccGPIOClockEnable	48	static
../stm32f413-drivers/CMR/h725.c:479:6:_platform_rccADCClockEnable	208	static
../stm32f413-drivers/CMR/h725.c:508:24:_platform_adcChannelConfig	72	static
../stm32f413-drivers/CMR/h725.c:521:18:_platform_adcPinConfig	48	static
../stm32f413-drivers/CMR/h725.c:538:6:_platform_adcInit	4344	static
../stm32f413-drivers/CMR/h725.c:568:6:_platform_adcPoll	24	static
../stm32f413-drivers/CMR/h725.c:606:14:getSectorBase	16	static
../stm32f413-drivers/CMR/h725.c:619:15:getSectorSize	16	static
../stm32f413-drivers/CMR/h725.c:640:6:_platform_configInit	24	static
../stm32f413-drivers/CMR/h725.c:659:6:_platform_configCommit	48	static
../stm32f413-drivers/CMR/h725.c:699:6:_platform_rccTIMClockEnable	80	static
../stm32f413-drivers/CMR/h725.c:756:6:_platform_i2cInit	456	static
../stm32f413-drivers/CMR/h725.c:774:6:_platform_i2cClockInit	248	static
