../stm32f413-drivers/CMR/i2c.c:34:6:I2C1_EV_IRQHandler	8	static
../stm32f413-drivers/CMR/i2c.c:41:6:I2C2_EV_IRQHandler	8	static
../stm32f413-drivers/CMR/i2c.c:47:6:I2C1_ER_IRQHandler	8	static
../stm32f413-drivers/CMR/i2c.c:54:6:I2C2_ER_IRQHandler	8	static
../stm32f413-drivers/CMR/i2c.c:65:13:cmr_i2cDoneCallback	32	static,ignoring_inline_asm
../stm32f413-drivers/CMR/i2c.c:79:6:HAL_I2C_MasterTxCpltCallback	16	static
../stm32f413-drivers/CMR/i2c.c:83:6:HAL_I2C_MasterRxCpltCallback	16	static
../stm32f413-drivers/CMR/i2c.c:87:6:HAL_I2C_ErrorCallback	16	static
../stm32f413-drivers/CMR/i2c.c:98:10:i2cGPIOAF	24	static
../stm32f413-drivers/CMR/i2c.c:140:5:cmr_i2cTX	40	static
../stm32f413-drivers/CMR/i2c.c:168:5:cmr_i2cRX	40	static
../stm32f413-drivers/CMR/i2c.c:195:5:cmr_i2cMemRX	56	static
../stm32f413-drivers/CMR/i2c.c:223:6:cmr_i2cInit	48	static
