../stm32f413-drivers/CMR/rcc.c:19:6:cmr_rccSystemClockEnable	8	static
../stm32f413-drivers/CMR/rcc.c:27:6:cmr_rccSystemInternalClockEnable	8	static
../stm32f413-drivers/CMR/rcc.c:37:6:cmr_rccGPIOClockEnable	16	static
../stm32f413-drivers/CMR/rcc.c:48:6:cmr_rccADCClockEnable	16	static
../stm32f413-drivers/CMR/rcc.c:59:6:cmr_rccCANClockEnable	16	static
../stm32f413-drivers/CMR/rcc.c:70:6:cmr_rccI2CClockEnable	16	static
../stm32f413-drivers/CMR/rcc.c:81:6:cmr_rccSPIClockEnable	224	static
../stm32f413-drivers/CMR/rcc.c:130:6:cmr_rccUSARTClockEnable	56	static
../stm32f413-drivers/CMR/rcc.c:173:6:cmr_rccTIMClockEnable	16	static
