../stm32f413-drivers/CMR/uart.c:68:10:DMA_UART_Request_From_Instance	16	static
../stm32f413-drivers/CMR/uart.c:113:13:cmr_uartDeviceInit	32	static
../stm32f413-drivers/CMR/uart.c:167:1:USART1_IRQHandler	16	static
../stm32f413-drivers/CMR/uart.c:167:1:USART2_IRQHandler	16	static
../stm32f413-drivers/CMR/uart.c:167:1:USART3_IRQHandler	16	static
../stm32f413-drivers/CMR/uart.c:167:1:UART4_IRQHandler	16	static
../stm32f413-drivers/CMR/uart.c:167:1:UART5_IRQHandler	16	static
../stm32f413-drivers/CMR/uart.c:167:1:USART6_IRQHandler	16	static
../stm32f413-drivers/CMR/uart.c:167:1:UART7_IRQHandler	16	static
../stm32f413-drivers/CMR/uart.c:167:1:UART8_IRQHandler	16	static
../stm32f413-drivers/CMR/uart.c:167:1:UART9_IRQHandler	16	static
../stm32f413-drivers/CMR/uart.c:167:1:USART10_IRQHandler	16	static
../stm32f413-drivers/CMR/uart.c:179:20:cmr_uartFromHandle	24	static
../stm32f413-drivers/CMR/uart.c:192:6:HAL_UART_TxCpltCallback	32	static,ignoring_inline_asm
../stm32f413-drivers/CMR/uart.c:234:6:HAL_UART_RxCpltCallback	40	static,ignoring_inline_asm
../stm32f413-drivers/CMR/uart.c:286:6:HAL_UART_AbortReceiveCpltCallback	16	static
../stm32f413-drivers/CMR/uart.c:311:6:cmr_uartInit	936	static
../stm32f413-drivers/CMR/uart.c:438:6:cmr_uartTX	32	static
../stm32f413-drivers/CMR/uart.c:482:6:cmr_uartRX	32	static
../stm32f413-drivers/CMR/uart.c:528:6:cmr_uartMsgInit	24	static
../stm32f413-drivers/CMR/uart.c:544:6:cmr_uartMsgDestroy	16	static
../stm32f413-drivers/CMR/uart.c:559:8:cmr_uartMsgWait	16	static
../stm32f413-drivers/CMR/uart.c:573:6:cmr_uart_polling_init	912	static
../stm32f413-drivers/CMR/uart.c:618:19:cmr_uart_pollingTX	32	static
../stm32f413-drivers/CMR/uart.c:648:19:cmr_uart_pollingRX	32	static
