../stm32f413-drivers/CMR/can.c:28:19:cmr_canFromHandle	24	static
../stm32f413-drivers/CMR/can.c:42:13:cmr_canTXCpltCallback	24	static,ignoring_inline_asm
../stm32f413-drivers/CMR/can.c:72:1:HAL_CAN_TxMailbox0CompleteCallback	16	static
../stm32f413-drivers/CMR/can.c:72:1:HAL_CAN_TxMailbox0AbortCallback	16	static
../stm32f413-drivers/CMR/can.c:73:1:HAL_CAN_TxMailbox1CompleteCallback	16	static
../stm32f413-drivers/CMR/can.c:73:1:HAL_CAN_TxMailbox1AbortCallback	16	static
../stm32f413-drivers/CMR/can.c:74:1:HAL_CAN_TxMailbox2CompleteCallback	16	static
../stm32f413-drivers/CMR/can.c:74:1:HAL_CAN_TxMailbox2AbortCallback	16	static
../stm32f413-drivers/CMR/can.c:83:6:HAL_CAN_ErrorCallback	32	static,ignoring_inline_asm
../stm32f413-drivers/CMR/can.c:116:12:cmr_canTimeout	32	static
../stm32f413-drivers/CMR/can.c:148:5:cmr_canRXMetaTimeoutWarn	16	static
../stm32f413-drivers/CMR/can.c:162:5:cmr_canRXMetaTimeoutError	16	static
../stm32f413-drivers/CMR/can.c:178:25:cmr_canRXMetaFind	24	static
../stm32f413-drivers/CMR/can.c:199:13:cmr_canRXData	40	static
../stm32f413-drivers/CMR/can.c:225:13:cmr_canRXPendingCallback	56	static
../stm32f413-drivers/CMR/can.c:249:1:HAL_CAN_RxFifo0MsgPendingCallback	16	static
../stm32f413-drivers/CMR/can.c:250:1:HAL_CAN_RxFifo1MsgPendingCallback	16	static
../stm32f413-drivers/CMR/can.c:271:6:cmr_canInit	72	static
../stm32f413-drivers/CMR/can.c:342:5:cmr_canTX	64	static
../stm32f413-drivers/CMR/can.c:386:6:cmr_canFieldEnable	32	static
../stm32f413-drivers/CMR/can.c:403:6:cmr_canFieldDisable	32	static
../stm32f413-drivers/CMR/can.c:417:6:cmr_canFilter	24	static
../stm32f413-drivers/CMR/can.c:431:10:cmr_canGPIOAF	16	static
