../stm32f413-drivers/CMR/can.c:27:19:cmr_canFromHandle	24	static
../stm32f413-drivers/CMR/can.c:41:13:cmr_canTXCpltCallback	24	static,ignoring_inline_asm
../stm32f413-drivers/CMR/can.c:71:1:HAL_CAN_TxMailbox0CompleteCallback	16	static
../stm32f413-drivers/CMR/can.c:71:1:HAL_CAN_TxMailbox0AbortCallback	16	static
../stm32f413-drivers/CMR/can.c:72:1:HAL_CAN_TxMailbox1CompleteCallback	16	static
../stm32f413-drivers/CMR/can.c:72:1:HAL_CAN_TxMailbox1AbortCallback	16	static
../stm32f413-drivers/CMR/can.c:73:1:HAL_CAN_TxMailbox2CompleteCallback	16	static
../stm32f413-drivers/CMR/can.c:73:1:HAL_CAN_TxMailbox2AbortCallback	16	static
../stm32f413-drivers/CMR/can.c:82:6:HAL_CAN_ErrorCallback	32	static,ignoring_inline_asm
../stm32f413-drivers/CMR/can.c:115:12:cmr_canTimeout	32	static
../stm32f413-drivers/CMR/can.c:147:5:cmr_canRXMetaTimeoutWarn	16	static
../stm32f413-drivers/CMR/can.c:161:5:cmr_canRXMetaTimeoutError	16	static
../stm32f413-drivers/CMR/can.c:177:25:cmr_canRXMetaFind	24	static
../stm32f413-drivers/CMR/can.c:198:13:cmr_canRXData	40	static
../stm32f413-drivers/CMR/can.c:224:13:cmr_canRXPendingCallback	56	static
../stm32f413-drivers/CMR/can.c:246:1:HAL_CAN_RxFifo0MsgPendingCallback	16	static
../stm32f413-drivers/CMR/can.c:247:1:HAL_CAN_RxFifo1MsgPendingCallback	16	static
../stm32f413-drivers/CMR/can.c:268:6:cmr_canInit	72	static
../stm32f413-drivers/CMR/can.c:339:5:cmr_canTX	64	static
../stm32f413-drivers/CMR/can.c:383:6:cmr_canFieldEnable	32	static
../stm32f413-drivers/CMR/can.c:400:6:cmr_canFieldDisable	32	static
../stm32f413-drivers/CMR/can.c:414:6:cmr_canFilter	24	static
../stm32f413-drivers/CMR/can.c:428:10:cmr_canGPIOAF	16	static
