../stm32f413-drivers/CMR/dma.c:105:1:DMA1_Stream0_IRQHandler	8	static
../stm32f413-drivers/CMR/dma.c:105:1:DMA1_Stream1_IRQHandler	8	static
../stm32f413-drivers/CMR/dma.c:105:1:DMA1_Stream2_IRQHandler	8	static
../stm32f413-drivers/CMR/dma.c:105:1:DMA1_Stream3_IRQHandler	8	static
../stm32f413-drivers/CMR/dma.c:105:1:DMA1_Stream4_IRQHandler	8	static
../stm32f413-drivers/CMR/dma.c:105:1:DMA1_Stream5_IRQHandler	8	static
../stm32f413-drivers/CMR/dma.c:105:1:DMA1_Stream6_IRQHandler	8	static
../stm32f413-drivers/CMR/dma.c:105:1:DMA1_Stream7_IRQHandler	8	static
../stm32f413-drivers/CMR/dma.c:105:1:DMA2_Stream0_IRQHandler	8	static
../stm32f413-drivers/CMR/dma.c:105:1:DMA2_Stream1_IRQHandler	8	static
../stm32f413-drivers/CMR/dma.c:105:1:DMA2_Stream2_IRQHandler	8	static
../stm32f413-drivers/CMR/dma.c:105:1:DMA2_Stream3_IRQHandler	8	static
../stm32f413-drivers/CMR/dma.c:105:1:DMA2_Stream4_IRQHandler	8	static
../stm32f413-drivers/CMR/dma.c:105:1:DMA2_Stream5_IRQHandler	8	static
../stm32f413-drivers/CMR/dma.c:105:1:DMA2_Stream6_IRQHandler	8	static
../stm32f413-drivers/CMR/dma.c:105:1:DMA2_Stream7_IRQHandler	8	static
../stm32f413-drivers/CMR/dma.c:114:6:cmr_dmaInit	40	static
