../stm32f413-drivers/CMR/f413.c:60:1:CAN1_TX_IRQHandler	8	static
../stm32f413-drivers/CMR/f413.c:60:1:CAN1_RX0_IRQHandler	8	static
../stm32f413-drivers/CMR/f413.c:60:1:CAN1_RX1_IRQHandler	8	static
../stm32f413-drivers/CMR/f413.c:60:1:CAN1_SCE_IRQHandler	8	static
../stm32f413-drivers/CMR/f413.c:60:1:CAN2_TX_IRQHandler	8	static
../stm32f413-drivers/CMR/f413.c:60:1:CAN2_RX0_IRQHandler	8	static
../stm32f413-drivers/CMR/f413.c:60:1:CAN2_RX1_IRQHandler	8	static
../stm32f413-drivers/CMR/f413.c:60:1:CAN2_SCE_IRQHandler	8	static
../stm32f413-drivers/CMR/f413.c:60:1:CAN3_TX_IRQHandler	8	static
../stm32f413-drivers/CMR/f413.c:60:1:CAN3_RX0_IRQHandler	8	static
../stm32f413-drivers/CMR/f413.c:60:1:CAN3_RX1_IRQHandler	8	static
../stm32f413-drivers/CMR/f413.c:60:1:CAN3_SCE_IRQHandler	8	static
../stm32f413-drivers/CMR/f413.c:71:10:_platform_canGPIOAF	16	static
../stm32f413-drivers/CMR/f413.c:111:6:_platform_canInit	160	static
../stm32f413-drivers/CMR/f413.c:204:6:_platform_canFilter	88	static
../stm32f413-drivers/CMR/f413.c:264:6:_platform_rccSystemClockEnable	88	static
../stm32f413-drivers/CMR/f413.c:309:6:_platform_rccSystemInternalClockEnable	88	static
../stm32f413-drivers/CMR/f413.c:354:6:_platform_rccGPIOClockEnable	48	static
../stm32f413-drivers/CMR/f413.c:388:24:_platform_adcChannelConfig	40	static
../stm32f413-drivers/CMR/f413.c:400:18:_platform_adcPinConfig	48	static
../stm32f413-drivers/CMR/f413.c:417:6:_platform_rccADCClockEnable	24	static
../stm32f413-drivers/CMR/f413.c:432:6:_platform_adcInit	21328	static
../stm32f413-drivers/CMR/f413.c:464:6:_platform_rccCANClockEnable	32	static
../stm32f413-drivers/CMR/f413.c:512:14:getSectorBase	16	static
../stm32f413-drivers/CMR/f413.c:525:15:getSectorSize	16	static
../stm32f413-drivers/CMR/f413.c:546:6:_platform_configInit	24	static
../stm32f413-drivers/CMR/f413.c:567:6:_platform_configCommit	56	static
