../stm32f413-drivers/CMR/f413.c:60:1:CAN1_TX_IRQHandler	8	static
../stm32f413-drivers/CMR/f413.c:60:1:CAN1_RX0_IRQHandler	8	static
../stm32f413-drivers/CMR/f413.c:60:1:CAN1_RX1_IRQHandler	8	static
../stm32f413-drivers/CMR/f413.c:60:1:CAN1_SCE_IRQHandler	8	static
../stm32f413-drivers/CMR/f413.c:60:1:CAN2_TX_IRQHandler	8	static
../stm32f413-drivers/CMR/f413.c:60:1:CAN2_RX0_IRQHandler	8	static
../stm32f413-drivers/CMR/f413.c:60:1:CAN2_RX1_IRQHandler	8	static
../stm32f413-drivers/CMR/f413.c:60:1:CAN2_SCE_IRQHandler	8	static
../stm32f413-drivers/CMR/f413.c:60:1:CAN3_TX_IRQHandler	8	static
../stm32f413-drivers/CMR/f413.c:60:1:CAN3_RX0_IRQHandler	8	static
../stm32f413-drivers/CMR/f413.c:60:1:CAN3_RX1_IRQHandler	8	static
../stm32f413-drivers/CMR/f413.c:60:1:CAN3_SCE_IRQHandler	8	static
../stm32f413-drivers/CMR/f413.c:71:10:_platform_canGPIOAF	16	static
../stm32f413-drivers/CMR/f413.c:111:6:_platform_canInit	160	static
../stm32f413-drivers/CMR/f413.c:203:6:_platform_canFilter	88	static
../stm32f413-drivers/CMR/f413.c:263:6:_platform_rccSystemClockEnable	88	static
../stm32f413-drivers/CMR/f413.c:307:6:_platform_rccSystemInternalClockEnable	88	static
../stm32f413-drivers/CMR/f413.c:352:6:_platform_rccGPIOClockEnable	48	static
../stm32f413-drivers/CMR/f413.c:386:24:_platform_adcChannelConfig	40	static
../stm32f413-drivers/CMR/f413.c:398:18:_platform_adcPinConfig	48	static
../stm32f413-drivers/CMR/f413.c:415:6:_platform_rccADCClockEnable	24	static
../stm32f413-drivers/CMR/f413.c:430:6:_platform_adcInit	21328	static
../stm32f413-drivers/CMR/f413.c:462:6:_platform_rccCANClockEnable	32	static
../stm32f413-drivers/CMR/f413.c:510:14:getSectorBase	16	static
../stm32f413-drivers/CMR/f413.c:523:15:getSectorSize	16	static
../stm32f413-drivers/CMR/f413.c:544:6:_platform_configInit	24	static
../stm32f413-drivers/CMR/f413.c:565:6:_platform_configCommit	56	static
