../stm32f413-drivers/CMR/i2c.c:34:6:I2C1_EV_IRQHandler	8	static
../stm32f413-drivers/CMR/i2c.c:41:6:I2C2_EV_IRQHandler	8	static
../stm32f413-drivers/CMR/i2c.c:47:6:I2C1_ER_IRQHandler	8	static
../stm32f413-drivers/CMR/i2c.c:54:6:I2C2_ER_IRQHandler	8	static
../stm32f413-drivers/CMR/i2c.c:70:6:HAL_I2C_ErrorCallback	16	static
../stm32f413-drivers/CMR/i2c.c:80:13:cmr_i2cDoneCallback	32	static,ignoring_inline_asm
../stm32f413-drivers/CMR/i2c.c:93:6:HAL_I2C_MasterTxCpltCallback	16	static
../stm32f413-drivers/CMR/i2c.c:97:6:HAL_I2C_MasterRxCpltCallback	16	static
../stm32f413-drivers/CMR/i2c.c:112:5:cmr_i2cTX	40	static
../stm32f413-drivers/CMR/i2c.c:137:5:cmr_i2cRX	40	static
../stm32f413-drivers/CMR/i2c.c:166:6:cmr_i2cInit	480	static
../stm32f413-drivers/CMR/i2c.c:223:6:cmr_i2cDmaInit	488	static
../stm32f413-drivers/CMR/i2c.c:335:5:cmr_i2cIsReady	16	static
../stm32f413-drivers/CMR/i2c.c:350:5:cmr_i2cDmaTX	32	static
../stm32f413-drivers/CMR/i2c.c:383:5:cmr_i2cDmaRX	32	static
