../stm32f413-drivers/CMR/i2c.c:34:6:I2C1_EV_IRQHandler	8	static
../stm32f413-drivers/CMR/i2c.c:41:6:I2C2_EV_IRQHandler	8	static
../stm32f413-drivers/CMR/i2c.c:47:6:I2C1_ER_IRQHandler	8	static
../stm32f413-drivers/CMR/i2c.c:54:6:I2C2_ER_IRQHandler	8	static
../stm32f413-drivers/CMR/i2c.c:65:13:cmr_i2cDoneCallback	32	static,ignoring_inline_asm
../stm32f413-drivers/CMR/i2c.c:78:6:HAL_I2C_MasterTxCpltCallback	16	static
../stm32f413-drivers/CMR/i2c.c:82:6:HAL_I2C_MasterRxCpltCallback	16	static
../stm32f413-drivers/CMR/i2c.c:97:5:cmr_i2cTX	40	static
../stm32f413-drivers/CMR/i2c.c:122:5:cmr_i2cRX	40	static
../stm32f413-drivers/CMR/i2c.c:151:6:cmr_i2cInit	480	static
../stm32f413-drivers/CMR/i2c.c:208:6:cmr_i2cDmaInit	488	static
../stm32f413-drivers/CMR/i2c.c:315:5:cmr_i2cIsReady	16	static
../stm32f413-drivers/CMR/i2c.c:330:5:cmr_i2cDmaTX	32	static
../stm32f413-drivers/CMR/i2c.c:360:5:cmr_i2cDmaRX	32	static
