../stm32f413-drivers/CMR/i2c.c:36:6:I2C1_EV_IRQHandler	8	static
../stm32f413-drivers/CMR/i2c.c:43:6:I2C2_EV_IRQHandler	8	static
../stm32f413-drivers/CMR/i2c.c:49:6:I2C1_ER_IRQHandler	8	static
../stm32f413-drivers/CMR/i2c.c:56:6:I2C2_ER_IRQHandler	8	static
../stm32f413-drivers/CMR/i2c.c:79:13:cmr_i2cDoneCallback	32	static,ignoring_inline_asm
../stm32f413-drivers/CMR/i2c.c:93:6:HAL_I2C_MasterTxCpltCallback	16	static
../stm32f413-drivers/CMR/i2c.c:97:6:HAL_I2C_MasterRxCpltCallback	16	static
../stm32f413-drivers/CMR/i2c.c:101:6:HAL_I2C_ErrorCallback	24	static
../stm32f413-drivers/CMR/i2c.c:117:5:cmr_i2cTX	40	static
../stm32f413-drivers/CMR/i2c.c:142:5:cmr_i2cRX	40	static
../stm32f413-drivers/CMR/i2c.c:171:6:cmr_i2cInit	424	static
../stm32f413-drivers/CMR/i2c.c:228:6:cmr_i2cDmaInit	432	static
../stm32f413-drivers/CMR/i2c.c:342:5:cmr_i2cIsReady	16	static
../stm32f413-drivers/CMR/i2c.c:357:5:cmr_i2cDmaTX	32	static
../stm32f413-drivers/CMR/i2c.c:401:5:cmr_i2cDmaRX	32	static
../stm32f413-drivers/CMR/i2c.c:435:12:wait_for_gpio_state_timeout	32	static,ignoring_inline_asm
../stm32f413-drivers/CMR/i2c.c:458:13:I2C_ClearBusyFlagErratum	56	static,ignoring_inline_asm
