../stm32f413-drivers/CMR/uart.c:65:13:cmr_uartDeviceInit	32	static
../stm32f413-drivers/CMR/uart.c:119:1:USART1_IRQHandler	24	static
../stm32f413-drivers/CMR/uart.c:119:1:USART2_IRQHandler	24	static
../stm32f413-drivers/CMR/uart.c:119:1:USART3_IRQHandler	24	static
../stm32f413-drivers/CMR/uart.c:119:1:UART4_IRQHandler	24	static
../stm32f413-drivers/CMR/uart.c:119:1:UART5_IRQHandler	24	static
../stm32f413-drivers/CMR/uart.c:119:1:USART6_IRQHandler	24	static
../stm32f413-drivers/CMR/uart.c:119:1:UART7_IRQHandler	24	static
../stm32f413-drivers/CMR/uart.c:119:1:UART8_IRQHandler	24	static
../stm32f413-drivers/CMR/uart.c:119:1:UART9_IRQHandler	24	static
../stm32f413-drivers/CMR/uart.c:119:1:UART10_IRQHandler	24	static
../stm32f413-drivers/CMR/uart.c:131:20:cmr_uartFromHandle	24	static
../stm32f413-drivers/CMR/uart.c:144:6:HAL_UART_TxCpltCallback	32	static,ignoring_inline_asm
../stm32f413-drivers/CMR/uart.c:186:6:HAL_UART_RxCpltCallback	40	static,ignoring_inline_asm
../stm32f413-drivers/CMR/uart.c:238:6:HAL_UART_AbortReceiveCpltCallback	16	static
../stm32f413-drivers/CMR/uart.c:263:6:cmr_uartInit	784	static
../stm32f413-drivers/CMR/uart.c:382:6:cmr_uartTX	32	static
../stm32f413-drivers/CMR/uart.c:426:6:cmr_uartRX	32	static
../stm32f413-drivers/CMR/uart.c:472:6:cmr_uartMsgInit	24	static
../stm32f413-drivers/CMR/uart.c:488:6:cmr_uartMsgDestroy	16	static
../stm32f413-drivers/CMR/uart.c:503:8:cmr_uartMsgWait	16	static
../stm32f413-drivers/CMR/uart.c:517:6:cmr_uart_polling_init	776	static
../stm32f413-drivers/CMR/uart.c:562:19:cmr_uart_pollingTX	32	static
../stm32f413-drivers/CMR/uart.c:592:19:cmr_uart_pollingRX	32	static
