../BMB_task.c:65:13:setBMBErr	16	static
../BMB_task.c:72:16:adcOutputToVoltage	24	static
../BMB_task.c:79:16:lutTemp	24	static
../BMB_task.c:107:6:updateBMBData	32	static
../BMB_task.c:122:6:setAllBMBsTimeout	16	static
../BMB_task.c:128:6:BMBInit	16	static
../BMB_task.c:136:6:sampleOneBMB	24	static
../BMB_task.c:182:6:doCellBalanceOneBMB	40	static
../BMB_task.c:220:6:doCellBalanceAllBMBs	120	static
../BMB_task.c:285:6:calculateOneBMB	24	static
../BMB_task.c:295:6:vBMBSampleTask	24	static
../BMB_task.c:350:16:linearTemp	16	static
../BMB_task.c:355:9:getBMBMaxTempIndex	24	static
../BMB_task.c:368:9:getBMBMinTempIndex	24	static
../BMB_task.c:381:9:getBMBMaxVoltIndex	24	static
../BMB_task.c:394:9:getBMBMinVoltIndex	24	static
../BMB_task.c:409:9:getBMBTemp	16	static
../BMB_task.c:413:10:getBMBVoltage	16	static
../BMB_task.c:417:10:getPackMaxCellVoltage	16	static
../BMB_task.c:435:10:getPackMinCellVoltage	16	static
../BMB_task.c:453:10:getPackMaxCellTemp	16	static
../BMB_task.c:471:10:getPackMinCellTemp	16	static
../BMB_task.c:489:6:getBMSMinMaxCellVoltage	24	static
../BMB_task.c:525:6:getBMSMinMaxCellTemperature	24	static
../BMB_task.c:561:13:getBMBData	16	static
../BMB_task.c:565:9:getBattMillivolts	16	static
