../BMB_task.c:58:16:adcOutputToVoltage	24	static
../BMB_task.c:65:16:lutTemp	96	static
../BMB_task.c:100:6:updateBMBData	32	static
../BMB_task.c:115:6:setAllBMBsTimeout	16	static
../BMB_task.c:121:6:BMBInit	16	static
../BMB_task.c:129:6:sampleOneBMB	24	static
../BMB_task.c:164:6:doCellBalanceOneBMB	40	static
../BMB_task.c:202:6:doCellBalanceAllBMBs	64	static
../BMB_task.c:267:6:calculateOneBMB	24	static
../BMB_task.c:277:6:vBMBSampleTask	24	static
../BMB_task.c:332:16:linearTemp	16	static
../BMB_task.c:337:9:getBMBMaxTempIndex	24	static
../BMB_task.c:350:9:getBMBMinTempIndex	24	static
../BMB_task.c:363:9:getBMBMaxVoltIndex	24	static
../BMB_task.c:376:9:getBMBMinVoltIndex	24	static
../BMB_task.c:391:9:getBMBTemp	16	static
../BMB_task.c:395:10:getBMBVoltage	16	static
../BMB_task.c:399:10:getPackMaxCellVoltage	16	static
../BMB_task.c:417:10:getPackMinCellVoltage	16	static
../BMB_task.c:435:10:getPackMaxCellTemp	16	static
../BMB_task.c:453:10:getPackMinCellTemp	16	static
../BMB_task.c:471:6:getBMSMinMaxCellVoltage	24	static
../BMB_task.c:507:6:getBMSMinMaxCellTemperature	24	static
../BMB_task.c:543:13:getBMBData	16	static
../BMB_task.c:547:9:getBattMillivolts	16	static
