../BMB_task.c:58:16:adcOutputToVoltage	24	static
../BMB_task.c:65:16:lutTemp	96	static
../BMB_task.c:100:6:updateBMBData	32	static
../BMB_task.c:115:6:setAllBMBsTimeout	16	static
../BMB_task.c:121:6:BMBInit	16	static
../BMB_task.c:129:6:sampleOneBMB	24	static
../BMB_task.c:164:6:doCellBalanceOneBMB	40	static
../BMB_task.c:204:6:calculateOneBMB	24	static
../BMB_task.c:214:6:vBMBSampleTask	24	static
../BMB_task.c:262:16:linearTemp	16	static
../BMB_task.c:267:9:getBMBMaxTempIndex	24	static
../BMB_task.c:280:9:getBMBMinTempIndex	24	static
../BMB_task.c:293:9:getBMBMaxVoltIndex	24	static
../BMB_task.c:306:9:getBMBMinVoltIndex	24	static
../BMB_task.c:321:9:getBMBTemp	16	static
../BMB_task.c:325:10:getBMBVoltage	16	static
../BMB_task.c:329:10:getPackMaxCellVoltage	16	static
../BMB_task.c:347:10:getPackMinCellVoltage	16	static
../BMB_task.c:365:10:getPackMaxCellTemp	16	static
../BMB_task.c:383:10:getPackMinCellTemp	16	static
../BMB_task.c:401:6:getBMSMinMaxCellVoltage	24	static
../BMB_task.c:437:6:getBMSMinMaxCellTemperature	24	static
../BMB_task.c:473:13:getBMBData	16	static
../BMB_task.c:477:9:getBattMillivolts	16	static
