Archive member included to satisfy reference by file (symbol)

C:/ST/STM32CubeCLT_1.16.0/GNU-tools-for-STM32/bin/../lib/gcc/arm-none-eabi/12.3.1/../../../../arm-none-eabi/lib/thumb/v7e-m+fp/hard\libc_nano.a(libc_a-exit.o)
                              C:/ST/STM32CubeCLT_1.16.0/GNU-tools-for-STM32/bin/../lib/gcc/arm-none-eabi/12.3.1/../../../../arm-none-eabi/lib/thumb/v7e-m+fp/hard/crt0.o (exit)
C:/ST/STM32CubeCLT_1.16.0/GNU-tools-for-STM32/bin/../lib/gcc/arm-none-eabi/12.3.1/../../../../arm-none-eabi/lib/thumb/v7e-m+fp/hard\libc_nano.a(libc_a-findfp.o)
                              C:/ST/STM32CubeCLT_1.16.0/GNU-tools-for-STM32/bin/../lib/gcc/arm-none-eabi/12.3.1/../../../../arm-none-eabi/lib/thumb/v7e-m+fp/hard\libc_nano.a(libc_a-exit.o) (__stdio_exit_handler)
C:/ST/STM32CubeCLT_1.16.0/GNU-tools-for-STM32/bin/../lib/gcc/arm-none-eabi/12.3.1/../../../../arm-none-eabi/lib/thumb/v7e-m+fp/hard\libc_nano.a(libc_a-fwalk.o)
                              C:/ST/STM32CubeCLT_1.16.0/GNU-tools-for-STM32/bin/../lib/gcc/arm-none-eabi/12.3.1/../../../../arm-none-eabi/lib/thumb/v7e-m+fp/hard\libc_nano.a(libc_a-findfp.o) (_fwalk_sglue)
C:/ST/STM32CubeCLT_1.16.0/GNU-tools-for-STM32/bin/../lib/gcc/arm-none-eabi/12.3.1/../../../../arm-none-eabi/lib/thumb/v7e-m+fp/hard\libc_nano.a(libc_a-stdio.o)
                              C:/ST/STM32CubeCLT_1.16.0/GNU-tools-for-STM32/bin/../lib/gcc/arm-none-eabi/12.3.1/../../../../arm-none-eabi/lib/thumb/v7e-m+fp/hard\libc_nano.a(libc_a-findfp.o) (__sread)
C:/ST/STM32CubeCLT_1.16.0/GNU-tools-for-STM32/bin/../lib/gcc/arm-none-eabi/12.3.1/../../../../arm-none-eabi/lib/thumb/v7e-m+fp/hard\libc_nano.a(libc_a-memset.o)
                              C:/ST/STM32CubeCLT_1.16.0/GNU-tools-for-STM32/bin/../lib/gcc/arm-none-eabi/12.3.1/../../../../arm-none-eabi/lib/thumb/v7e-m+fp/hard/crt0.o (memset)
C:/ST/STM32CubeCLT_1.16.0/GNU-tools-for-STM32/bin/../lib/gcc/arm-none-eabi/12.3.1/../../../../arm-none-eabi/lib/thumb/v7e-m+fp/hard\libc_nano.a(libc_a-closer.o)
                              C:/ST/STM32CubeCLT_1.16.0/GNU-tools-for-STM32/bin/../lib/gcc/arm-none-eabi/12.3.1/../../../../arm-none-eabi/lib/thumb/v7e-m+fp/hard\libc_nano.a(libc_a-stdio.o) (_close_r)
C:/ST/STM32CubeCLT_1.16.0/GNU-tools-for-STM32/bin/../lib/gcc/arm-none-eabi/12.3.1/../../../../arm-none-eabi/lib/thumb/v7e-m+fp/hard\libc_nano.a(libc_a-reent.o)
                              C:/ST/STM32CubeCLT_1.16.0/GNU-tools-for-STM32/bin/../lib/gcc/arm-none-eabi/12.3.1/../../../../arm-none-eabi/lib/thumb/v7e-m+fp/hard\libc_nano.a(libc_a-closer.o) (errno)
C:/ST/STM32CubeCLT_1.16.0/GNU-tools-for-STM32/bin/../lib/gcc/arm-none-eabi/12.3.1/../../../../arm-none-eabi/lib/thumb/v7e-m+fp/hard\libc_nano.a(libc_a-impure.o)
                              C:/ST/STM32CubeCLT_1.16.0/GNU-tools-for-STM32/bin/../lib/gcc/arm-none-eabi/12.3.1/../../../../arm-none-eabi/lib/thumb/v7e-m+fp/hard\libc_nano.a(libc_a-reent.o) (_impure_ptr)
C:/ST/STM32CubeCLT_1.16.0/GNU-tools-for-STM32/bin/../lib/gcc/arm-none-eabi/12.3.1/../../../../arm-none-eabi/lib/thumb/v7e-m+fp/hard\libc_nano.a(libc_a-lseekr.o)
                              C:/ST/STM32CubeCLT_1.16.0/GNU-tools-for-STM32/bin/../lib/gcc/arm-none-eabi/12.3.1/../../../../arm-none-eabi/lib/thumb/v7e-m+fp/hard\libc_nano.a(libc_a-stdio.o) (_lseek_r)
C:/ST/STM32CubeCLT_1.16.0/GNU-tools-for-STM32/bin/../lib/gcc/arm-none-eabi/12.3.1/../../../../arm-none-eabi/lib/thumb/v7e-m+fp/hard\libc_nano.a(libc_a-readr.o)
                              C:/ST/STM32CubeCLT_1.16.0/GNU-tools-for-STM32/bin/../lib/gcc/arm-none-eabi/12.3.1/../../../../arm-none-eabi/lib/thumb/v7e-m+fp/hard\libc_nano.a(libc_a-stdio.o) (_read_r)
C:/ST/STM32CubeCLT_1.16.0/GNU-tools-for-STM32/bin/../lib/gcc/arm-none-eabi/12.3.1/../../../../arm-none-eabi/lib/thumb/v7e-m+fp/hard\libc_nano.a(libc_a-writer.o)
                              C:/ST/STM32CubeCLT_1.16.0/GNU-tools-for-STM32/bin/../lib/gcc/arm-none-eabi/12.3.1/../../../../arm-none-eabi/lib/thumb/v7e-m+fp/hard\libc_nano.a(libc_a-stdio.o) (_write_r)
C:/ST/STM32CubeCLT_1.16.0/GNU-tools-for-STM32/bin/../lib/gcc/arm-none-eabi/12.3.1/../../../../arm-none-eabi/lib/thumb/v7e-m+fp/hard\libc_nano.a(libc_a-init.o)
                              C:/ST/STM32CubeCLT_1.16.0/GNU-tools-for-STM32/bin/../lib/gcc/arm-none-eabi/12.3.1/../../../../arm-none-eabi/lib/thumb/v7e-m+fp/hard/crt0.o (__libc_init_array)
C:/ST/STM32CubeCLT_1.16.0/GNU-tools-for-STM32/bin/../lib/gcc/arm-none-eabi/12.3.1/../../../../arm-none-eabi/lib/thumb/v7e-m+fp/hard\libc_nano.a(libc_a-lock.o)
                              C:/ST/STM32CubeCLT_1.16.0/GNU-tools-for-STM32/bin/../lib/gcc/arm-none-eabi/12.3.1/../../../../arm-none-eabi/lib/thumb/v7e-m+fp/hard\libc_nano.a(libc_a-findfp.o) (__retarget_lock_init_recursive)
C:/ST/STM32CubeCLT_1.16.0/GNU-tools-for-STM32/bin/../lib/gcc/arm-none-eabi/12.3.1/../../../../arm-none-eabi/lib/thumb/v7e-m+fp/hard\libc_nano.a(libc_a-freer.o)
[...]
Memory Configuration

Name             Origin             Length             Attributes
RAM              0x20000000         0x00050000         xrw
FLASH            0x08000000         0x00100000         xr
*default*        0x00000000         0xffffffff

Linker script and memory map

LOAD C:/ST/STM32CubeCLT_1.16.0/GNU-tools-for-STM32/bin/../lib/gcc/arm-none-eabi/12.3.1/thumb/v7e-m+fp/hard/crti.o
LOAD C:/ST/STM32CubeCLT_1.16.0/GNU-tools-for-STM32/bin/../lib/gcc/arm-none-eabi/12.3.1/thumb/v7e-m+fp/hard/crtbegin.o
LOAD C:/ST/STM32CubeCLT_1.16.0/GNU-tools-for-STM32/bin/../lib/gcc/arm-none-eabi/12.3.1/../../../../arm-none-eabi/lib/thumb/v7e-m+fp/hard/crt0.o
START GROUP
LOAD C:/ST/STM32CubeCLT_1.16.0/GNU-tools-for-STM32/bin/../lib/gcc/arm-none-eabi/12.3.1/../../../../arm-none-eabi/lib/thumb/v7e-m+fp/hard\libc_nano.a
LOAD C:/ST/STM32CubeCLT_1.16.0/GNU-tools-for-STM32/bin/../lib/gcc/arm-none-eabi/12.3.1/../../../../arm-none-eabi/lib/thumb/v7e-m+fp/hard\libm.a
LOAD C:/ST/STM32CubeCLT_1.16.0/GNU-tools-for-STM32/bin/../lib/gcc/arm-none-eabi/12.3.1/../../../../arm-none-eabi/lib/thumb/v7e-m+fp/hard\libstdc++_nano.a
LOAD C:/ST/STM32CubeCLT_1.16.0/GNU-tools-for-STM32/bin/../lib/gcc/arm-none-eabi/12.3.1/../../../../arm-none-eabi/lib/thumb/v7e-m+fp/hard\libsupc++_nano.a
END GROUP
LOAD CMakeFiles/DIM.dir/Src/adc.c.obj
LOAD CMakeFiles/DIM.dir/Src/can.c.obj
LOAD CMakeFiles/DIM.dir/Src/gpio.c.obj
LOAD CMakeFiles/DIM.dir/Src/main.c.obj
LOAD CMakeFiles/DIM.dir/Src/sensors.c.obj
LOAD CMakeFiles/DIM.dir/Src/syscall.c.obj
LOAD CMakeFiles/DIM.dir/Src/sysmem.c.obj
LOAD CMakeFiles/DIM.dir/Src/tft.c.obj
LOAD CMakeFiles/DIM.dir/Src/tftContent.c.obj
LOAD CMakeFiles/DIM.dir/Src/tftDL.c.obj
LOAD CMakeFiles/DIM.dir/Src/newState.c.obj
LOAD CMakeFiles/DIM.dir/Startup/startup_stm32f413rgtx.s.obj
LOAD CMakeFiles/DIM.dir/C_/Users/nosla/Downloads/monorepo/stm32f413-drivers/CMR/src/adc.c.obj
LOAD CMakeFiles/DIM.dir/C_/Users/nosla/Downloads/monorepo/stm32f413-drivers/CMR/src/can.c.obj
LOAD CMakeFiles/DIM.dir/C_/Users/nosla/Downloads/monorepo/stm32f413-drivers/CMR/src/fdcan.c.obj
LOAD CMakeFiles/DIM.dir/C_/Users/nosla/Downloads/monorepo/stm32f413-drivers/CMR/src/config_screen_helper.c.obj
LOAD CMakeFiles/DIM.dir/C_/Users/nosla/Downloads/monorepo/stm32f413-drivers/CMR/src/config.c.obj
LOAD CMakeFiles/DIM.dir/C_/Users/nosla/Downloads/monorepo/stm32f413-drivers/CMR/src/dma.c.obj
LOAD CMakeFiles/DIM.dir/C_/Users/nosla/Downloads/monorepo/stm32f413-drivers/CMR/src/f413.c.obj
LOAD CMakeFiles/DIM.dir/C_/Users/nosla/Downloads/monorepo/stm32f413-drivers/CMR/src/h725.c.obj
LOAD CMakeFiles/DIM.dir/C_/Users/nosla/Downloads/monorepo/stm32f413-drivers/CMR/src/fir_filter.c.obj
LOAD CMakeFiles/DIM.dir/C_/Users/nosla/Downloads/monorepo/stm32f413-drivers/CMR/src/gpio.c.obj
LOAD CMakeFiles/DIM.dir/C_/Users/nosla/Downloads/monorepo/stm32f413-drivers/CMR/src/i2c.c.obj
LOAD CMakeFiles/DIM.dir/C_/Users/nosla/Downloads/monorepo/stm32f413-drivers/CMR/src/interrupts.c.obj
LOAD CMakeFiles/DIM.dir/C_/Users/nosla/Downloads/monorepo/stm32f413-drivers/CMR/src/panic.c.obj
LOAD CMakeFiles/DIM.dir/C_/Users/nosla/Downloads/monorepo/stm32f413-drivers/CMR/src/pwm.c.obj
LOAD CMakeFiles/DIM.dir/C_/Users/nosla/Downloads/monorepo/stm32f413-drivers/CMR/src/qspi.c.obj
LOAD CMakeFiles/DIM.dir/C_/Users/nosla/Downloads/monorepo/stm32f413-drivers/CMR/src/rcc.c.obj
LOAD CMakeFiles/DIM.dir/C_/Users/nosla/Downloads/monorepo/stm32f413-drivers/CMR/src/sensors.c.obj
LOAD CMakeFiles/DIM.dir/C_/Users/nosla/Downloads/monorepo/stm32f413-drivers/CMR/src/spi.c.obj
LOAD CMakeFiles/DIM.dir/C_/Users/nosla/Downloads/monorepo/stm32f413-drivers/CMR/src/tasks.c.obj
LOAD CMakeFiles/DIM.dir/C_/Users/nosla/Downloads/monorepo/stm32f413-drivers/CMR/src/uart.c.obj
LOAD CMakeFiles/DIM.dir/C_/Users/nosla/Downloads/monorepo/stm32f413-drivers/CMR/src/watchdog.c.obj
LOAD CMakeFiles/DIM.dir/C_/Users/nosla/Downloads/monorepo/stm32f413-drivers/HAL/F4XX/Src/stm32f4xx_hal.c.obj
LOAD CMakeFiles/DIM.dir/C_/Users/nosla/Downloads/monorepo/stm32f413-drivers/HAL/F4XX/Src/stm32f4xx_hal_adc.c.obj
LOAD CMakeFiles/DIM.dir/C_/Users/nosla/Downloads/monorepo/stm32f413-drivers/HAL/F4XX/Src/stm32f4xx_hal_adc_ex.c.obj
LOAD CMakeFiles/DIM.dir/C_/Users/nosla/Downloads/monorepo/stm32f413-drivers/HAL/F4XX/Src/stm32f4xx_hal_can.c.obj
LOAD CMakeFiles/DIM.dir/C_/Users/nosla/Downloads/monorepo/stm32f413-drivers/HAL/F4XX/Src/stm32f4xx_hal_cec.c.obj
LOAD CMakeFiles/DIM.dir/C_/Users/nosla/Downloads/monorepo/stm32f413-drivers/HAL/F4XX/Src/stm32f4xx_hal_cortex.c.obj
LOAD CMakeFiles/DIM.dir/C_/Users/nosla/Downloads/monorepo/stm32f413-drivers/HAL/F4XX/Src/stm32f4xx_hal_crc.c.obj
LOAD CMakeFiles/DIM.dir/C_/Users/nosla/Downloads/monorepo/stm32f413-drivers/HAL/F4XX/Src/stm32f4xx_hal_cryp.c.obj
LOAD CMakeFiles/DIM.dir/C_/Users/nosla/Downloads/monorepo/stm32f413-drivers/HAL/F4XX/Src/stm32f4xx_hal_cryp_ex.c.obj
LOAD CMakeFiles/DIM.dir/C_/Users/nosla/Downloads/monorepo/stm32f413-drivers/HAL/F4XX/Src/stm32f4xx_hal_dac.c.obj
LOAD CMakeFiles/DIM.dir/C_/Users/nosla/Downloads/monorepo/stm32f413-drivers/HAL/F4XX/Src/stm32f4xx_hal_dac_ex.c.obj
LOAD CMakeFiles/DIM.dir/C_/Users/nosla/Downloads/monorepo/stm32f413-drivers/HAL/F4XX/Src/stm32f4xx_hal_dcmi.c.obj
LOAD CMakeFiles/DIM.dir/C_/Users/nosla/Downloads/monorepo/stm32f413-drivers/HAL/F4XX/Src/stm32f4xx_hal_dcmi_ex.c.obj
LOAD CMakeFiles/DIM.dir/C_/Users/nosla/Downloads/monorepo/stm32f413-drivers/HAL/F4XX/Src/stm32f4xx_hal_dfsdm.c.obj
LOAD CMakeFiles/DIM.dir/C_/Users/nosla/Downloads/monorepo/stm32f413-drivers/HAL/F4XX/Src/stm32f4xx_hal_dma.c.obj
LOAD CMakeFiles/DIM.dir/C_/Users/nosla/Downloads/monorepo/stm32f413-drivers/HAL/F4XX/Src/stm32f4xx_hal_dma2d.c.obj
LOAD CMakeFiles/DIM.dir/C_/Users/nosla/Downloads/monorepo/stm32f413-drivers/HAL/F4XX/Src/stm32f4xx_hal_dma_ex.c.obj
LOAD CMakeFiles/DIM.dir/C_/Users/nosla/Downloads/monorepo/stm32f413-drivers/HAL/F4XX/Src/stm32f4xx_hal_dsi.c.obj
LOAD CMakeFiles/DIM.dir/C_/Users/nosla/Downloads/monorepo/stm32f413-drivers/HAL/F4XX/Src/stm32f4xx_hal_eth.c.obj
LOAD CMakeFiles/DIM.dir/C_/Users/nosla/Downloads/monorepo/stm32f413-drivers/HAL/F4XX/Src/stm32f4xx_hal_exti.c.obj
LOAD CMakeFiles/DIM.dir/C_/Users/nosla/Downloads/monorepo/stm32f413-drivers/HAL/F4XX/Src/stm32f4xx_hal_flash.c.obj
LOAD CMakeFiles/DIM.dir/C_/Users/nosla/Downloads/monorepo/stm32f413-drivers/HAL/F4XX/Src/stm32f4xx_hal_flash_ex.c.obj
LOAD CMakeFiles/DIM.dir/C_/Users/nosla/Downloads/monorepo/stm32f413-drivers/HAL/F4XX/Src/stm32f4xx_hal_flash_ramfunc.c.obj
LOAD CMakeFiles/DIM.dir/C_/Users/nosla/Downloads/monorepo/stm32f413-drivers/HAL/F4XX/Src/stm32f4xx_hal_fmpi2c.c.obj
LOAD CMakeFiles/DIM.dir/C_/Users/nosla/Downloads/monorepo/stm32f413-drivers/HAL/F4XX/Src/stm32f4xx_hal_fmpi2c_ex.c.obj
LOAD CMakeFiles/DIM.dir/C_/Users/nosla/Downloads/monorepo/stm32f413-drivers/HAL/F4XX/Src/stm32f4xx_hal_gpio.c.obj
LOAD CMakeFiles/DIM.dir/C_/Users/nosla/Downloads/monorepo/stm32f413-drivers/HAL/F4XX/Src/stm32f4xx_hal_hash.c.obj
LOAD CMakeFiles/DIM.dir/C_/Users/nosla/Downloads/monorepo/stm32f413-drivers/HAL/F4XX/Src/stm32f4xx_hal_hash_ex.c.obj
LOAD CMakeFiles/DIM.dir/C_/Users/nosla/Downloads/monorepo/stm32f413-drivers/HAL/F4XX/Src/stm32f4xx_hal_hcd.c.obj
LOAD CMakeFiles/DIM.dir/C_/Users/nosla/Downloads/monorepo/stm32f413-drivers/HAL/F4XX/Src/stm32f4xx_hal_i2c.c.obj
LOAD CMakeFiles/DIM.dir/C_/Users/nosla/Downloads/monorepo/stm32f413-drivers/HAL/F4XX/Src/stm32f4xx_hal_i2c_ex.c.obj
LOAD CMakeFiles/DIM.dir/C_/Users/nosla/Downloads/monorepo/stm32f413-drivers/HAL/F4XX/Src/stm32f4xx_hal_i2s.c.obj
LOAD CMakeFiles/DIM.dir/C_/Users/nosla/Downloads/monorepo/stm32f413-drivers/HAL/F4XX/Src/stm32f4xx_hal_i2s_ex.c.obj
LOAD CMakeFiles/DIM.dir/C_/Users/nosla/Downloads/monorepo/stm32f413-drivers/HAL/F4XX/Src/stm32f4xx_hal_irda.c.obj
LOAD CMakeFiles/DIM.dir/C_/Users/nosla/Downloads/monorepo/stm32f413-drivers/HAL/F4XX/Src/stm32f4xx_hal_iwdg.c.obj
LOAD CMakeFiles/DIM.dir/C_/Users/nosla/Downloads/monorepo/stm32f413-drivers/HAL/F4XX/Src/stm32f4xx_hal_lptim.c.obj
LOAD CMakeFiles/DIM.dir/C_/Users/nosla/Downloads/monorepo/stm32f413-drivers/HAL/F4XX/Src/stm32f4xx_hal_ltdc.c.obj
LOAD CMakeFiles/DIM.dir/C_/Users/nosla/Downloads/monorepo/stm32f413-drivers/HAL/F4XX/Src/stm32f4xx_hal_ltdc_ex.c.obj
LOAD CMakeFiles/DIM.dir/C_/Users/nosla/Downloads/monorepo/stm32f413-drivers/HAL/F4XX/Src/stm32f4xx_hal_mmc.c.obj
LOAD CMakeFiles/DIM.dir/C_/Users/nosla/Downloads/monorepo/stm32f413-drivers/HAL/F4XX/Src/stm32f4xx_hal_nand.c.obj
LOAD CMakeFiles/DIM.dir/C_/Users/nosla/Downloads/monorepo/stm32f413-drivers/HAL/F4XX/Src/stm32f4xx_hal_nor.c.obj
LOAD CMakeFiles/DIM.dir/C_/Users/nosla/Downloads/monorepo/stm32f413-drivers/HAL/F4XX/Src/stm32f4xx_hal_pccard.c.obj
LOAD CMakeFiles/DIM.dir/C_/Users/nosla/Downloads/monorepo/stm32f413-drivers/HAL/F4XX/Src/stm32f4xx_hal_pcd.c.obj
LOAD CMakeFiles/DIM.dir/C_/Users/nosla/Downloads/monorepo/stm32f413-drivers/HAL/F4XX/Src/stm32f4xx_hal_pcd_ex.c.obj
LOAD CMakeFiles/DIM.dir/C_/Users/nosla/Downloads/monorepo/stm32f413-drivers/HAL/F4XX/Src/stm32f4xx_hal_pwr.c.obj
LOAD CMakeFiles/DIM.dir/C_/Users/nosla/Downloads/monorepo/stm32f413-drivers/HAL/F4XX/Src/stm32f4xx_hal_pwr_ex.c.obj
LOAD CMakeFiles/DIM.dir/C_/Users/nosla/Downloads/monorepo/stm32f413-drivers/HAL/F4XX/Src/stm32f4xx_hal_qspi.c.obj
LOAD CMakeFiles/DIM.dir/C_/Users/nosla/Downloads/monorepo/stm32f413-drivers/HAL/F4XX/Src/stm32f4xx_hal_rcc.c.obj
LOAD CMakeFiles/DIM.dir/C_/Users/nosla/Downloads/monorepo/stm32f413-drivers/HAL/F4XX/Src/stm32f4xx_hal_rcc_ex.c.obj
LOAD CMakeFiles/DIM.dir/C_/Users/nosla/Downloads/monorepo/stm32f413-drivers/HAL/F4XX/Src/stm32f4xx_hal_rng.c.obj
LOAD CMakeFiles/DIM.dir/C_/Users/nosla/Downloads/monorepo/stm32f413-drivers/HAL/F4XX/Src/stm32f4xx_hal_rtc.c.obj
LOAD CMakeFiles/DIM.dir/C_/Users/nosla/Downloads/monorepo/stm32f413-drivers/HAL/F4XX/Src/stm32f4xx_hal_rtc_ex.c.obj
LOAD CMakeFiles/DIM.dir/C_/Users/nosla/Downloads/monorepo/stm32f413-drivers/HAL/F4XX/Src/stm32f4xx_hal_sai.c.obj
LOAD CMakeFiles/DIM.dir/C_/Users/nosla/Downloads/monorepo/stm32f413-drivers/HAL/F4XX/Src/stm32f4xx_hal_sai_ex.c.obj
LOAD CMakeFiles/DIM.dir/C_/Users/nosla/Downloads/monorepo/stm32f413-drivers/HAL/F4XX/Src/stm32f4xx_hal_sd.c.obj
LOAD CMakeFiles/DIM.dir/C_/Users/nosla/Downloads/monorepo/stm32f413-drivers/HAL/F4XX/Src/stm32f4xx_hal_sdram.c.obj
LOAD CMakeFiles/DIM.dir/C_/Users/nosla/Downloads/monorepo/stm32f413-drivers/HAL/F4XX/Src/stm32f4xx_hal_smartcard.c.obj
LOAD CMakeFiles/DIM.dir/C_/Users/nosla/Downloads/monorepo/stm32f413-drivers/HAL/F4XX/Src/stm32f4xx_hal_smbus.c.obj
LOAD CMakeFiles/DIM.dir/C_/Users/nosla/Downloads/monorepo/stm32f413-drivers/HAL/F4XX/Src/stm32f4xx_hal_spdifrx.c.obj
LOAD CMakeFiles/DIM.dir/C_/Users/nosla/Downloads/monorepo/stm32f413-drivers/HAL/F4XX/Src/stm32f4xx_hal_spi.c.obj
LOAD CMakeFiles/DIM.dir/C_/Users/nosla/Downloads/monorepo/stm32f413-drivers/HAL/F4XX/Src/stm32f4xx_hal_sram.c.obj
LOAD CMakeFiles/DIM.dir/C_/Users/nosla/Downloads/monorepo/stm32f413-drivers/HAL/F4XX/Src/stm32f4xx_hal_tim.c.obj
LOAD CMakeFiles/DIM.dir/C_/Users/nosla/Downloads/monorepo/stm32f413-drivers/HAL/F4XX/Src/stm32f4xx_hal_tim_ex.c.obj
LOAD CMakeFiles/DIM.dir/C_/Users/nosla/Downloads/monorepo/stm32f413-drivers/HAL/F4XX/Src/stm32f4xx_hal_uart.c.obj
LOAD CMakeFiles/DIM.dir/C_/Users/nosla/Downloads/monorepo/stm32f413-drivers/HAL/F4XX/Src/stm32f4xx_hal_usart.c.obj
LOAD CMakeFiles/DIM.dir/C_/Users/nosla/Downloads/monorepo/stm32f413-drivers/HAL/F4XX/Src/stm32f4xx_hal_wwdg.c.obj
LOAD CMakeFiles/DIM.dir/C_/Users/nosla/Downloads/monorepo/stm32f413-drivers/HAL/F4XX/Src/stm32f4xx_ll_adc.c.obj
LOAD CMakeFiles/DIM.dir/C_/Users/nosla/Downloads/monorepo/stm32f413-drivers/HAL/F4XX/Src/stm32f4xx_ll_crc.c.obj
LOAD CMakeFiles/DIM.dir/C_/Users/nosla/Downloads/monorepo/stm32f413-drivers/HAL/F4XX/Src/stm32f4xx_ll_dac.c.obj
LOAD CMakeFiles/DIM.dir/C_/Users/nosla/Downloads/monorepo/stm32f413-drivers/HAL/F4XX/Src/stm32f4xx_ll_dma.c.obj
LOAD CMakeFiles/DIM.dir/C_/Users/nosla/Downloads/monorepo/stm32f413-drivers/HAL/F4XX/Src/stm32f4xx_ll_dma2d.c.obj
LOAD CMakeFiles/DIM.dir/C_/Users/nosla/Downloads/monorepo/stm32f413-drivers/HAL/F4XX/Src/stm32f4xx_ll_exti.c.obj
LOAD CMakeFiles/DIM.dir/C_/Users/nosla/Downloads/monorepo/stm32f413-drivers/HAL/F4XX/Src/stm32f4xx_ll_fmc.c.obj
LOAD CMakeFiles/DIM.dir/C_/Users/nosla/Downloads/monorepo/stm32f413-drivers/HAL/F4XX/Src/stm32f4xx_ll_fsmc.c.obj
LOAD CMakeFiles/DIM.dir/C_/Users/nosla/Downloads/monorepo/stm32f413-drivers/HAL/F4XX/Src/stm32f4xx_ll_gpio.c.obj
LOAD CMakeFiles/DIM.dir/C_/Users/nosla/Downloads/monorepo/stm32f413-drivers/HAL/F4XX/Src/stm32f4xx_ll_i2c.c.obj
LOAD CMakeFiles/DIM.dir/C_/Users/nosla/Downloads/monorepo/stm32f413-drivers/HAL/F4XX/Src/stm32f4xx_ll_lptim.c.obj
LOAD CMakeFiles/DIM.dir/C_/Users/nosla/Downloads/monorepo/stm32f413-drivers/HAL/F4XX/Src/stm32f4xx_ll_pwr.c.obj
LOAD CMakeFiles/DIM.dir/C_/Users/nosla/Downloads/monorepo/stm32f413-drivers/HAL/F4XX/Src/stm32f4xx_ll_rcc.c.obj
LOAD CMakeFiles/DIM.dir/C_/Users/nosla/Downloads/monorepo/stm32f413-drivers/HAL/F4XX/Src/stm32f4xx_ll_rng.c.obj
LOAD CMakeFiles/DIM.dir/C_/Users/nosla/Downloads/monorepo/stm32f413-drivers/HAL/F4XX/Src/stm32f4xx_ll_rtc.c.obj
LOAD CMakeFiles/DIM.dir/C_/Users/nosla/Downloads/monorepo/stm32f413-drivers/HAL/F4XX/Src/stm32f4xx_ll_sdmmc.c.obj
LOAD CMakeFiles/DIM.dir/C_/Users/nosla/Downloads/monorepo/stm32f413-drivers/HAL/F4XX/Src/stm32f4xx_ll_spi.c.obj
LOAD CMakeFiles/DIM.dir/C_/Users/nosla/Downloads/monorepo/stm32f413-drivers/HAL/F4XX/Src/stm32f4xx_ll_tim.c.obj
LOAD CMakeFiles/DIM.dir/C_/Users/nosla/Downloads/monorepo/stm32f413-drivers/HAL/F4XX/Src/stm32f4xx_ll_usart.c.obj
LOAD CMakeFiles/DIM.dir/C_/Users/nosla/Downloads/monorepo/stm32f413-drivers/HAL/F4XX/Src/stm32f4xx_ll_usb.c.obj
LOAD CMakeFiles/DIM.dir/C_/Users/nosla/Downloads/monorepo/stm32f413-drivers/HAL/F4XX/Src/stm32f4xx_ll_utils.c.obj
LOAD CMakeFiles/DIM.dir/C_/Users/nosla/Downloads/monorepo/stm32f413-drivers/CMSIS/system_stm32f4xx.c.obj
LOAD CMakeFiles/DIM.dir/C_/Users/nosla/Downloads/monorepo/stm32f413-drivers/CMSIS/system_stm32h7xx.c.obj
LOAD stm32f413-drivers/libstm-drivers.a
LOAD stm32f413-drivers/CMR/libCMR.a
LOAD stm32f413-drivers/FreeRTOS/libfreertos_kernel.a
LOAD stm32f413-drivers/HAL/libHAL.a
START GROUP
LOAD C:/ST/STM32CubeCLT_1.16.0/GNU-tools-for-STM32/bin/../lib/gcc/arm-none-eabi/12.3.1/thumb/v7e-m+fp/hard\libgcc.a
LOAD C:/ST/STM32CubeCLT_1.16.0/GNU-tools-for-STM32/bin/../lib/gcc/arm-none-eabi/12.3.1/../../../../arm-none-eabi/lib/thumb/v7e-m+fp/hard\libc_nano.a
END GROUP
START GROUP
LOAD C:/ST/STM32CubeCLT_1.16.0/GNU-tools-for-STM32/bin/../lib/gcc/arm-none-eabi/12.3.1/thumb/v7e-m+fp/hard\libgcc.a
LOAD C:/ST/STM32CubeCLT_1.16.0/GNU-tools-for-STM32/bin/../lib/gcc/arm-none-eabi/12.3.1/../../../../arm-none-eabi/lib/thumb/v7e-m+fp/hard\libc_nano.a
END GROUP
LOAD C:/ST/STM32CubeCLT_1.16.0/GNU-tools-for-STM32/bin/../lib/gcc/arm-none-eabi/12.3.1/thumb/v7e-m+fp/hard/crtend.o
LOAD C:/ST/STM32CubeCLT_1.16.0/GNU-tools-for-STM32/bin/../lib/gcc/arm-none-eabi/12.3.1/thumb/v7e-m+fp/hard/crtn.o
                0x20050000                        _estack = (ORIGIN (RAM) + LENGTH (RAM))
                0x00000200                        _Min_Heap_Size = 0x200
                0x00000400                        _Min_Stack_Size = 0x400

.isr_vector     0x08000000      0x1d8
                0x08000000                        . = ALIGN (0x4)
 *(.isr_vector)
 .isr_vector    0x08000000      0x1d8 CMakeFiles/DIM.dir/Startup/startup_stm32f413rgtx.s.obj
                0x08000000                g_pfnVectors
                0x080001d8                        . = ALIGN (0x4)

.text           0x080001e0     0xdf58
                0x080001e0                        . = ALIGN (0x4)
 *(.text)
 .text          0x080001e0       0x40 C:/ST/STM32CubeCLT_1.16.0/GNU-tools-for-STM32/bin/../lib/gcc/arm-none-eabi/12.3.1/thumb/v7e-m+fp/hard/crtbegin.o
 .text          0x08000220      0x378 C:/ST/STM32CubeCLT_1.16.0/GNU-tools-for-STM32/bin/../lib/gcc/arm-none-eabi/12.3.1/thumb/v7e-m+fp/hard\libgcc.a(_arm_addsubdf3.o)
                0x08000220                __aeabi_drsub
                0x08000228                __aeabi_dsub
                0x08000228                __subdf3
                0x0800022c                __aeabi_dadd
                0x0800022c                __adddf3
                0x080004a4                __floatunsidf
                0x080004a4                __aeabi_ui2d
                0x080004c4                __floatsidf
                0x080004c4                __aeabi_i2d
                0x080004e8                __aeabi_f2d
                0x080004e8                __extendsfdf2
                0x0800052c                __floatundidf
                0x0800052c                __aeabi_ul2d
                0x0800053c                __floatdidf
                0x0800053c                __aeabi_l2d
 .text          0x08000598      0x424 C:/ST/STM32CubeCLT_1.16.0/GNU-tools-for-STM32/bin/../lib/gcc/arm-none-eabi/12.3.1/thumb/v7e-m+fp/hard\libgcc.a(_arm_muldivdf3.o)
                0x08000598                __aeabi_dmul
                0x08000598                __muldf3
                0x080007ec                __divdf3
                0x080007ec                __aeabi_ddiv
 .text          0x080009bc       0x50 C:/ST/STM32CubeCLT_1.16.0/GNU-tools-for-STM32/bin/../lib/gcc/arm-none-eabi/12.3.1/thumb/v7e-m+fp/hard\libgcc.a(_arm_fixdfsi.o)
                0x080009bc                __aeabi_d2iz
                0x080009bc                __fixdfsi
 .text          0x08000a0c       0x40 C:/ST/STM32CubeCLT_1.16.0/GNU-tools-for-STM32/bin/../lib/gcc/arm-none-eabi/12.3.1/thumb/v7e-m+fp/hard\libgcc.a(_arm_fixunsdfsi.o)
                0x08000a0c                __aeabi_d2uiz
                0x08000a0c                __fixunsdfsi
 .text          0x08000a4c       0xa0 C:/ST/STM32CubeCLT_1.16.0/GNU-tools-for-STM32/bin/../lib/gcc/arm-none-eabi/12.3.1/thumb/v7e-m+fp/hard\libgcc.a(_arm_truncdfsf2.o)
                0x08000a4c                __truncdfsf2
                0x08000a4c                __aeabi_d2f
 .text          0x08000aec       0x30 C:/ST/STM32CubeCLT_1.16.0/GNU-tools-for-STM32/bin/../lib/gcc/arm-none-eabi/12.3.1/thumb/v7e-m+fp/hard\libgcc.a(_aeabi_uldivmod.o)
                0x08000aec                __aeabi_uldivmod
 .text          0x08000b1c      0x2bc C:/ST/STM32CubeCLT_1.16.0/GNU-tools-for-STM32/bin/../lib/gcc/arm-none-eabi/12.3.1/thumb/v7e-m+fp/hard\libgcc.a(_udivmoddi4.o)
                0x08000b1c                __udivmoddi4
 .text          0x08000dd8        0x4 C:/ST/STM32CubeCLT_1.16.0/GNU-tools-for-STM32/bin/../lib/gcc/arm-none-eabi/12.3.1/thumb/v7e-m+fp/hard\libgcc.a(_dvmd_tls.o)
                0x08000dd8                __aeabi_idiv0
                0x08000dd8                __aeabi_ldiv0
 .text          0x08000ddc       0x10 C:/ST/STM32CubeCLT_1.16.0/GNU-tools-for-STM32/bin/../lib/gcc/arm-none-eabi/12.3.1/../../../../arm-none-eabi/lib/thumb/v7e-m+fp/hard\libc_nano.a(libc_a-strlen.o)
                0x08000ddc                strlen
 *fill*         0x08000dec        0x4 
 .text          0x08000df0       0xa0 C:/ST/STM32CubeCLT_1.16.0/GNU-tools-for-STM32/bin/../lib/gcc/arm-none-eabi/12.3.1/../../../../arm-none-eabi/lib/thumb/v7e-m+fp/hard\libc_nano.a(libc_a-memchr.o)
                0x08000df0                memchr
 *(.text*)
 .text.memset   0x08000e90       0x10 C:/ST/STM32CubeCLT_1.16.0/GNU-tools-for-STM32/bin/../lib/gcc/arm-none-eabi/12.3.1/../../../../arm-none-eabi/lib/thumb/v7e-m+fp/hard\libc_nano.a(libc_a-memset.o)
                0x08000e90                memset
 .text.__libc_init_array
                0x08000ea0       0x48 C:/ST/STM32CubeCLT_1.16.0/GNU-tools-for-STM32/bin/../lib/gcc/arm-none-eabi/12.3.1/../../../../arm-none-eabi/lib/thumb/v7e-m+fp/hard\libc_nano.a(libc_a-init.o)
                0x08000ea0                __libc_init_array
 .text.__retarget_lock_acquire_recursive
                0x08000ee8        0x2 C:/ST/STM32CubeCLT_1.16.0/GNU-tools-for-STM32/bin/../lib/gcc/arm-none-eabi/12.3.1/../../../../arm-none-eabi/lib/thumb/v7e-m+fp/hard\libc_nano.a(libc_a-lock.o)
                0x08000ee8                __retarget_lock_acquire_recursive
 .text.__retarget_lock_release_recursive
                0x08000eea        0x2 C:/ST/STM32CubeCLT_1.16.0/GNU-tools-for-STM32/bin/../lib/gcc/arm-none-eabi/12.3.1/../../../../arm-none-eabi/lib/thumb/v7e-m+fp/hard\libc_nano.a(libc_a-lock.o)
                0x08000eea                __retarget_lock_release_recursive
 .text._free_r  0x08000eec       0x94 C:/ST/STM32CubeCLT_1.16.0/GNU-tools-for-STM32/bin/../lib/gcc/arm-none-eabi/12.3.1/../../../../arm-none-eabi/lib/thumb/v7e-m+fp/hard\libc_nano.a(libc_a-freer.o)
                0x08000eec                _free_r
 .text.sbrk_aligned
                0x08000f80       0x44 C:/ST/STM32CubeCLT_1.16.0/GNU-tools-for-STM32/bin/../lib/gcc/arm-none-eabi/12.3.1/../../../../arm-none-eabi/lib/thumb/v7e-m+fp/hard\libc_nano.a(libc_a-mallocr.o)
 .text._malloc_r
                0x08000fc4      0x100 C:/ST/STM32CubeCLT_1.16.0/GNU-tools-for-STM32/bin/../lib/gcc/arm-none-eabi/12.3.1/../../../../arm-none-eabi/lib/thumb/v7e-m+fp/hard\libc_nano.a(libc_a-mallocr.o)
                0x08000fc4                _malloc_r
 .text.__malloc_lock
                0x080010c4        0xc C:/ST/STM32CubeCLT_1.16.0/GNU-tools-for-STM32/bin/../lib/gcc/arm-none-eabi/12.3.1/../../../../arm-none-eabi/lib/thumb/v7e-m+fp/hard\libc_nano.a(libc_a-mlock.o)
                0x080010c4                __malloc_lock
 .text.__malloc_unlock
                0x080010d0        0xc C:/ST/STM32CubeCLT_1.16.0/GNU-tools-for-STM32/bin/../lib/gcc/arm-none-eabi/12.3.1/../../../../arm-none-eabi/lib/thumb/v7e-m+fp/hard\libc_nano.a(libc_a-mlock.o)
                0x080010d0                __malloc_unlock
 .text._sbrk_r  0x080010dc       0x20 C:/ST/STM32CubeCLT_1.16.0/GNU-tools-for-STM32/bin/../lib/gcc/arm-none-eabi/12.3.1/../../../../arm-none-eabi/lib/thumb/v7e-m+fp/hard\libc_nano.a(libc_a-sbrkr.o)
                0x080010dc                _sbrk_r
 .text.adcInit  0x080010fc       0x28 CMakeFiles/DIM.dir/Src/adc.c.obj
                0x080010fc                adcInit
 .text.adcRead  0x08001124       0x24 CMakeFiles/DIM.dir/Src/adc.c.obj
                0x08001124                adcRead
 .text.canTX10Hz
                0x08001148       0xd8 CMakeFiles/DIM.dir/Src/can.c.obj
 .text.canTX100Hz
                0x08001220      0x12c CMakeFiles/DIM.dir/Src/can.c.obj
 .text.canTX1Hz
                0x0800134c      0x16c CMakeFiles/DIM.dir/Src/can.c.obj
 .text.ramRxCallback
                0x080014b8       0x50 CMakeFiles/DIM.dir/Src/can.c.obj
                0x080014b8                ramRxCallback
 .text.cdcRXCallback
                0x08001508      0x2f4 CMakeFiles/DIM.dir/Src/can.c.obj
                0x08001508                cdcRXCallback
 .text.canRXCallback
                0x080017fc       0x4c CMakeFiles/DIM.dir/Src/can.c.obj
                0x080017fc                canRXCallback
 .text.canInit  0x08001848      0x108 CMakeFiles/DIM.dir/Src/can.c.obj
                0x08001848                canInit
 .text.canTX    0x08001950       0x30 CMakeFiles/DIM.dir/Src/can.c.obj
                0x08001950                canTX
 .text.getPayload
                0x08001980       0x38 CMakeFiles/DIM.dir/Src/can.c.obj
                0x08001980                getPayload
 .text.sendHeartbeat
                0x080019b8       0xe4 CMakeFiles/DIM.dir/Src/can.c.obj
 .text.sendFSMData
                0x08001a9c       0x90 CMakeFiles/DIM.dir/Src/can.c.obj
 .text.sendFSMPedalsADC
                0x08001b2c       0x50 CMakeFiles/DIM.dir/Src/can.c.obj
 .text.sendFSMSensorsADC
                0x08001b7c       0x4c CMakeFiles/DIM.dir/Src/can.c.obj
 .text.sendPowerDiagnostics
                0x08001bc8       0x60 CMakeFiles/DIM.dir/Src/can.c.obj
 .text.HAL_GPIO_EXTI_Callback
                0x08001c28       0x6c CMakeFiles/DIM.dir/Src/gpio.c.obj
                0x08001c28                HAL_GPIO_EXTI_Callback
 .text.canLRUDdebounce
                0x08001c94       0x54 CMakeFiles/DIM.dir/Src/gpio.c.obj
 .text.canLRUDDetect
                0x08001ce8       0x60 CMakeFiles/DIM.dir/Src/gpio.c.obj
                0x08001ce8                canLRUDDetect
 .text.adcToVoltage
                0x08001d48       0x70 CMakeFiles/DIM.dir/Src/gpio.c.obj
 .text.XYActivate
                0x08001db8       0xc0 CMakeFiles/DIM.dir/Src/gpio.c.obj
 .text.gpioReadButtons
                0x08001e78       0x7c CMakeFiles/DIM.dir/Src/gpio.c.obj
 .text.getRotaryPosition
                0x08001ef4       0x18 CMakeFiles/DIM.dir/Src/gpio.c.obj
                0x08001ef4                getRotaryPosition
 .text.getPastRotaryPosition
                0x08001f0c       0x18 CMakeFiles/DIM.dir/Src/gpio.c.obj
                0x08001f0c                getPastRotaryPosition
 .text.gpioInit
                0x08001f24       0x34 CMakeFiles/DIM.dir/Src/gpio.c.obj
                0x08001f24                gpioInit
 .text.statusLED
                0x08001f58       0x94 CMakeFiles/DIM.dir/Src/main.c.obj
 .text.getVSMlatchMatrix
                0x08001fec       0x28 CMakeFiles/DIM.dir/Src/main.c.obj
                0x08001fec                getVSMlatchMatrix
 .text.errorLEDs
                0x08002014       0x74 CMakeFiles/DIM.dir/Src/main.c.obj
 .text.main     0x08002088       0x6c CMakeFiles/DIM.dir/Src/main.c.obj
                0x08002088                main
 .text.sampleADCSensor
                0x080020f4       0x4c CMakeFiles/DIM.dir/Src/sensors.c.obj
 .text.sampleADCSensorSwangle
                0x08002140       0x5c CMakeFiles/DIM.dir/Src/sensors.c.obj
 .text.adcToUInt8
                0x0800219c       0x82 CMakeFiles/DIM.dir/Src/sensors.c.obj
 .text.adcToBPres_PSI
                0x0800221e       0x1a CMakeFiles/DIM.dir/Src/sensors.c.obj
 .text.adcToSwangle
                0x08002238       0x50 CMakeFiles/DIM.dir/Src/sensors.c.obj
 .text.adcToBusVoltage_mV
                0x08002288       0x54 CMakeFiles/DIM.dir/Src/sensors.c.obj
 .text.adcToAvgBusCurrent_mA
                0x080022dc       0x8c CMakeFiles/DIM.dir/Src/sensors.c.obj
 .text.sampleTPOSDiff
                0x08002368       0x78 CMakeFiles/DIM.dir/Src/sensors.c.obj
 .text.sampleBrakeImplaus
                0x080023e0       0x58 CMakeFiles/DIM.dir/Src/sensors.c.obj
 .text.sensorsUpdate
                0x08002438       0x2c CMakeFiles/DIM.dir/Src/sensors.c.obj
 .text.sensorsInit
                0x08002464       0x3c CMakeFiles/DIM.dir/Src/sensors.c.obj
                0x08002464                sensorsInit
 .text.throttleGetPos
                0x080024a0       0x5c CMakeFiles/DIM.dir/Src/sensors.c.obj
                0x080024a0                throttleGetPos
 .text._sbrk    0x080024fc       0x6c CMakeFiles/DIM.dir/Src/sysmem.c.obj
                0x080024fc                _sbrk
 .text.tftCmd   0x08002568       0x6e CMakeFiles/DIM.dir/Src/tft.c.obj
                0x08002568                tftCmd
 .text.tftWrite
                0x080025d6       0x66 CMakeFiles/DIM.dir/Src/tft.c.obj
                0x080025d6                tftWrite
 .text.tftRead  0x0800263c       0x62 CMakeFiles/DIM.dir/Src/tft.c.obj
                0x0800263c                tftRead
 *fill*         0x0800269e        0x2 
 .text.tftCoCmdRemLen
                0x080026a0       0x4c CMakeFiles/DIM.dir/Src/tft.c.obj
 .text.tftCoCmd
                0x080026ec      0x14c CMakeFiles/DIM.dir/Src/tft.c.obj
                0x080026ec                tftCoCmd
 .text.tftUpdate
                0x08002838       0xdc CMakeFiles/DIM.dir/Src/tft.c.obj
                0x08002838                tftUpdate
 .text.drawConfigScreen
                0x08002914       0x24 CMakeFiles/DIM.dir/Src/tft.c.obj
                0x08002914                drawConfigScreen
 .text.drawRacingScreen
                0x08002938       0x50 CMakeFiles/DIM.dir/Src/tft.c.obj
                0x08002938                drawRacingScreen
 .text.drawErrorScreen
                0x08002988      0x230 CMakeFiles/DIM.dir/Src/tft.c.obj
                0x08002988                drawErrorScreen
 .text.drawRTDScreen
                0x08002bb8      0x2c4 CMakeFiles/DIM.dir/Src/tft.c.obj
                0x08002bb8                drawRTDScreen
 .text.tftInit  0x08002e7c       0x88 CMakeFiles/DIM.dir/Src/tft.c.obj
                0x08002e7c                tftInit
 .text.tftContentLoad
                0x08002f04       0x3c CMakeFiles/DIM.dir/Src/tftContent.c.obj
                0x08002f04                tftContentLoad
 .text.tftDL_barSetX
                0x08002f40       0x94 CMakeFiles/DIM.dir/Src/tftDL.c.obj
 .text.tftDL_RTDwriteInt
                0x08002fd4       0x2c CMakeFiles/DIM.dir/Src/tftDL.c.obj
 .text.tftDL_showStates
                0x08003000      0x234 CMakeFiles/DIM.dir/Src/tftDL.c.obj
 .text.tftDL_showRAMMsg
                0x08003234       0x64 CMakeFiles/DIM.dir/Src/tftDL.c.obj
                0x08003234                tftDL_showRAMMsg
 .text.tftDL_racingScreenUpdate
                0x08003298       0xdc CMakeFiles/DIM.dir/Src/tftDL.c.obj
                0x08003298                tftDL_racingScreenUpdate
 .text.tftDL_showErrorState
                0x08003374       0x48 CMakeFiles/DIM.dir/Src/tftDL.c.obj
 .text.tftDL_ERRwriteInt
                0x080033bc       0x30 CMakeFiles/DIM.dir/Src/tftDL.c.obj
 .text.tftDL_showBMBStatus
                0x080033ec       0xf4 CMakeFiles/DIM.dir/Src/tftDL.c.obj
 .text.tftDL_showAMKError
                0x080034e0       0xe4 CMakeFiles/DIM.dir/Src/tftDL.c.obj
 .text.tftDL_errorUpdate
                0x080035c4      0x138 CMakeFiles/DIM.dir/Src/tftDL.c.obj
                0x080035c4                tftDL_errorUpdate
 .text.tftDLContentLoad
                0x080036fc       0x40 CMakeFiles/DIM.dir/Src/tftDL.c.obj
                0x080036fc                tftDLContentLoad
 .text.tftDLWrite
                0x0800373c       0x22 CMakeFiles/DIM.dir/Src/tftDL.c.obj
                0x0800373c                tftDLWrite
 *fill*         0x0800375e        0x2 
 .text.setConfigContextString
                0x08003760       0x48 CMakeFiles/DIM.dir/Src/tftDL.c.obj
                0x08003760                setConfigContextString
 .text.configValueIncrementer
                0x080037a8       0x62 CMakeFiles/DIM.dir/Src/tftDL.c.obj
                0x080037a8                configValueIncrementer
 *fill*         0x0800380a        0x2 
 .text.setConfigIncrementValue
                0x0800380c      0x228 CMakeFiles/DIM.dir/Src/tftDL.c.obj
                0x0800380c                setConfigIncrementValue
 .text.setConfigSelectionColor
                0x08003a34       0x78 CMakeFiles/DIM.dir/Src/tftDL.c.obj
                0x08003a34                setConfigSelectionColor
 .text.drawLatestConfigValues
                0x08003aac       0x30 CMakeFiles/DIM.dir/Src/tftDL.c.obj
                0x08003aac                drawLatestConfigValues
 .text.tftDL_configUpdate
                0x08003adc      0x444 CMakeFiles/DIM.dir/Src/tftDL.c.obj
                0x08003adc                tftDL_configUpdate
 .text.exitConfigScreen
                0x08003f20       0x58 CMakeFiles/DIM.dir/Src/newState.c.obj
                0x08003f20                exitConfigScreen
 .text.stateGetVSM
                0x08003f78       0x28 CMakeFiles/DIM.dir/Src/newState.c.obj
                0x08003f78                stateGetVSM
 .text.stateGetVSMReq
                0x08003fa0       0x18 CMakeFiles/DIM.dir/Src/newState.c.obj
                0x08003fa0                stateGetVSMReq
 .text.stateGetGear
                0x08003fb8       0x18 CMakeFiles/DIM.dir/Src/newState.c.obj
                0x08003fb8                stateGetGear
 .text.stateGetDrs
                0x08003fd0       0x18 CMakeFiles/DIM.dir/Src/newState.c.obj
                0x08003fd0                stateGetDrs
 .text.stateGetDrsReq
                0x08003fe8       0x18 CMakeFiles/DIM.dir/Src/newState.c.obj
                0x08003fe8                stateGetDrsReq
 .text.get_test_message_id
                0x08004000       0x18 CMakeFiles/DIM.dir/Src/newState.c.obj
                0x08004000                get_test_message_id
 .text.getSpeedKmh
                0x08004018       0x38 CMakeFiles/DIM.dir/Src/newState.c.obj
                0x08004018                getSpeedKmh
 .text.getOdometer
                0x08004050       0x20 CMakeFiles/DIM.dir/Src/newState.c.obj
                0x08004050                getOdometer
 .text.getAverageWheelRPM
                0x08004070       0x84 CMakeFiles/DIM.dir/Src/newState.c.obj
                0x08004070                getAverageWheelRPM
 .text.getAcknowledgeButton
                0x080040f4       0x18 CMakeFiles/DIM.dir/Src/newState.c.obj
                0x080040f4                getAcknowledgeButton
 .text.getMaxMotorTemp
                0x0800410c       0xa4 CMakeFiles/DIM.dir/Src/newState.c.obj
                0x0800410c                getMaxMotorTemp
 .text.getACTemp
                0x080041b0       0x38 CMakeFiles/DIM.dir/Src/newState.c.obj
                0x080041b0                getACTemp
 .text.getMCTemp
                0x080041e8       0xa4 CMakeFiles/DIM.dir/Src/newState.c.obj
                0x080041e8                getMCTemp
 .text.getDoorsState
                0x0800428c       0x38 CMakeFiles/DIM.dir/Src/newState.c.obj
                0x0800428c                getDoorsState
 .text.getReqScreen
                0x080042c4      0x160 CMakeFiles/DIM.dir/Src/newState.c.obj
 .text.stateVSMReqIsValid
                0x08004424       0xc4 CMakeFiles/DIM.dir/Src/newState.c.obj
                0x08004424                stateVSMReqIsValid
 .text.stateVSMUp
                0x080044e8       0x68 CMakeFiles/DIM.dir/Src/newState.c.obj
                0x080044e8                stateVSMUp
 .text.stateVSMDown
                0x08004550       0x64 CMakeFiles/DIM.dir/Src/newState.c.obj
                0x08004550                stateVSMDown
 .text.reqVSM   0x080045b4       0x4c CMakeFiles/DIM.dir/Src/newState.c.obj
                0x080045b4                reqVSM
 .text.reqGear  0x08004600       0x98 CMakeFiles/DIM.dir/Src/newState.c.obj
                0x08004600                reqGear
 .text.getRequestedGear
                0x08004698       0x18 CMakeFiles/DIM.dir/Src/newState.c.obj
                0x08004698                getRequestedGear
 .text.stateGearUpdate
                0x080046b0       0x1c CMakeFiles/DIM.dir/Src/newState.c.obj
                0x080046b0                stateGearUpdate
 .text.stateDrsUpdate
                0x080046cc       0x1c CMakeFiles/DIM.dir/Src/newState.c.obj
                0x080046cc                stateDrsUpdate
 .text.stateOutput
                0x080046e8      0x124 CMakeFiles/DIM.dir/Src/newState.c.obj
 .text.getLVSoC
                0x0800480c      0x148 CMakeFiles/DIM.dir/Src/newState.c.obj
                0x0800480c                getLVSoC
 .text.stateMachine
                0x08004954       0x3c CMakeFiles/DIM.dir/Src/newState.c.obj
 .text.stateMachineInit
                0x08004990       0x28 CMakeFiles/DIM.dir/Src/newState.c.obj
                0x08004990                stateMachineInit
 .text.Reset_Handler
                0x080049b8       0x50 CMakeFiles/DIM.dir/Startup/startup_stm32f413rgtx.s.obj
                0x080049b8                Reset_Handler
 *fill*         0x08004a08        0x8 
 .text.Default_Handler
                0x08004a10       0x14 CMakeFiles/DIM.dir/Startup/startup_stm32f413rgtx.s.obj
                0x08004a10                RTC_Alarm_IRQHandler
                0x08004a10                TIM8_CC_IRQHandler
                0x08004a10                UART8_IRQHandler
                0x08004a10                FMPI2C1_EV_IRQHandler
                0x08004a10                SPI4_IRQHandler
                0x08004a10                TIM1_CC_IRQHandler
                0x08004a10                HardFault_Handler
                0x08004a10                PVD_IRQHandler
                0x08004a10                SDIO_IRQHandler
                0x08004a10                TAMP_STAMP_IRQHandler
                0x08004a10                TIM8_TRG_COM_TIM14_IRQHandler
                0x08004a10                DFSDM1_FLT1_IRQHandler
                0x08004a10                TIM1_UP_TIM10_IRQHandler
                0x08004a10                TIM8_UP_TIM13_IRQHandler
                0x08004a10                I2C3_ER_IRQHandler
                0x08004a10                FPU_IRQHandler
                0x08004a10                UsageFault_Handler
                0x08004a10                SPI1_IRQHandler
                0x08004a10                TIM6_DAC_IRQHandler
                0x08004a10                TIM1_BRK_TIM9_IRQHandler
                0x08004a10                USART6_IRQHandler
                0x08004a10                USART3_IRQHandler
                0x08004a10                DFSDM2_FLT3_IRQHandler
                0x08004a10                UART5_IRQHandler
                0x08004a10                TIM4_IRQHandler
                0x08004a10                UART4_IRQHandler
                0x08004a10                TIM3_IRQHandler
                0x08004a10                RCC_IRQHandler
                0x08004a10                UART9_IRQHandler
                0x08004a10                TIM8_BRK_TIM12_IRQHandler
                0x08004a10                Default_Handler
                0x08004a10                ADC_IRQHandler
                0x08004a10                DFSDM2_FLT0_IRQHandler
                0x08004a10                SPI5_IRQHandler
                0x08004a10                TIM7_IRQHandler
                0x08004a10                TIM5_IRQHandler
                0x08004a10                I2C3_EV_IRQHandler
                0x08004a10                DFSDM2_FLT2_IRQHandler
                0x08004a10                RTC_WKUP_IRQHandler
                0x08004a10                SPI2_IRQHandler
                0x08004a10                MemManage_Handler
                0x08004a10                FMPI2C1_ER_IRQHandler
                0x08004a10                DFSDM2_FLT1_IRQHandler
                0x08004a10                RNG_IRQHandler
                0x08004a10                FSMC_IRQHandler
                0x08004a10                WWDG_IRQHandler
                0x08004a10                TIM2_IRQHandler
                0x08004a10                OTG_FS_WKUP_IRQHandler
                0x08004a10                TIM1_TRG_COM_TIM11_IRQHandler
                0x08004a10                UART7_IRQHandler
                0x08004a10                USART2_IRQHandler
                0x08004a10                DFSDM1_FLT0_IRQHandler
                0x08004a10                FLASH_IRQHandler
                0x08004a10                BusFault_Handler
                0x08004a10                USART1_IRQHandler
                0x08004a10                OTG_FS_IRQHandler
                0x08004a10                SPI3_IRQHandler
                0x08004a10                LPTIM1_IRQHandler
                0x08004a10                UART10_IRQHandler
                0x08004a10                SAI1_IRQHandler
 .text.cmr_adcSample
                0x08004a24       0x38 CMakeFiles/DIM.dir/C_/Users/nosla/Downloads/monorepo/stm32f413-drivers/CMR/src/adc.c.obj
 .text.cmr_adcConfigChannels
                0x08004a5c       0xac CMakeFiles/DIM.dir/C_/Users/nosla/Downloads/monorepo/stm32f413-drivers/CMR/src/adc.c.obj
 .text.cmr_adcInit
                0x08004b08       0x7c CMakeFiles/DIM.dir/C_/Users/nosla/Downloads/monorepo/stm32f413-drivers/CMR/src/adc.c.obj
                0x08004b08                cmr_adcInit
 .text.cmr_adcRead
                0x08004b84       0x28 CMakeFiles/DIM.dir/C_/Users/nosla/Downloads/monorepo/stm32f413-drivers/CMR/src/adc.c.obj
                0x08004b84                cmr_adcRead
 .text.cmr_canFromHandle
                0x08004bac       0x1a CMakeFiles/DIM.dir/C_/Users/nosla/Downloads/monorepo/stm32f413-drivers/CMR/src/can.c.obj
 *fill*         0x08004bc6        0x2 
 .text.cmr_canTXCpltCallback
                0x08004bc8       0x54 CMakeFiles/DIM.dir/C_/Users/nosla/Downloads/monorepo/stm32f413-drivers/CMR/src/can.c.obj
 .text.HAL_CAN_TxMailbox0CompleteCallback
                0x08004c1c       0x16 CMakeFiles/DIM.dir/C_/Users/nosla/Downloads/monorepo/stm32f413-drivers/CMR/src/can.c.obj
                0x08004c1c                HAL_CAN_TxMailbox0CompleteCallback
 .text.HAL_CAN_TxMailbox0AbortCallback
                0x08004c32       0x16 CMakeFiles/DIM.dir/C_/Users/nosla/Downloads/monorepo/stm32f413-drivers/CMR/src/can.c.obj
                0x08004c32                HAL_CAN_TxMailbox0AbortCallback
 .text.HAL_CAN_TxMailbox1CompleteCallback
                0x08004c48       0x16 CMakeFiles/DIM.dir/C_/Users/nosla/Downloads/monorepo/stm32f413-drivers/CMR/src/can.c.obj
                0x08004c48                HAL_CAN_TxMailbox1CompleteCallback
 .text.HAL_CAN_TxMailbox1AbortCallback
                0x08004c5e       0x16 CMakeFiles/DIM.dir/C_/Users/nosla/Downloads/monorepo/stm32f413-drivers/CMR/src/can.c.obj
                0x08004c5e                HAL_CAN_TxMailbox1AbortCallback
 .text.HAL_CAN_TxMailbox2CompleteCallback
                0x08004c74       0x16 CMakeFiles/DIM.dir/C_/Users/nosla/Downloads/monorepo/stm32f413-drivers/CMR/src/can.c.obj
                0x08004c74                HAL_CAN_TxMailbox2CompleteCallback
 .text.HAL_CAN_TxMailbox2AbortCallback
                0x08004c8a       0x16 CMakeFiles/DIM.dir/C_/Users/nosla/Downloads/monorepo/stm32f413-drivers/CMR/src/can.c.obj
                0x08004c8a                HAL_CAN_TxMailbox2AbortCallback
 .text.HAL_CAN_ErrorCallback
                0x08004ca0       0x68 CMakeFiles/DIM.dir/C_/Users/nosla/Downloads/monorepo/stm32f413-drivers/CMR/src/can.c.obj
                0x08004ca0                HAL_CAN_ErrorCallback
 .text.cmr_canTimeout
                0x08004d08       0x5a CMakeFiles/DIM.dir/C_/Users/nosla/Downloads/monorepo/stm32f413-drivers/CMR/src/can.c.obj
 .text.cmr_canRXMetaTimeoutWarn
                0x08004d62       0x24 CMakeFiles/DIM.dir/C_/Users/nosla/Downloads/monorepo/stm32f413-drivers/CMR/src/can.c.obj
                0x08004d62                cmr_canRXMetaTimeoutWarn
 .text.cmr_canRXMetaTimeoutError
                0x08004d86       0x24 CMakeFiles/DIM.dir/C_/Users/nosla/Downloads/monorepo/stm32f413-drivers/CMR/src/can.c.obj
                0x08004d86                cmr_canRXMetaTimeoutError
 .text.cmr_canRXMetaFind
                0x08004daa       0x4a CMakeFiles/DIM.dir/C_/Users/nosla/Downloads/monorepo/stm32f413-drivers/CMR/src/can.c.obj
 .text.cmr_canRXData
                0x08004df4       0x5c CMakeFiles/DIM.dir/C_/Users/nosla/Downloads/monorepo/stm32f413-drivers/CMR/src/can.c.obj
 .text.cmr_canRXPendingCallback
                0x08004e50       0x42 CMakeFiles/DIM.dir/C_/Users/nosla/Downloads/monorepo/stm32f413-drivers/CMR/src/can.c.obj
 .text.HAL_CAN_RxFifo0MsgPendingCallback
                0x08004e92       0x16 CMakeFiles/DIM.dir/C_/Users/nosla/Downloads/monorepo/stm32f413-drivers/CMR/src/can.c.obj
                0x08004e92                HAL_CAN_RxFifo0MsgPendingCallback
 .text.HAL_CAN_RxFifo1MsgPendingCallback
                0x08004ea8       0x16 CMakeFiles/DIM.dir/C_/Users/nosla/Downloads/monorepo/stm32f413-drivers/CMR/src/can.c.obj
                0x08004ea8                HAL_CAN_RxFifo1MsgPendingCallback
 *fill*         0x08004ebe        0x2 
 .text.cmr_canInit
                0x08004ec0       0xe4 CMakeFiles/DIM.dir/C_/Users/nosla/Downloads/monorepo/stm32f413-drivers/CMR/src/can.c.obj
                0x08004ec0                cmr_canInit
 .text.cmr_canTX
                0x08004fa4       0x78 CMakeFiles/DIM.dir/C_/Users/nosla/Downloads/monorepo/stm32f413-drivers/CMR/src/can.c.obj
                0x08004fa4                cmr_canTX
 .text.cmr_canFilter
                0x0800501c       0x1e CMakeFiles/DIM.dir/C_/Users/nosla/Downloads/monorepo/stm32f413-drivers/CMR/src/can.c.obj
                0x0800501c                cmr_canFilter
 .text.cmr_canGPIOAF
                0x0800503a       0x1c CMakeFiles/DIM.dir/C_/Users/nosla/Downloads/monorepo/stm32f413-drivers/CMR/src/can.c.obj
                0x0800503a                cmr_canGPIOAF
 *fill*         0x08005056        0x2 
 .text.DMA1_Stream0_IRQHandler
                0x08005058       0x14 CMakeFiles/DIM.dir/C_/Users/nosla/Downloads/monorepo/stm32f413-drivers/CMR/src/dma.c.obj
                0x08005058                DMA1_Stream0_IRQHandler
 .text.DMA1_Stream1_IRQHandler
                0x0800506c       0x14 CMakeFiles/DIM.dir/C_/Users/nosla/Downloads/monorepo/stm32f413-drivers/CMR/src/dma.c.obj
                0x0800506c                DMA1_Stream1_IRQHandler
 .text.DMA1_Stream2_IRQHandler
                0x08005080       0x14 CMakeFiles/DIM.dir/C_/Users/nosla/Downloads/monorepo/stm32f413-drivers/CMR/src/dma.c.obj
                0x08005080                DMA1_Stream2_IRQHandler
 .text.DMA1_Stream3_IRQHandler
                0x08005094       0x14 CMakeFiles/DIM.dir/C_/Users/nosla/Downloads/monorepo/stm32f413-drivers/CMR/src/dma.c.obj
                0x08005094                DMA1_Stream3_IRQHandler
 .text.DMA1_Stream4_IRQHandler
                0x080050a8       0x14 CMakeFiles/DIM.dir/C_/Users/nosla/Downloads/monorepo/stm32f413-drivers/CMR/src/dma.c.obj
                0x080050a8                DMA1_Stream4_IRQHandler
 .text.DMA1_Stream5_IRQHandler
                0x080050bc       0x14 CMakeFiles/DIM.dir/C_/Users/nosla/Downloads/monorepo/stm32f413-drivers/CMR/src/dma.c.obj
                0x080050bc                DMA1_Stream5_IRQHandler
 .text.DMA1_Stream6_IRQHandler
                0x080050d0       0x14 CMakeFiles/DIM.dir/C_/Users/nosla/Downloads/monorepo/stm32f413-drivers/CMR/src/dma.c.obj
                0x080050d0                DMA1_Stream6_IRQHandler
 .text.DMA1_Stream7_IRQHandler
                0x080050e4       0x14 CMakeFiles/DIM.dir/C_/Users/nosla/Downloads/monorepo/stm32f413-drivers/CMR/src/dma.c.obj
                0x080050e4                DMA1_Stream7_IRQHandler
 .text.DMA2_Stream0_IRQHandler
                0x080050f8       0x14 CMakeFiles/DIM.dir/C_/Users/nosla/Downloads/monorepo/stm32f413-drivers/CMR/src/dma.c.obj
                0x080050f8                DMA2_Stream0_IRQHandler
 .text.DMA2_Stream1_IRQHandler
                0x0800510c       0x14 CMakeFiles/DIM.dir/C_/Users/nosla/Downloads/monorepo/stm32f413-drivers/CMR/src/dma.c.obj
                0x0800510c                DMA2_Stream1_IRQHandler
 .text.DMA2_Stream2_IRQHandler
                0x08005120       0x14 CMakeFiles/DIM.dir/C_/Users/nosla/Downloads/monorepo/stm32f413-drivers/CMR/src/dma.c.obj
                0x08005120                DMA2_Stream2_IRQHandler
 .text.DMA2_Stream3_IRQHandler
                0x08005134       0x14 CMakeFiles/DIM.dir/C_/Users/nosla/Downloads/monorepo/stm32f413-drivers/CMR/src/dma.c.obj
                0x08005134                DMA2_Stream3_IRQHandler
 .text.DMA2_Stream4_IRQHandler
                0x08005148       0x14 CMakeFiles/DIM.dir/C_/Users/nosla/Downloads/monorepo/stm32f413-drivers/CMR/src/dma.c.obj
                0x08005148                DMA2_Stream4_IRQHandler
 .text.DMA2_Stream5_IRQHandler
                0x0800515c       0x14 CMakeFiles/DIM.dir/C_/Users/nosla/Downloads/monorepo/stm32f413-drivers/CMR/src/dma.c.obj
                0x0800515c                DMA2_Stream5_IRQHandler
 .text.DMA2_Stream6_IRQHandler
                0x08005170       0x14 CMakeFiles/DIM.dir/C_/Users/nosla/Downloads/monorepo/stm32f413-drivers/CMR/src/dma.c.obj
                0x08005170                DMA2_Stream6_IRQHandler
 .text.DMA2_Stream7_IRQHandler
                0x08005184       0x14 CMakeFiles/DIM.dir/C_/Users/nosla/Downloads/monorepo/stm32f413-drivers/CMR/src/dma.c.obj
                0x08005184                DMA2_Stream7_IRQHandler
 .text.cmr_dmaInit
                0x08005198      0x2a8 CMakeFiles/DIM.dir/C_/Users/nosla/Downloads/monorepo/stm32f413-drivers/CMR/src/dma.c.obj
                0x08005198                cmr_dmaInit
 .text.CAN1_TX_IRQHandler
                0x08005440       0x14 CMakeFiles/DIM.dir/C_/Users/nosla/Downloads/monorepo/stm32f413-drivers/CMR/src/f413.c.obj
                0x08005440                CAN1_TX_IRQHandler
 .text.CAN1_RX0_IRQHandler
                0x08005454       0x14 CMakeFiles/DIM.dir/C_/Users/nosla/Downloads/monorepo/stm32f413-drivers/CMR/src/f413.c.obj
                0x08005454                CAN1_RX0_IRQHandler
 .text.CAN1_RX1_IRQHandler
                0x08005468       0x14 CMakeFiles/DIM.dir/C_/Users/nosla/Downloads/monorepo/stm32f413-drivers/CMR/src/f413.c.obj
                0x08005468                CAN1_RX1_IRQHandler
 .text.CAN1_SCE_IRQHandler
                0x0800547c       0x14 CMakeFiles/DIM.dir/C_/Users/nosla/Downloads/monorepo/stm32f413-drivers/CMR/src/f413.c.obj
                0x0800547c                CAN1_SCE_IRQHandler
 .text.CAN2_TX_IRQHandler
                0x08005490       0x14 CMakeFiles/DIM.dir/C_/Users/nosla/Downloads/monorepo/stm32f413-drivers/CMR/src/f413.c.obj
                0x08005490                CAN2_TX_IRQHandler
 .text.CAN2_RX0_IRQHandler
                0x080054a4       0x14 CMakeFiles/DIM.dir/C_/Users/nosla/Downloads/monorepo/stm32f413-drivers/CMR/src/f413.c.obj
                0x080054a4                CAN2_RX0_IRQHandler
 .text.CAN2_RX1_IRQHandler
                0x080054b8       0x14 CMakeFiles/DIM.dir/C_/Users/nosla/Downloads/monorepo/stm32f413-drivers/CMR/src/f413.c.obj
                0x080054b8                CAN2_RX1_IRQHandler
 .text.CAN2_SCE_IRQHandler
                0x080054cc       0x14 CMakeFiles/DIM.dir/C_/Users/nosla/Downloads/monorepo/stm32f413-drivers/CMR/src/f413.c.obj
                0x080054cc                CAN2_SCE_IRQHandler
 .text.CAN3_TX_IRQHandler
                0x080054e0       0x14 CMakeFiles/DIM.dir/C_/Users/nosla/Downloads/monorepo/stm32f413-drivers/CMR/src/f413.c.obj
                0x080054e0                CAN3_TX_IRQHandler
 .text.CAN3_RX0_IRQHandler
                0x080054f4       0x14 CMakeFiles/DIM.dir/C_/Users/nosla/Downloads/monorepo/stm32f413-drivers/CMR/src/f413.c.obj
                0x080054f4                CAN3_RX0_IRQHandler
 .text.CAN3_RX1_IRQHandler
                0x08005508       0x14 CMakeFiles/DIM.dir/C_/Users/nosla/Downloads/monorepo/stm32f413-drivers/CMR/src/f413.c.obj
                0x08005508                CAN3_RX1_IRQHandler
 .text.CAN3_SCE_IRQHandler
                0x0800551c       0x14 CMakeFiles/DIM.dir/C_/Users/nosla/Downloads/monorepo/stm32f413-drivers/CMR/src/f413.c.obj
                0x0800551c                CAN3_SCE_IRQHandler
 .text._platform_canGPIOAF
                0x08005530       0x88 CMakeFiles/DIM.dir/C_/Users/nosla/Downloads/monorepo/stm32f413-drivers/CMR/src/f413.c.obj
                0x08005530                _platform_canGPIOAF
 .text._platform_canInit
                0x080055b8      0x1c4 CMakeFiles/DIM.dir/C_/Users/nosla/Downloads/monorepo/stm32f413-drivers/CMR/src/f413.c.obj
                0x080055b8                _platform_canInit
 .text._platform_canFilter
                0x0800577c       0xe0 CMakeFiles/DIM.dir/C_/Users/nosla/Downloads/monorepo/stm32f413-drivers/CMR/src/f413.c.obj
                0x0800577c                _platform_canFilter
 .text._platform_rccSystemClockEnable
                0x0800585c       0xe0 CMakeFiles/DIM.dir/C_/Users/nosla/Downloads/monorepo/stm32f413-drivers/CMR/src/f413.c.obj
                0x0800585c                _platform_rccSystemClockEnable
 .text._platform_rccGPIOClockEnable
                0x0800593c      0x18c CMakeFiles/DIM.dir/C_/Users/nosla/Downloads/monorepo/stm32f413-drivers/CMR/src/f413.c.obj
                0x0800593c                _platform_rccGPIOClockEnable
 .text._platform_adcChannelConfig
                0x08005ac8       0x38 CMakeFiles/DIM.dir/C_/Users/nosla/Downloads/monorepo/stm32f413-drivers/CMR/src/f413.c.obj
                0x08005ac8                _platform_adcChannelConfig
 .text._platform_adcPinConfig
                0x08005b00       0x3a CMakeFiles/DIM.dir/C_/Users/nosla/Downloads/monorepo/stm32f413-drivers/CMR/src/f413.c.obj
                0x08005b00                _platform_adcPinConfig
 *fill*         0x08005b3a        0x2 
 .text._platform_rccADCClockEnable
                0x08005b3c       0x44 CMakeFiles/DIM.dir/C_/Users/nosla/Downloads/monorepo/stm32f413-drivers/CMR/src/f413.c.obj
                0x08005b3c                _platform_rccADCClockEnable
 .text._platform_adcInit
                0x08005b80      0x108 CMakeFiles/DIM.dir/C_/Users/nosla/Downloads/monorepo/stm32f413-drivers/CMR/src/f413.c.obj
                0x08005b80                _platform_adcInit
 .text._platform_adcPoll
                0x08005c88       0x5c CMakeFiles/DIM.dir/C_/Users/nosla/Downloads/monorepo/stm32f413-drivers/CMR/src/f413.c.obj
                0x08005c88                _platform_adcPoll
 .text._platform_rccCANClockEnable
                0x08005ce4       0xb8 CMakeFiles/DIM.dir/C_/Users/nosla/Downloads/monorepo/stm32f413-drivers/CMR/src/f413.c.obj
                0x08005ce4                _platform_rccCANClockEnable
 .text.EXTI0_IRQHandler
                0x08005d9c        0xc CMakeFiles/DIM.dir/C_/Users/nosla/Downloads/monorepo/stm32f413-drivers/CMR/src/gpio.c.obj
                0x08005d9c                EXTI0_IRQHandler
 .text.EXTI1_IRQHandler
                0x08005da8        0xc CMakeFiles/DIM.dir/C_/Users/nosla/Downloads/monorepo/stm32f413-drivers/CMR/src/gpio.c.obj
                0x08005da8                EXTI1_IRQHandler
 .text.EXTI2_IRQHandler
                0x08005db4        0xc CMakeFiles/DIM.dir/C_/Users/nosla/Downloads/monorepo/stm32f413-drivers/CMR/src/gpio.c.obj
                0x08005db4                EXTI2_IRQHandler
 .text.EXTI3_IRQHandler
                0x08005dc0        0xc CMakeFiles/DIM.dir/C_/Users/nosla/Downloads/monorepo/stm32f413-drivers/CMR/src/gpio.c.obj
                0x08005dc0                EXTI3_IRQHandler
 .text.EXTI4_IRQHandler
                0x08005dcc        0xc CMakeFiles/DIM.dir/C_/Users/nosla/Downloads/monorepo/stm32f413-drivers/CMR/src/gpio.c.obj
                0x08005dcc                EXTI4_IRQHandler
 .text.EXTI9_5_IRQHandler
                0x08005dd8        0xe CMakeFiles/DIM.dir/C_/Users/nosla/Downloads/monorepo/stm32f413-drivers/CMR/src/gpio.c.obj
                0x08005dd8                EXTI9_5_IRQHandler
 .text.EXTI15_10_IRQHandler
                0x08005de6        0xe CMakeFiles/DIM.dir/C_/Users/nosla/Downloads/monorepo/stm32f413-drivers/CMR/src/gpio.c.obj
                0x08005de6                EXTI15_10_IRQHandler
 .text.cmr_gpioPinInit
                0x08005df4       0x6c CMakeFiles/DIM.dir/C_/Users/nosla/Downloads/monorepo/stm32f413-drivers/CMR/src/gpio.c.obj
                0x08005df4                cmr_gpioPinInit
 .text.cmr_gpioWrite
                0x08005e60       0x7c CMakeFiles/DIM.dir/C_/Users/nosla/Downloads/monorepo/stm32f413-drivers/CMR/src/gpio.c.obj
                0x08005e60                cmr_gpioWrite
 .text.I2C1_EV_IRQHandler
                0x08005edc       0x18 CMakeFiles/DIM.dir/C_/Users/nosla/Downloads/monorepo/stm32f413-drivers/CMR/src/i2c.c.obj
                0x08005edc                I2C1_EV_IRQHandler
 .text.I2C2_EV_IRQHandler
                0x08005ef4       0x18 CMakeFiles/DIM.dir/C_/Users/nosla/Downloads/monorepo/stm32f413-drivers/CMR/src/i2c.c.obj
                0x08005ef4                I2C2_EV_IRQHandler
 .text.I2C1_ER_IRQHandler
                0x08005f0c       0x18 CMakeFiles/DIM.dir/C_/Users/nosla/Downloads/monorepo/stm32f413-drivers/CMR/src/i2c.c.obj
                0x08005f0c                I2C1_ER_IRQHandler
 .text.I2C2_ER_IRQHandler
                0x08005f24       0x18 CMakeFiles/DIM.dir/C_/Users/nosla/Downloads/monorepo/stm32f413-drivers/CMR/src/i2c.c.obj
                0x08005f24                I2C2_ER_IRQHandler
 .text.cmr_i2cDoneCallback
                0x08005f3c       0x60 CMakeFiles/DIM.dir/C_/Users/nosla/Downloads/monorepo/stm32f413-drivers/CMR/src/i2c.c.obj
 .text.HAL_I2C_MasterTxCpltCallback
                0x08005f9c       0x18 CMakeFiles/DIM.dir/C_/Users/nosla/Downloads/monorepo/stm32f413-drivers/CMR/src/i2c.c.obj
                0x08005f9c                HAL_I2C_MasterTxCpltCallback
 .text.HAL_I2C_MasterRxCpltCallback
                0x08005fb4       0x18 CMakeFiles/DIM.dir/C_/Users/nosla/Downloads/monorepo/stm32f413-drivers/CMR/src/i2c.c.obj
                0x08005fb4                HAL_I2C_MasterRxCpltCallback
 .text.HAL_I2C_ErrorCallback
                0x08005fcc       0x20 CMakeFiles/DIM.dir/C_/Users/nosla/Downloads/monorepo/stm32f413-drivers/CMR/src/i2c.c.obj
                0x08005fcc                HAL_I2C_ErrorCallback
 .text.SysTick_Handler
                0x08005fec       0x1c CMakeFiles/DIM.dir/C_/Users/nosla/Downloads/monorepo/stm32f413-drivers/CMR/src/interrupts.c.obj
                0x08005fec                SysTick_Handler
 .text.NMI_Handler
                0x08006008        0xe CMakeFiles/DIM.dir/C_/Users/nosla/Downloads/monorepo/stm32f413-drivers/CMR/src/interrupts.c.obj
                0x08006008                NMI_Handler
 .text.DebugMon_Handler
                0x08006016        0xe CMakeFiles/DIM.dir/C_/Users/nosla/Downloads/monorepo/stm32f413-drivers/CMR/src/interrupts.c.obj
                0x08006016                DebugMon_Handler
 .text.cmr_panicSetup
                0x08006024        0xe CMakeFiles/DIM.dir/C_/Users/nosla/Downloads/monorepo/stm32f413-drivers/CMR/src/panic.c.obj
                0x08006024                cmr_panicSetup
 .text.cmr_panic
                0x08006032        0xe CMakeFiles/DIM.dir/C_/Users/nosla/Downloads/monorepo/stm32f413-drivers/CMR/src/panic.c.obj
                0x08006032                cmr_panic
 .text.QUADSPI_IRQHandler
                0x08006040       0x18 CMakeFiles/DIM.dir/C_/Users/nosla/Downloads/monorepo/stm32f413-drivers/CMR/src/qspi.c.obj
                0x08006040                QUADSPI_IRQHandler
 .text.cmr_qspiDoneCallback
                0x08006058       0x54 CMakeFiles/DIM.dir/C_/Users/nosla/Downloads/monorepo/stm32f413-drivers/CMR/src/qspi.c.obj
 .text.HAL_QSPI_CmdCpltCallback
                0x080060ac       0x16 CMakeFiles/DIM.dir/C_/Users/nosla/Downloads/monorepo/stm32f413-drivers/CMR/src/qspi.c.obj
                0x080060ac                HAL_QSPI_CmdCpltCallback
 .text.HAL_QSPI_TxCpltCallback
                0x080060c2       0x16 CMakeFiles/DIM.dir/C_/Users/nosla/Downloads/monorepo/stm32f413-drivers/CMR/src/qspi.c.obj
                0x080060c2                HAL_QSPI_TxCpltCallback
 .text.HAL_QSPI_RxCpltCallback
                0x080060d8       0x16 CMakeFiles/DIM.dir/C_/Users/nosla/Downloads/monorepo/stm32f413-drivers/CMR/src/qspi.c.obj
                0x080060d8                HAL_QSPI_RxCpltCallback
 *fill*         0x080060ee        0x2 
 .text.cmr_qspiInit
                0x080060f0      0x2c8 CMakeFiles/DIM.dir/C_/Users/nosla/Downloads/monorepo/stm32f413-drivers/CMR/src/qspi.c.obj
                0x080060f0                cmr_qspiInit
 .text.cmr_qspiSetPrescaler
                0x080063b8       0x30 CMakeFiles/DIM.dir/C_/Users/nosla/Downloads/monorepo/stm32f413-drivers/CMR/src/qspi.c.obj
                0x080063b8                cmr_qspiSetPrescaler
 .text.cmr_qspiCmd
                0x080063e8       0x60 CMakeFiles/DIM.dir/C_/Users/nosla/Downloads/monorepo/stm32f413-drivers/CMR/src/qspi.c.obj
                0x080063e8                cmr_qspiCmd
 .text.cmr_qspiTX
                0x08006448       0x80 CMakeFiles/DIM.dir/C_/Users/nosla/Downloads/monorepo/stm32f413-drivers/CMR/src/qspi.c.obj
                0x08006448                cmr_qspiTX
 .text.cmr_qspiRX
                0x080064c8       0x80 CMakeFiles/DIM.dir/C_/Users/nosla/Downloads/monorepo/stm32f413-drivers/CMR/src/qspi.c.obj
                0x080064c8                cmr_qspiRX
 .text.cmr_rccSystemClockEnable
                0x08006548        0xc CMakeFiles/DIM.dir/C_/Users/nosla/Downloads/monorepo/stm32f413-drivers/CMR/src/rcc.c.obj
                0x08006548                cmr_rccSystemClockEnable
 .text.cmr_rccGPIOClockEnable
                0x08006554       0x16 CMakeFiles/DIM.dir/C_/Users/nosla/Downloads/monorepo/stm32f413-drivers/CMR/src/rcc.c.obj
                0x08006554                cmr_rccGPIOClockEnable
 .text.cmr_rccADCClockEnable
                0x0800656a       0x16 CMakeFiles/DIM.dir/C_/Users/nosla/Downloads/monorepo/stm32f413-drivers/CMR/src/rcc.c.obj
                0x0800656a                cmr_rccADCClockEnable
 .text.cmr_rccCANClockEnable
                0x08006580       0x16 CMakeFiles/DIM.dir/C_/Users/nosla/Downloads/monorepo/stm32f413-drivers/CMR/src/rcc.c.obj
                0x08006580                cmr_rccCANClockEnable
 *fill*         0x08006596        0x2 
 .text.cmr_rccQSPIClockEnable
                0x08006598       0x34 CMakeFiles/DIM.dir/C_/Users/nosla/Downloads/monorepo/stm32f413-drivers/CMR/src/rcc.c.obj
                0x08006598                cmr_rccQSPIClockEnable
 .text.cmr_sensorInit
                0x080065cc       0xc8 CMakeFiles/DIM.dir/C_/Users/nosla/Downloads/monorepo/stm32f413-drivers/CMR/src/sensors.c.obj
 .text.cmr_sensorUpdate
                0x08006694       0x62 CMakeFiles/DIM.dir/C_/Users/nosla/Downloads/monorepo/stm32f413-drivers/CMR/src/sensors.c.obj
 .text.cmr_sensorListInit
                0x080066f6       0x4a CMakeFiles/DIM.dir/C_/Users/nosla/Downloads/monorepo/stm32f413-drivers/CMR/src/sensors.c.obj
                0x080066f6                cmr_sensorListInit
 .text.cmr_sensorListUpdate
                0x08006740       0x3e CMakeFiles/DIM.dir/C_/Users/nosla/Downloads/monorepo/stm32f413-drivers/CMR/src/sensors.c.obj
                0x08006740                cmr_sensorListUpdate
 .text.cmr_sensorListGetFlags
                0x0800677e       0xac CMakeFiles/DIM.dir/C_/Users/nosla/Downloads/monorepo/stm32f413-drivers/CMR/src/sensors.c.obj
                0x0800677e                cmr_sensorListGetFlags
 .text.cmr_sensorListGetValue
                0x0800682a       0x28 CMakeFiles/DIM.dir/C_/Users/nosla/Downloads/monorepo/stm32f413-drivers/CMR/src/sensors.c.obj
                0x0800682a                cmr_sensorListGetValue
 *fill*         0x08006852        0x2 
 .text.cmr_taskInit
                0x08006854       0x50 CMakeFiles/DIM.dir/C_/Users/nosla/Downloads/monorepo/stm32f413-drivers/CMR/src/tasks.c.obj
                0x08006854                cmr_taskInit
 .text.vApplicationGetIdleTaskMemory
                0x080068a4       0x34 CMakeFiles/DIM.dir/C_/Users/nosla/Downloads/monorepo/stm32f413-drivers/CMR/src/tasks.c.obj
                0x080068a4                vApplicationGetIdleTaskMemory
 .text.HAL_Init
                0x080068d8       0x44 CMakeFiles/DIM.dir/C_/Users/nosla/Downloads/monorepo/stm32f413-drivers/HAL/F4XX/Src/stm32f4xx_hal.c.obj
                0x080068d8                HAL_Init
 .text.HAL_MspInit
                0x0800691c        0xe CMakeFiles/DIM.dir/C_/Users/nosla/Downloads/monorepo/stm32f413-drivers/HAL/F4XX/Src/stm32f4xx_hal.c.obj
                0x0800691c                HAL_MspInit
 *fill*         0x0800692a        0x2 
 .text.HAL_InitTick
                0x0800692c       0x60 CMakeFiles/DIM.dir/C_/Users/nosla/Downloads/monorepo/stm32f413-drivers/HAL/F4XX/Src/stm32f4xx_hal.c.obj
                0x0800692c                HAL_InitTick
 .text.HAL_IncTick
                0x0800698c       0x28 CMakeFiles/DIM.dir/C_/Users/nosla/Downloads/monorepo/stm32f413-drivers/HAL/F4XX/Src/stm32f4xx_hal.c.obj
                0x0800698c                HAL_IncTick
 .text.HAL_GetTick
                0x080069b4       0x18 CMakeFiles/DIM.dir/C_/Users/nosla/Downloads/monorepo/stm32f413-drivers/HAL/F4XX/Src/stm32f4xx_hal.c.obj
                0x080069b4                HAL_GetTick
 .text.HAL_ADC_Init
                0x080069cc       0x86 CMakeFiles/DIM.dir/C_/Users/nosla/Downloads/monorepo/stm32f413-drivers/HAL/F4XX/Src/stm32f4xx_hal_adc.c.obj
                0x080069cc                HAL_ADC_Init
 .text.HAL_ADC_MspInit
                0x08006a52       0x14 CMakeFiles/DIM.dir/C_/Users/nosla/Downloads/monorepo/stm32f413-drivers/HAL/F4XX/Src/stm32f4xx_hal_adc.c.obj
                0x08006a52                HAL_ADC_MspInit
 *fill*         0x08006a66        0x2 
 .text.HAL_ADC_Start
                0x08006a68      0x14c CMakeFiles/DIM.dir/C_/Users/nosla/Downloads/monorepo/stm32f413-drivers/HAL/F4XX/Src/stm32f4xx_hal_adc.c.obj
                0x08006a68                HAL_ADC_Start
 .text.HAL_ADC_PollForConversion
                0x08006bb4      0x108 CMakeFiles/DIM.dir/C_/Users/nosla/Downloads/monorepo/stm32f413-drivers/HAL/F4XX/Src/stm32f4xx_hal_adc.c.obj
                0x08006bb4                HAL_ADC_PollForConversion
 .text.HAL_ADC_GetValue
                0x08006cbc       0x1a CMakeFiles/DIM.dir/C_/Users/nosla/Downloads/monorepo/stm32f413-drivers/HAL/F4XX/Src/stm32f4xx_hal_adc.c.obj
                0x08006cbc                HAL_ADC_GetValue
 *fill*         0x08006cd6        0x2 
 .text.HAL_ADC_ConfigChannel
                0x08006cd8      0x264 CMakeFiles/DIM.dir/C_/Users/nosla/Downloads/monorepo/stm32f413-drivers/HAL/F4XX/Src/stm32f4xx_hal_adc.c.obj
                0x08006cd8                HAL_ADC_ConfigChannel
 .text.ADC_Init
                0x08006f3c      0x1f8 CMakeFiles/DIM.dir/C_/Users/nosla/Downloads/monorepo/stm32f413-drivers/HAL/F4XX/Src/stm32f4xx_hal_adc.c.obj
 .text.HAL_CAN_Init
                0x08007134      0x1f6 CMakeFiles/DIM.dir/C_/Users/nosla/Downloads/monorepo/stm32f413-drivers/HAL/F4XX/Src/stm32f4xx_hal_can.c.obj
                0x08007134                HAL_CAN_Init
 .text.HAL_CAN_MspInit
                0x0800732a       0x14 CMakeFiles/DIM.dir/C_/Users/nosla/Downloads/monorepo/stm32f413-drivers/HAL/F4XX/Src/stm32f4xx_hal_can.c.obj
                0x0800732a                HAL_CAN_MspInit
 *fill*         0x0800733e        0x2 
 .text.HAL_CAN_ConfigFilter
                0x08007340      0x1d8 CMakeFiles/DIM.dir/C_/Users/nosla/Downloads/monorepo/stm32f413-drivers/HAL/F4XX/Src/stm32f4xx_hal_can.c.obj
                0x08007340                HAL_CAN_ConfigFilter
 .text.HAL_CAN_Start
                0x08007518       0x88 CMakeFiles/DIM.dir/C_/Users/nosla/Downloads/monorepo/stm32f413-drivers/HAL/F4XX/Src/stm32f4xx_hal_can.c.obj
                0x08007518                HAL_CAN_Start
 .text.HAL_CAN_AddTxMessage
                0x080075a0      0x1b6 CMakeFiles/DIM.dir/C_/Users/nosla/Downloads/monorepo/stm32f413-drivers/HAL/F4XX/Src/stm32f4xx_hal_can.c.obj
                0x080075a0                HAL_CAN_AddTxMessage
 .text.HAL_CAN_GetRxMessage
                0x08007756      0x226 CMakeFiles/DIM.dir/C_/Users/nosla/Downloads/monorepo/stm32f413-drivers/HAL/F4XX/Src/stm32f4xx_hal_can.c.obj
                0x08007756                HAL_CAN_GetRxMessage
 .text.HAL_CAN_ActivateNotification
                0x0800797c       0x4c CMakeFiles/DIM.dir/C_/Users/nosla/Downloads/monorepo/stm32f413-drivers/HAL/F4XX/Src/stm32f4xx_hal_can.c.obj
                0x0800797c                HAL_CAN_ActivateNotification
 .text.HAL_CAN_IRQHandler
                0x080079c8      0x36e CMakeFiles/DIM.dir/C_/Users/nosla/Downloads/monorepo/stm32f413-drivers/HAL/F4XX/Src/stm32f4xx_hal_can.c.obj
                0x080079c8                HAL_CAN_IRQHandler
 .text.HAL_CAN_RxFifo0FullCallback
                0x08007d36       0x14 CMakeFiles/DIM.dir/C_/Users/nosla/Downloads/monorepo/stm32f413-drivers/HAL/F4XX/Src/stm32f4xx_hal_can.c.obj
                0x08007d36                HAL_CAN_RxFifo0FullCallback
 .text.HAL_CAN_RxFifo1FullCallback
                0x08007d4a       0x14 CMakeFiles/DIM.dir/C_/Users/nosla/Downloads/monorepo/stm32f413-drivers/HAL/F4XX/Src/stm32f4xx_hal_can.c.obj
                0x08007d4a                HAL_CAN_RxFifo1FullCallback
 .text.HAL_CAN_SleepCallback
                0x08007d5e       0x14 CMakeFiles/DIM.dir/C_/Users/nosla/Downloads/monorepo/stm32f413-drivers/HAL/F4XX/Src/stm32f4xx_hal_can.c.obj
                0x08007d5e                HAL_CAN_SleepCallback
 .text.HAL_CAN_WakeUpFromRxMsgCallback
                0x08007d72       0x14 CMakeFiles/DIM.dir/C_/Users/nosla/Downloads/monorepo/stm32f413-drivers/HAL/F4XX/Src/stm32f4xx_hal_can.c.obj
                0x08007d72                HAL_CAN_WakeUpFromRxMsgCallback
 *fill*         0x08007d86        0x2 
 .text.__NVIC_SetPriorityGrouping
                0x08007d88       0x48 CMakeFiles/DIM.dir/C_/Users/nosla/Downloads/monorepo/stm32f413-drivers/HAL/F4XX/Src/stm32f4xx_hal_cortex.c.obj
 .text.__NVIC_GetPriorityGrouping
                0x08007dd0       0x1c CMakeFiles/DIM.dir/C_/Users/nosla/Downloads/monorepo/stm32f413-drivers/HAL/F4XX/Src/stm32f4xx_hal_cortex.c.obj
 .text.__NVIC_EnableIRQ
                0x08007dec       0x3c CMakeFiles/DIM.dir/C_/Users/nosla/Downloads/monorepo/stm32f413-drivers/HAL/F4XX/Src/stm32f4xx_hal_cortex.c.obj
 .text.__NVIC_SetPriority
                0x08007e28       0x54 CMakeFiles/DIM.dir/C_/Users/nosla/Downloads/monorepo/stm32f413-drivers/HAL/F4XX/Src/stm32f4xx_hal_cortex.c.obj
 .text.NVIC_EncodePriority
                0x08007e7c       0x66 CMakeFiles/DIM.dir/C_/Users/nosla/Downloads/monorepo/stm32f413-drivers/HAL/F4XX/Src/stm32f4xx_hal_cortex.c.obj
 *fill*         0x08007ee2        0x2 
 .text.SysTick_Config
                0x08007ee4       0x44 CMakeFiles/DIM.dir/C_/Users/nosla/Downloads/monorepo/stm32f413-drivers/HAL/F4XX/Src/stm32f4xx_hal_cortex.c.obj
 .text.HAL_NVIC_SetPriorityGrouping
                0x08007f28       0x16 CMakeFiles/DIM.dir/C_/Users/nosla/Downloads/monorepo/stm32f413-drivers/HAL/F4XX/Src/stm32f4xx_hal_cortex.c.obj
                0x08007f28                HAL_NVIC_SetPriorityGrouping
 .text.HAL_NVIC_SetPriority
                0x08007f3e       0x38 CMakeFiles/DIM.dir/C_/Users/nosla/Downloads/monorepo/stm32f413-drivers/HAL/F4XX/Src/stm32f4xx_hal_cortex.c.obj
                0x08007f3e                HAL_NVIC_SetPriority
 .text.HAL_NVIC_EnableIRQ
                0x08007f76       0x1c CMakeFiles/DIM.dir/C_/Users/nosla/Downloads/monorepo/stm32f413-drivers/HAL/F4XX/Src/stm32f4xx_hal_cortex.c.obj
                0x08007f76                HAL_NVIC_EnableIRQ
 .text.HAL_SYSTICK_Config
                0x08007f92       0x18 CMakeFiles/DIM.dir/C_/Users/nosla/Downloads/monorepo/stm32f413-drivers/HAL/F4XX/Src/stm32f4xx_hal_cortex.c.obj
                0x08007f92                HAL_SYSTICK_Config
 *fill*         0x08007faa        0x2 
 .text.HAL_DMA_Init
                0x08007fac      0x15c CMakeFiles/DIM.dir/C_/Users/nosla/Downloads/monorepo/stm32f413-drivers/HAL/F4XX/Src/stm32f4xx_hal_dma.c.obj
                0x08007fac                HAL_DMA_Init
 .text.HAL_DMA_Start_IT
                0x08008108       0xc0 CMakeFiles/DIM.dir/C_/Users/nosla/Downloads/monorepo/stm32f413-drivers/HAL/F4XX/Src/stm32f4xx_hal_dma.c.obj
                0x08008108                HAL_DMA_Start_IT
 .text.HAL_DMA_Abort_IT
                0x080081c8       0x44 CMakeFiles/DIM.dir/C_/Users/nosla/Downloads/monorepo/stm32f413-drivers/HAL/F4XX/Src/stm32f4xx_hal_dma.c.obj
                0x080081c8                HAL_DMA_Abort_IT
 .text.HAL_DMA_IRQHandler
                0x0800820c      0x314 CMakeFiles/DIM.dir/C_/Users/nosla/Downloads/monorepo/stm32f413-drivers/HAL/F4XX/Src/stm32f4xx_hal_dma.c.obj
                0x0800820c                HAL_DMA_IRQHandler
 .text.HAL_DMA_GetState
                0x08008520       0x1c CMakeFiles/DIM.dir/C_/Users/nosla/Downloads/monorepo/stm32f413-drivers/HAL/F4XX/Src/stm32f4xx_hal_dma.c.obj
                0x08008520                HAL_DMA_GetState
 .text.HAL_DMA_GetError
                0x0800853c       0x18 CMakeFiles/DIM.dir/C_/Users/nosla/Downloads/monorepo/stm32f413-drivers/HAL/F4XX/Src/stm32f4xx_hal_dma.c.obj
                0x0800853c                HAL_DMA_GetError
 .text.DMA_SetConfig
                0x08008554       0x5c CMakeFiles/DIM.dir/C_/Users/nosla/Downloads/monorepo/stm32f413-drivers/HAL/F4XX/Src/stm32f4xx_hal_dma.c.obj
 .text.DMA_CalcBaseAndBitshift
                0x080085b0       0x6c CMakeFiles/DIM.dir/C_/Users/nosla/Downloads/monorepo/stm32f413-drivers/HAL/F4XX/Src/stm32f4xx_hal_dma.c.obj
 .text.DMA_CheckFifoParam
                0x0800861c       0xf8 CMakeFiles/DIM.dir/C_/Users/nosla/Downloads/monorepo/stm32f413-drivers/HAL/F4XX/Src/stm32f4xx_hal_dma.c.obj
 .text.HAL_GPIO_Init
                0x08008714      0x328 CMakeFiles/DIM.dir/C_/Users/nosla/Downloads/monorepo/stm32f413-drivers/HAL/F4XX/Src/stm32f4xx_hal_gpio.c.obj
                0x08008714                HAL_GPIO_Init
 .text.HAL_GPIO_ReadPin
                0x08008a3c       0x30 CMakeFiles/DIM.dir/C_/Users/nosla/Downloads/monorepo/stm32f413-drivers/HAL/F4XX/Src/stm32f4xx_hal_gpio.c.obj
                0x08008a3c                HAL_GPIO_ReadPin
 .text.HAL_GPIO_WritePin
                0x08008a6c       0x32 CMakeFiles/DIM.dir/C_/Users/nosla/Downloads/monorepo/stm32f413-drivers/HAL/F4XX/Src/stm32f4xx_hal_gpio.c.obj
                0x08008a6c                HAL_GPIO_WritePin
 *fill*         0x08008a9e        0x2 
 .text.HAL_GPIO_EXTI_IRQHandler
                0x08008aa0       0x30 CMakeFiles/DIM.dir/C_/Users/nosla/Downloads/monorepo/stm32f413-drivers/HAL/F4XX/Src/stm32f4xx_hal_gpio.c.obj
                0x08008aa0                HAL_GPIO_EXTI_IRQHandler
 .text.HAL_I2C_EV_IRQHandler
                0x08008ad0      0x290 CMakeFiles/DIM.dir/C_/Users/nosla/Downloads/monorepo/stm32f413-drivers/HAL/F4XX/Src/stm32f4xx_hal_i2c.c.obj
                0x08008ad0                HAL_I2C_EV_IRQHandler
 .text.HAL_I2C_ER_IRQHandler
                0x08008d60      0x13a CMakeFiles/DIM.dir/C_/Users/nosla/Downloads/monorepo/stm32f413-drivers/HAL/F4XX/Src/stm32f4xx_hal_i2c.c.obj
                0x08008d60                HAL_I2C_ER_IRQHandler
 .text.HAL_I2C_SlaveTxCpltCallback
                0x08008e9a       0x14 CMakeFiles/DIM.dir/C_/Users/nosla/Downloads/monorepo/stm32f413-drivers/HAL/F4XX/Src/stm32f4xx_hal_i2c.c.obj
                0x08008e9a                HAL_I2C_SlaveTxCpltCallback
 .text.HAL_I2C_SlaveRxCpltCallback
                0x08008eae       0x14 CMakeFiles/DIM.dir/C_/Users/nosla/Downloads/monorepo/stm32f413-drivers/HAL/F4XX/Src/stm32f4xx_hal_i2c.c.obj
                0x08008eae                HAL_I2C_SlaveRxCpltCallback
 .text.HAL_I2C_AddrCallback
                0x08008ec2       0x1c CMakeFiles/DIM.dir/C_/Users/nosla/Downloads/monorepo/stm32f413-drivers/HAL/F4XX/Src/stm32f4xx_hal_i2c.c.obj
                0x08008ec2                HAL_I2C_AddrCallback
 .text.HAL_I2C_ListenCpltCallback
                0x08008ede       0x14 CMakeFiles/DIM.dir/C_/Users/nosla/Downloads/monorepo/stm32f413-drivers/HAL/F4XX/Src/stm32f4xx_hal_i2c.c.obj
                0x08008ede                HAL_I2C_ListenCpltCallback
 .text.HAL_I2C_MemTxCpltCallback
                0x08008ef2       0x14 CMakeFiles/DIM.dir/C_/Users/nosla/Downloads/monorepo/stm32f413-drivers/HAL/F4XX/Src/stm32f4xx_hal_i2c.c.obj
                0x08008ef2                HAL_I2C_MemTxCpltCallback
 .text.HAL_I2C_MemRxCpltCallback
                0x08008f06       0x14 CMakeFiles/DIM.dir/C_/Users/nosla/Downloads/monorepo/stm32f413-drivers/HAL/F4XX/Src/stm32f4xx_hal_i2c.c.obj
                0x08008f06                HAL_I2C_MemRxCpltCallback
 .text.HAL_I2C_AbortCpltCallback
                0x08008f1a       0x14 CMakeFiles/DIM.dir/C_/Users/nosla/Downloads/monorepo/stm32f413-drivers/HAL/F4XX/Src/stm32f4xx_hal_i2c.c.obj
                0x08008f1a                HAL_I2C_AbortCpltCallback
 .text.HAL_I2C_GetError
                0x08008f2e       0x18 CMakeFiles/DIM.dir/C_/Users/nosla/Downloads/monorepo/stm32f413-drivers/HAL/F4XX/Src/stm32f4xx_hal_i2c.c.obj
                0x08008f2e                HAL_I2C_GetError
 .text.I2C_MasterTransmit_TXE
                0x08008f46      0x1f0 CMakeFiles/DIM.dir/C_/Users/nosla/Downloads/monorepo/stm32f413-drivers/HAL/F4XX/Src/stm32f4xx_hal_i2c.c.obj
 .text.I2C_MasterTransmit_BTF
                0x08009136       0xec CMakeFiles/DIM.dir/C_/Users/nosla/Downloads/monorepo/stm32f413-drivers/HAL/F4XX/Src/stm32f4xx_hal_i2c.c.obj
 .text.I2C_MasterReceive_RXNE
                0x08009222      0x104 CMakeFiles/DIM.dir/C_/Users/nosla/Downloads/monorepo/stm32f413-drivers/HAL/F4XX/Src/stm32f4xx_hal_i2c.c.obj
 .text.I2C_MasterReceive_BTF
                0x08009326      0x1d4 CMakeFiles/DIM.dir/C_/Users/nosla/Downloads/monorepo/stm32f413-drivers/HAL/F4XX/Src/stm32f4xx_hal_i2c.c.obj
 .text.I2C_Master_SB
                0x080094fa       0xfc CMakeFiles/DIM.dir/C_/Users/nosla/Downloads/monorepo/stm32f413-drivers/HAL/F4XX/Src/stm32f4xx_hal_i2c.c.obj
 .text.I2C_Master_ADD10
                0x080095f6       0x54 CMakeFiles/DIM.dir/C_/Users/nosla/Downloads/monorepo/stm32f413-drivers/HAL/F4XX/Src/stm32f4xx_hal_i2c.c.obj
 .text.I2C_Master_ADDR
                0x0800964a      0x322 CMakeFiles/DIM.dir/C_/Users/nosla/Downloads/monorepo/stm32f413-drivers/HAL/F4XX/Src/stm32f4xx_hal_i2c.c.obj
 .text.I2C_SlaveTransmit_TXE
                0x0800996c       0x7a CMakeFiles/DIM.dir/C_/Users/nosla/Downloads/monorepo/stm32f413-drivers/HAL/F4XX/Src/stm32f4xx_hal_i2c.c.obj
 .text.I2C_SlaveTransmit_BTF
                0x080099e6       0x42 CMakeFiles/DIM.dir/C_/Users/nosla/Downloads/monorepo/stm32f413-drivers/HAL/F4XX/Src/stm32f4xx_hal_i2c.c.obj
 .text.I2C_SlaveReceive_RXNE
                0x08009a28       0x7c CMakeFiles/DIM.dir/C_/Users/nosla/Downloads/monorepo/stm32f413-drivers/HAL/F4XX/Src/stm32f4xx_hal_i2c.c.obj
 .text.I2C_SlaveReceive_BTF
                0x08009aa4       0x44 CMakeFiles/DIM.dir/C_/Users/nosla/Downloads/monorepo/stm32f413-drivers/HAL/F4XX/Src/stm32f4xx_hal_i2c.c.obj
 .text.I2C_Slave_ADDR
                0x08009ae8       0x84 CMakeFiles/DIM.dir/C_/Users/nosla/Downloads/monorepo/stm32f413-drivers/HAL/F4XX/Src/stm32f4xx_hal_i2c.c.obj
 .text.I2C_Slave_STOPF
                0x08009b6c      0x260 CMakeFiles/DIM.dir/C_/Users/nosla/Downloads/monorepo/stm32f413-drivers/HAL/F4XX/Src/stm32f4xx_hal_i2c.c.obj
 .text.I2C_Slave_AF
                0x08009dcc       0xe0 CMakeFiles/DIM.dir/C_/Users/nosla/Downloads/monorepo/stm32f413-drivers/HAL/F4XX/Src/stm32f4xx_hal_i2c.c.obj
 .text.I2C_ITError
                0x08009eac      0x230 CMakeFiles/DIM.dir/C_/Users/nosla/Downloads/monorepo/stm32f413-drivers/HAL/F4XX/Src/stm32f4xx_hal_i2c.c.obj
 .text.I2C_DMAAbort
                0x0800a0dc       0xde CMakeFiles/DIM.dir/C_/Users/nosla/Downloads/monorepo/stm32f413-drivers/HAL/F4XX/Src/stm32f4xx_hal_i2c.c.obj
 .text.I2C_ConvertOtherXferOptions
                0x0800a1ba       0x36 CMakeFiles/DIM.dir/C_/Users/nosla/Downloads/monorepo/stm32f413-drivers/HAL/F4XX/Src/stm32f4xx_hal_i2c.c.obj
 .text.HAL_QSPI_Init
                0x0800a1f0      0x114 CMakeFiles/DIM.dir/C_/Users/nosla/Downloads/monorepo/stm32f413-drivers/HAL/F4XX/Src/stm32f4xx_hal_qspi.c.obj
                0x0800a1f0                HAL_QSPI_Init
 .text.HAL_QSPI_MspInit
                0x0800a304       0x14 CMakeFiles/DIM.dir/C_/Users/nosla/Downloads/monorepo/stm32f413-drivers/HAL/F4XX/Src/stm32f4xx_hal_qspi.c.obj
                0x0800a304                HAL_QSPI_MspInit
 .text.HAL_QSPI_IRQHandler
                0x0800a318      0x378 CMakeFiles/DIM.dir/C_/Users/nosla/Downloads/monorepo/stm32f413-drivers/HAL/F4XX/Src/stm32f4xx_hal_qspi.c.obj
                0x0800a318                HAL_QSPI_IRQHandler
 .text.HAL_QSPI_Command
                0x0800a690       0xc0 CMakeFiles/DIM.dir/C_/Users/nosla/Downloads/monorepo/stm32f413-drivers/HAL/F4XX/Src/stm32f4xx_hal_qspi.c.obj
                0x0800a690                HAL_QSPI_Command
 .text.HAL_QSPI_Command_IT
                0x0800a750      0x108 CMakeFiles/DIM.dir/C_/Users/nosla/Downloads/monorepo/stm32f413-drivers/HAL/F4XX/Src/stm32f4xx_hal_qspi.c.obj
                0x0800a750                HAL_QSPI_Command_IT
 .text.HAL_QSPI_Transmit_DMA
                0x0800a858      0x1e4 CMakeFiles/DIM.dir/C_/Users/nosla/Downloads/monorepo/stm32f413-drivers/HAL/F4XX/Src/stm32f4xx_hal_qspi.c.obj
                0x0800a858                HAL_QSPI_Transmit_DMA
 .text.HAL_QSPI_Receive_DMA
                0x0800aa3c      0x1f8 CMakeFiles/DIM.dir/C_/Users/nosla/Downloads/monorepo/stm32f413-drivers/HAL/F4XX/Src/stm32f4xx_hal_qspi.c.obj
                0x0800aa3c                HAL_QSPI_Receive_DMA
 .text.HAL_QSPI_ErrorCallback
                0x0800ac34       0x14 CMakeFiles/DIM.dir/C_/Users/nosla/Downloads/monorepo/stm32f413-drivers/HAL/F4XX/Src/stm32f4xx_hal_qspi.c.obj
                0x0800ac34                HAL_QSPI_ErrorCallback
 .text.HAL_QSPI_AbortCpltCallback
                0x0800ac48       0x14 CMakeFiles/DIM.dir/C_/Users/nosla/Downloads/monorepo/stm32f413-drivers/HAL/F4XX/Src/stm32f4xx_hal_qspi.c.obj
                0x0800ac48                HAL_QSPI_AbortCpltCallback
 .text.HAL_QSPI_RxHalfCpltCallback
                0x0800ac5c       0x14 CMakeFiles/DIM.dir/C_/Users/nosla/Downloads/monorepo/stm32f413-drivers/HAL/F4XX/Src/stm32f4xx_hal_qspi.c.obj
                0x0800ac5c                HAL_QSPI_RxHalfCpltCallback
 .text.HAL_QSPI_TxHalfCpltCallback
                0x0800ac70       0x14 CMakeFiles/DIM.dir/C_/Users/nosla/Downloads/monorepo/stm32f413-drivers/HAL/F4XX/Src/stm32f4xx_hal_qspi.c.obj
                0x0800ac70                HAL_QSPI_TxHalfCpltCallback
 .text.HAL_QSPI_FifoThresholdCallback
                0x0800ac84       0x14 CMakeFiles/DIM.dir/C_/Users/nosla/Downloads/monorepo/stm32f413-drivers/HAL/F4XX/Src/stm32f4xx_hal_qspi.c.obj
                0x0800ac84                HAL_QSPI_FifoThresholdCallback
 .text.HAL_QSPI_StatusMatchCallback
                0x0800ac98       0x14 CMakeFiles/DIM.dir/C_/Users/nosla/Downloads/monorepo/stm32f413-drivers/HAL/F4XX/Src/stm32f4xx_hal_qspi.c.obj
                0x0800ac98                HAL_QSPI_StatusMatchCallback
 .text.HAL_QSPI_TimeOutCallback
                0x0800acac       0x14 CMakeFiles/DIM.dir/C_/Users/nosla/Downloads/monorepo/stm32f413-drivers/HAL/F4XX/Src/stm32f4xx_hal_qspi.c.obj
                0x0800acac                HAL_QSPI_TimeOutCallback
 .text.HAL_QSPI_Abort_IT
                0x0800acc0       0xb8 CMakeFiles/DIM.dir/C_/Users/nosla/Downloads/monorepo/stm32f413-drivers/HAL/F4XX/Src/stm32f4xx_hal_qspi.c.obj
                0x0800acc0                HAL_QSPI_Abort_IT
 .text.HAL_QSPI_SetTimeout
                0x0800ad78       0x1c CMakeFiles/DIM.dir/C_/Users/nosla/Downloads/monorepo/stm32f413-drivers/HAL/F4XX/Src/stm32f4xx_hal_qspi.c.obj
                0x0800ad78                HAL_QSPI_SetTimeout
 .text.QSPI_DMARxCplt
                0x0800ad94       0x30 CMakeFiles/DIM.dir/C_/Users/nosla/Downloads/monorepo/stm32f413-drivers/HAL/F4XX/Src/stm32f4xx_hal_qspi.c.obj
 .text.QSPI_DMATxCplt
                0x0800adc4       0x30 CMakeFiles/DIM.dir/C_/Users/nosla/Downloads/monorepo/stm32f413-drivers/HAL/F4XX/Src/stm32f4xx_hal_qspi.c.obj
 .text.QSPI_DMARxHalfCplt
                0x0800adf4       0x1c CMakeFiles/DIM.dir/C_/Users/nosla/Downloads/monorepo/stm32f413-drivers/HAL/F4XX/Src/stm32f4xx_hal_qspi.c.obj
 .text.QSPI_DMATxHalfCplt
                0x0800ae10       0x1c CMakeFiles/DIM.dir/C_/Users/nosla/Downloads/monorepo/stm32f413-drivers/HAL/F4XX/Src/stm32f4xx_hal_qspi.c.obj
 .text.QSPI_DMAError
                0x0800ae2c       0x50 CMakeFiles/DIM.dir/C_/Users/nosla/Downloads/monorepo/stm32f413-drivers/HAL/F4XX/Src/stm32f4xx_hal_qspi.c.obj
 .text.QSPI_DMAAbortCplt
                0x0800ae7c       0x66 CMakeFiles/DIM.dir/C_/Users/nosla/Downloads/monorepo/stm32f413-drivers/HAL/F4XX/Src/stm32f4xx_hal_qspi.c.obj
 .text.QSPI_WaitFlagStateUntilTimeout
                0x0800aee2       0x6e CMakeFiles/DIM.dir/C_/Users/nosla/Downloads/monorepo/stm32f413-drivers/HAL/F4XX/Src/stm32f4xx_hal_qspi.c.obj
 .text.QSPI_Config
                0x0800af50      0x30c CMakeFiles/DIM.dir/C_/Users/nosla/Downloads/monorepo/stm32f413-drivers/HAL/F4XX/Src/stm32f4xx_hal_qspi.c.obj
 .text.HAL_RCC_ClockConfig
                0x0800b25c      0x1c4 CMakeFiles/DIM.dir/C_/Users/nosla/Downloads/monorepo/stm32f413-drivers/HAL/F4XX/Src/stm32f4xx_hal_rcc.c.obj
                0x0800b25c                HAL_RCC_ClockConfig
 .text.HAL_RCC_GetSysClockFreq
                0x0800b420      0x18c CMakeFiles/DIM.dir/C_/Users/nosla/Downloads/monorepo/stm32f413-drivers/HAL/F4XX/Src/stm32f4xx_hal_rcc.c.obj
                0x0800b420                HAL_RCC_GetSysClockFreq
 .text.HAL_RCC_OscConfig
                0x0800b5ac      0x480 CMakeFiles/DIM.dir/C_/Users/nosla/Downloads/monorepo/stm32f413-drivers/HAL/F4XX/Src/stm32f4xx_hal_rcc_ex.c.obj
                0x0800b5ac                HAL_RCC_OscConfig
 .text.SystemInit
                0x0800ba2c       0x6c CMakeFiles/DIM.dir/C_/Users/nosla/Downloads/monorepo/stm32f413-drivers/CMSIS/system_stm32f4xx.c.obj
                0x0800ba2c                SystemInit
 .text.pxPortInitialiseStack
                0x0800ba98       0x68 stm32f413-drivers/FreeRTOS/libfreertos_kernel.a(port.c.obj)
                0x0800ba98                pxPortInitialiseStack
 .text.prvTaskExitError
                0x0800bb00       0x4c stm32f413-drivers/FreeRTOS/libfreertos_kernel.a(port.c.obj)
 *fill*         0x0800bb4c        0x4 
 .text.SVC_Handler
                0x0800bb50       0x28 stm32f413-drivers/FreeRTOS/libfreertos_kernel.a(port.c.obj)
                0x0800bb50                SVC_Handler
 .text.prvPortStartFirstTask
                0x0800bb78       0x2c stm32f413-drivers/FreeRTOS/libfreertos_kernel.a(port.c.obj)
 .text.xPortStartScheduler
                0x0800bba4      0x1a4 stm32f413-drivers/FreeRTOS/libfreertos_kernel.a(port.c.obj)
                0x0800bba4                xPortStartScheduler
 .text.vPortEnterCritical
                0x0800bd48       0x54 stm32f413-drivers/FreeRTOS/libfreertos_kernel.a(port.c.obj)
                0x0800bd48                vPortEnterCritical
 .text.vPortExitCritical
                0x0800bd9c       0x48 stm32f413-drivers/FreeRTOS/libfreertos_kernel.a(port.c.obj)
                0x0800bd9c                vPortExitCritical
 *fill*         0x0800bde4        0xc 
 .text.PendSV_Handler
                0x0800bdf0       0x68 stm32f413-drivers/FreeRTOS/libfreertos_kernel.a(port.c.obj)
                0x0800bdf0                PendSV_Handler
 .text.xPortSysTickHandler
                0x0800be58       0x44 stm32f413-drivers/FreeRTOS/libfreertos_kernel.a(port.c.obj)
                0x0800be58                xPortSysTickHandler
 .text.vPortSetupTimerInterrupt
                0x0800be9c       0x48 stm32f413-drivers/FreeRTOS/libfreertos_kernel.a(port.c.obj)
                0x0800be9c                vPortSetupTimerInterrupt
 .text.vPortEnableVFP
                0x0800bee4       0x18 stm32f413-drivers/FreeRTOS/libfreertos_kernel.a(port.c.obj)
 .text.vPortValidateInterruptPriority
                0x0800befc       0x6c stm32f413-drivers/FreeRTOS/libfreertos_kernel.a(port.c.obj)
                0x0800befc                vPortValidateInterruptPriority
 .text.xQueueGenericReset
                0x0800bf68      0x110 stm32f413-drivers/FreeRTOS/libfreertos_kernel.a(queue.c.obj)
                0x0800bf68                xQueueGenericReset
 .text.xQueueGenericCreateStatic
                0x0800c078       0x9c stm32f413-drivers/FreeRTOS/libfreertos_kernel.a(queue.c.obj)
                0x0800c078                xQueueGenericCreateStatic
 .text.prvInitialiseNewQueue
                0x0800c114       0x3e stm32f413-drivers/FreeRTOS/libfreertos_kernel.a(queue.c.obj)
 *fill*         0x0800c152        0x2 
 .text.xQueueCreateCountingSemaphoreStatic
                0x0800c154       0x5c stm32f413-drivers/FreeRTOS/libfreertos_kernel.a(queue.c.obj)
                0x0800c154                xQueueCreateCountingSemaphoreStatic
 .text.xQueueGiveFromISR
                0x0800c1b0      0x11c stm32f413-drivers/FreeRTOS/libfreertos_kernel.a(queue.c.obj)
                0x0800c1b0                xQueueGiveFromISR
 .text.xQueueSemaphoreTake
                0x0800c2cc      0x1d8 stm32f413-drivers/FreeRTOS/libfreertos_kernel.a(queue.c.obj)
                0x0800c2cc                xQueueSemaphoreTake
 .text.prvGetDisinheritPriorityAfterTimeout
                0x0800c4a4       0x30 stm32f413-drivers/FreeRTOS/libfreertos_kernel.a(queue.c.obj)
 .text.prvUnlockQueue
                0x0800c4d4       0xa4 stm32f413-drivers/FreeRTOS/libfreertos_kernel.a(queue.c.obj)
 .text.prvIsQueueEmpty
                0x0800c578       0x2c stm32f413-drivers/FreeRTOS/libfreertos_kernel.a(queue.c.obj)
 .text.prvCreateStaticTask
                0x0800c5a4       0x9c stm32f413-drivers/FreeRTOS/libfreertos_kernel.a(tasks.c.obj)
 .text.xTaskCreateStatic
                0x0800c640       0x48 stm32f413-drivers/FreeRTOS/libfreertos_kernel.a(tasks.c.obj)
                0x0800c640                xTaskCreateStatic
 .text.prvInitialiseNewTask
                0x0800c688       0xfc stm32f413-drivers/FreeRTOS/libfreertos_kernel.a(tasks.c.obj)
 .text.prvAddNewTaskToReadyList
                0x0800c784      0x128 stm32f413-drivers/FreeRTOS/libfreertos_kernel.a(tasks.c.obj)
 .text.xTaskDelayUntil
                0x0800c8ac       0xe4 stm32f413-drivers/FreeRTOS/libfreertos_kernel.a(tasks.c.obj)
                0x0800c8ac                xTaskDelayUntil
 .text.vTaskDelay
                0x0800c990       0x60 stm32f413-drivers/FreeRTOS/libfreertos_kernel.a(tasks.c.obj)
                0x0800c990                vTaskDelay
 .text.prvCreateIdleTasks
                0x0800c9f0       0xd0 stm32f413-drivers/FreeRTOS/libfreertos_kernel.a(tasks.c.obj)
 .text.vTaskStartScheduler
                0x0800cac0       0x74 stm32f413-drivers/FreeRTOS/libfreertos_kernel.a(tasks.c.obj)
                0x0800cac0                vTaskStartScheduler
 .text.vTaskSuspendAll
                0x0800cb34       0x1c stm32f413-drivers/FreeRTOS/libfreertos_kernel.a(tasks.c.obj)
                0x0800cb34                vTaskSuspendAll
 .text.xTaskResumeAll
                0x0800cb50      0x208 stm32f413-drivers/FreeRTOS/libfreertos_kernel.a(tasks.c.obj)
                0x0800cb50                xTaskResumeAll
 .text.xTaskGetTickCount
                0x0800cd58       0x20 stm32f413-drivers/FreeRTOS/libfreertos_kernel.a(tasks.c.obj)
                0x0800cd58                xTaskGetTickCount
 .text.xTaskGetTickCountFromISR
                0x0800cd78       0x24 stm32f413-drivers/FreeRTOS/libfreertos_kernel.a(tasks.c.obj)
                0x0800cd78                xTaskGetTickCountFromISR
 .text.uxTaskGetNumberOfTasks
                0x0800cd9c       0x18 stm32f413-drivers/FreeRTOS/libfreertos_kernel.a(tasks.c.obj)
                0x0800cd9c                uxTaskGetNumberOfTasks
 .text.xTaskIncrementTick
                0x0800cdb4      0x228 stm32f413-drivers/FreeRTOS/libfreertos_kernel.a(tasks.c.obj)
                0x0800cdb4                xTaskIncrementTick
 .text.vTaskSwitchContext
                0x0800cfdc       0xac stm32f413-drivers/FreeRTOS/libfreertos_kernel.a(tasks.c.obj)
                0x0800cfdc                vTaskSwitchContext
 .text.vTaskPlaceOnEventList
                0x0800d088       0x40 stm32f413-drivers/FreeRTOS/libfreertos_kernel.a(tasks.c.obj)
                0x0800d088                vTaskPlaceOnEventList
 .text.xTaskRemoveFromEventList
                0x0800d0c8      0x1a4 stm32f413-drivers/FreeRTOS/libfreertos_kernel.a(tasks.c.obj)
                0x0800d0c8                xTaskRemoveFromEventList
 .text.vTaskInternalSetTimeOutState
                0x0800d26c       0x2c stm32f413-drivers/FreeRTOS/libfreertos_kernel.a(tasks.c.obj)
                0x0800d26c                vTaskInternalSetTimeOutState
 .text.xTaskCheckForTimeOut
                0x0800d298       0xbc stm32f413-drivers/FreeRTOS/libfreertos_kernel.a(tasks.c.obj)
                0x0800d298                xTaskCheckForTimeOut
 .text.vTaskMissedYield
                0x0800d354       0x18 stm32f413-drivers/FreeRTOS/libfreertos_kernel.a(tasks.c.obj)
                0x0800d354                vTaskMissedYield
 .text.prvIdleTask
                0x0800d36c       0x30 stm32f413-drivers/FreeRTOS/libfreertos_kernel.a(tasks.c.obj)
 .text.prvInitialiseTaskLists
                0x0800d39c       0x74 stm32f413-drivers/FreeRTOS/libfreertos_kernel.a(tasks.c.obj)
 .text.prvCheckTasksWaitingTermination
                0x0800d410        0xe stm32f413-drivers/FreeRTOS/libfreertos_kernel.a(tasks.c.obj)
 *fill*         0x0800d41e        0x2 
 .text.prvResetNextTaskUnblockTime
                0x0800d420       0x38 stm32f413-drivers/FreeRTOS/libfreertos_kernel.a(tasks.c.obj)
 .text.xTaskGetSchedulerState
                0x0800d458       0x3c stm32f413-drivers/FreeRTOS/libfreertos_kernel.a(tasks.c.obj)
                0x0800d458                xTaskGetSchedulerState
 .text.xTaskPriorityInherit
                0x0800d494      0x140 stm32f413-drivers/FreeRTOS/libfreertos_kernel.a(tasks.c.obj)
                0x0800d494                xTaskPriorityInherit
 .text.vTaskPriorityDisinheritAfterTimeout
                0x0800d5d4      0x164 stm32f413-drivers/FreeRTOS/libfreertos_kernel.a(tasks.c.obj)
                0x0800d5d4                vTaskPriorityDisinheritAfterTimeout
 .text.pvTaskIncrementMutexHeldCount
                0x0800d738       0x30 stm32f413-drivers/FreeRTOS/libfreertos_kernel.a(tasks.c.obj)
                0x0800d738                pvTaskIncrementMutexHeldCount
 .text.prvAddCurrentTaskToDelayedList
                0x0800d768      0x104 stm32f413-drivers/FreeRTOS/libfreertos_kernel.a(tasks.c.obj)
 .text.vListInitialise
                0x0800d86c       0x40 stm32f413-drivers/FreeRTOS/libfreertos_kernel.a(list.c.obj)
                0x0800d86c                vListInitialise
 .text.vListInitialiseItem
                0x0800d8ac       0x1a stm32f413-drivers/FreeRTOS/libfreertos_kernel.a(list.c.obj)
                0x0800d8ac                vListInitialiseItem
 .text.vListInsert
                0x0800d8c6       0x72 stm32f413-drivers/FreeRTOS/libfreertos_kernel.a(list.c.obj)
                0x0800d8c6                vListInsert
 .text.uxListRemove
                0x0800d938       0x54 stm32f413-drivers/FreeRTOS/libfreertos_kernel.a(list.c.obj)
                0x0800d938                uxListRemove
 .text.snprintf
                0x0800d98c       0x68 C:/ST/STM32CubeCLT_1.16.0/GNU-tools-for-STM32/bin/../lib/gcc/arm-none-eabi/12.3.1/../../../../arm-none-eabi/lib/thumb/v7e-m+fp/hard\libc_nano.a(libc_a-snprintf.o)
                0x0800d98c                sniprintf
                0x0800d98c                snprintf
 .text.sprintf  0x0800d9f4       0x40 C:/ST/STM32CubeCLT_1.16.0/GNU-tools-for-STM32/bin/../lib/gcc/arm-none-eabi/12.3.1/../../../../arm-none-eabi/lib/thumb/v7e-m+fp/hard\libc_nano.a(libc_a-sprintf.o)
                0x0800d9f4                siprintf
                0x0800d9f4                sprintf