../osqp/src/osqp/auxil.c:13:9:compute_rho_estimate	88	static
../osqp/src/osqp/auxil.c:54:7:adapt_rho	48	static
../osqp/src/osqp/auxil.c:76:6:set_rho_vec	32	static
../osqp/src/osqp/auxil.c:100:7:update_rho_vec	48	static
../osqp/src/osqp/auxil.c:147:6:swap_vectors	24	static
../osqp/src/osqp/auxil.c:155:6:cold_start	16	static
../osqp/src/osqp/auxil.c:161:13:compute_rhs	40	static
../osqp/src/osqp/auxil.c:177:6:update_xz_tilde	16	static
../osqp/src/osqp/auxil.c:185:6:update_x	40	static
../osqp/src/osqp/auxil.c:200:6:update_z	32	static
../osqp/src/osqp/auxil.c:214:6:update_y	32	static
../osqp/src/osqp/auxil.c:227:9:compute_obj_val	32	static
../osqp/src/osqp/auxil.c:240:9:compute_pri_res	32	static
../osqp/src/osqp/auxil.c:256:9:compute_pri_tol	48	static
../osqp/src/osqp/auxil.c:287:9:compute_dua_res	56	static
../osqp/src/osqp/auxil.c:320:9:compute_dua_tol	48	static
../osqp/src/osqp/auxil.c:361:7:is_primal_infeasible	96	static
../osqp/src/osqp/auxil.c:426:7:is_dual_infeasible	80	static
../osqp/src/osqp/auxil.c:514:7:has_solution	24	static
../osqp/src/osqp/auxil.c:524:6:store_solution	16	static
../osqp/src/osqp/auxil.c:564:6:update_info	48	static
../osqp/src/osqp/auxil.c:632:6:reset_info	16	static
../osqp/src/osqp/auxil.c:651:6:update_status	24	static
../osqp/src/osqp/auxil.c:681:7:check_termination	128	static
