queue.c:279:12:xQueueGenericReset	16	static
queue.c:334:16:xQueueGenericCreateStatic	16	static
queue.c:669:16:xQueueCreateCountingSemaphoreStatic	24	static
queue.c:723:12:xQueueGenericSend	56	static
queue.c:522:16:xQueueCreateMutexStatic	24	static
queue.c:921:12:xQueueGenericSendFromISR	40	static
queue.c:1072:12:xQueueGiveFromISR	16	static
queue.c:1237:12:xQueueGenericReceive	56	static
queue.c:1434:12:xQueueReceiveFromISR	32	static
queue.c:1525:12:xQueuePeekFromISR	24	static
queue.c:1579:13:uxQueueMessagesWaiting	8	static
queue.c:1595:13:uxQueueSpacesAvailable	16	static
queue.c:1613:13:uxQueueMessagesWaitingFromISR	0	static
queue.c:1625:6:vQueueDelete	0	static
queue.c:1935:12:xQueueIsQueueEmptyFromISR	0	static
queue.c:1974:12:xQueueIsQueueFullFromISR	0	static
queue.c:2269:7:vQueueAddToRegistry	4	static
queue.c:2298:14:pcQueueGetName	0	static
queue.c:2326:7:vQueueUnregisterQueue	0	static
